<?xml version="1.0" encoding="ISO-8859-1" ?>
<link_info>
   <banner>TI ARM Linker PC v20.2.7.LTS</banner>
   <copyright>Copyright (c) 1996-2018 Texas Instruments Incorporated</copyright>
   <link_time>0x66a23f33</link_time>
   <link_errors>0x0</link_errors>
   <output_file>Mongoose_ethernet_4.out</output_file>
   <entry_point>
      <name>_c_int00_noargs</name>
      <address>0x159b5</address>
   </entry_point>
   <input_file_list>
      <input_file id="fl-2">
         <path>.\</path>
         <kind>object</kind>
         <file>main.obj</file>
         <name>main.obj</name>
      </input_file>
      <input_file id="fl-3">
         <path>.\</path>
         <kind>object</kind>
         <file>tm4c129encpdt_startup_ccs.obj</file>
         <name>tm4c129encpdt_startup_ccs.obj</name>
      </input_file>
      <input_file id="fl-4">
         <path>.\mongoose\</path>
         <kind>object</kind>
         <file>mongoose.obj</file>
         <name>mongoose.obj</name>
      </input_file>
      <input_file id="fl-5">
         <path>.\mongoose\</path>
         <kind>object</kind>
         <file>packed_fs.obj</file>
         <name>packed_fs.obj</name>
      </input_file>
      <input_file id="fl-a">
         <kind>object</kind>
         <file>&lt;internal&gt;</file>
         <name>&lt;internal&gt;</name>
      </input_file>
      <input_file id="fl-b">
         <path>..\</path>
         <kind>archive</kind>
         <file>driverlib.lib</file>
         <name>emac.obj</name>
      </input_file>
      <input_file id="fl-c">
         <path>..\</path>
         <kind>archive</kind>
         <file>driverlib.lib</file>
         <name>flash.obj</name>
      </input_file>
      <input_file id="fl-d">
         <path>..\</path>
         <kind>archive</kind>
         <file>driverlib.lib</file>
         <name>gpio.obj</name>
      </input_file>
      <input_file id="fl-e">
         <path>..\</path>
         <kind>archive</kind>
         <file>driverlib.lib</file>
         <name>interrupt.obj</name>
      </input_file>
      <input_file id="fl-f">
         <path>..\</path>
         <kind>archive</kind>
         <file>driverlib.lib</file>
         <name>sw_crc.obj</name>
      </input_file>
      <input_file id="fl-10">
         <path>..\</path>
         <kind>archive</kind>
         <file>driverlib.lib</file>
         <name>sysctl.obj</name>
      </input_file>
      <input_file id="fl-11">
         <path>..\</path>
         <kind>archive</kind>
         <file>driverlib.lib</file>
         <name>uart.obj</name>
      </input_file>
      <input_file id="fl-12">
         <path>..\</path>
         <kind>archive</kind>
         <file>driverlib.lib</file>
         <name>cpu.obj</name>
      </input_file>
      <input_file id="fl-c8">
         <path>C:\ti\ccs1271\ccs\tools\compiler\ti-cgt-arm_20.2.7.LTS\lib\</path>
         <kind>archive</kind>
         <file>rtsv7M4_T_le_v4SPD16_eabi.lib</file>
         <name>sscanf.c.obj</name>
      </input_file>
      <input_file id="fl-c9">
         <path>C:\ti\ccs1271\ccs\tools\compiler\ti-cgt-arm_20.2.7.LTS\lib\</path>
         <kind>archive</kind>
         <file>rtsv7M4_T_le_v4SPD16_eabi.lib</file>
         <name>fclose.c.obj</name>
      </input_file>
      <input_file id="fl-ca">
         <path>C:\ti\ccs1271\ccs\tools\compiler\ti-cgt-arm_20.2.7.LTS\lib\</path>
         <kind>archive</kind>
         <file>rtsv7M4_T_le_v4SPD16_eabi.lib</file>
         <name>fflush.c.obj</name>
      </input_file>
      <input_file id="fl-cb">
         <path>C:\ti\ccs1271\ccs\tools\compiler\ti-cgt-arm_20.2.7.LTS\lib\</path>
         <kind>archive</kind>
         <file>rtsv7M4_T_le_v4SPD16_eabi.lib</file>
         <name>fopen.c.obj</name>
      </input_file>
      <input_file id="fl-cc">
         <path>C:\ti\ccs1271\ccs\tools\compiler\ti-cgt-arm_20.2.7.LTS\lib\</path>
         <kind>archive</kind>
         <file>rtsv7M4_T_le_v4SPD16_eabi.lib</file>
         <name>fputc.c.obj</name>
      </input_file>
      <input_file id="fl-cd">
         <path>C:\ti\ccs1271\ccs\tools\compiler\ti-cgt-arm_20.2.7.LTS\lib\</path>
         <kind>archive</kind>
         <file>rtsv7M4_T_le_v4SPD16_eabi.lib</file>
         <name>fread.c.obj</name>
      </input_file>
      <input_file id="fl-ce">
         <path>C:\ti\ccs1271\ccs\tools\compiler\ti-cgt-arm_20.2.7.LTS\lib\</path>
         <kind>archive</kind>
         <file>rtsv7M4_T_le_v4SPD16_eabi.lib</file>
         <name>fseek.c.obj</name>
      </input_file>
      <input_file id="fl-cf">
         <path>C:\ti\ccs1271\ccs\tools\compiler\ti-cgt-arm_20.2.7.LTS\lib\</path>
         <kind>archive</kind>
         <file>rtsv7M4_T_le_v4SPD16_eabi.lib</file>
         <name>ftell.c.obj</name>
      </input_file>
      <input_file id="fl-d0">
         <path>C:\ti\ccs1271\ccs\tools\compiler\ti-cgt-arm_20.2.7.LTS\lib\</path>
         <kind>archive</kind>
         <file>rtsv7M4_T_le_v4SPD16_eabi.lib</file>
         <name>fwrite.c.obj</name>
      </input_file>
      <input_file id="fl-d1">
         <path>C:\ti\ccs1271\ccs\tools\compiler\ti-cgt-arm_20.2.7.LTS\lib\</path>
         <kind>archive</kind>
         <file>rtsv7M4_T_le_v4SPD16_eabi.lib</file>
         <name>_bufread.c.obj</name>
      </input_file>
      <input_file id="fl-d2">
         <path>C:\ti\ccs1271\ccs\tools\compiler\ti-cgt-arm_20.2.7.LTS\lib\</path>
         <kind>archive</kind>
         <file>rtsv7M4_T_le_v4SPD16_eabi.lib</file>
         <name>_io_perm.c.obj</name>
      </input_file>
      <input_file id="fl-d3">
         <path>C:\ti\ccs1271\ccs\tools\compiler\ti-cgt-arm_20.2.7.LTS\lib\</path>
         <kind>archive</kind>
         <file>rtsv7M4_T_le_v4SPD16_eabi.lib</file>
         <name>setvbuf.c.obj</name>
      </input_file>
      <input_file id="fl-d4">
         <path>C:\ti\ccs1271\ccs\tools\compiler\ti-cgt-arm_20.2.7.LTS\lib\</path>
         <kind>archive</kind>
         <file>rtsv7M4_T_le_v4SPD16_eabi.lib</file>
         <name>fd_add_t2.asm.obj</name>
      </input_file>
      <input_file id="fl-d5">
         <path>C:\ti\ccs1271\ccs\tools\compiler\ti-cgt-arm_20.2.7.LTS\lib\</path>
         <kind>archive</kind>
         <file>rtsv7M4_T_le_v4SPD16_eabi.lib</file>
         <name>fd_cmp_t2.asm.obj</name>
      </input_file>
      <input_file id="fl-d6">
         <path>C:\ti\ccs1271\ccs\tools\compiler\ti-cgt-arm_20.2.7.LTS\lib\</path>
         <kind>archive</kind>
         <file>rtsv7M4_T_le_v4SPD16_eabi.lib</file>
         <name>fd_div_t2.asm.obj</name>
      </input_file>
      <input_file id="fl-d7">
         <path>C:\ti\ccs1271\ccs\tools\compiler\ti-cgt-arm_20.2.7.LTS\lib\</path>
         <kind>archive</kind>
         <file>rtsv7M4_T_le_v4SPD16_eabi.lib</file>
         <name>fd_mul_t2.asm.obj</name>
      </input_file>
      <input_file id="fl-d8">
         <path>C:\ti\ccs1271\ccs\tools\compiler\ti-cgt-arm_20.2.7.LTS\lib\</path>
         <kind>archive</kind>
         <file>rtsv7M4_T_le_v4SPD16_eabi.lib</file>
         <name>fd_toi_t2.asm.obj</name>
      </input_file>
      <input_file id="fl-d9">
         <path>C:\ti\ccs1271\ccs\tools\compiler\ti-cgt-arm_20.2.7.LTS\lib\</path>
         <kind>archive</kind>
         <file>rtsv7M4_T_le_v4SPD16_eabi.lib</file>
         <name>fd_toll_t2.asm.obj</name>
      </input_file>
      <input_file id="fl-da">
         <path>C:\ti\ccs1271\ccs\tools\compiler\ti-cgt-arm_20.2.7.LTS\lib\</path>
         <kind>archive</kind>
         <file>rtsv7M4_T_le_v4SPD16_eabi.lib</file>
         <name>fd_tou_t2.asm.obj</name>
      </input_file>
      <input_file id="fl-db">
         <path>C:\ti\ccs1271\ccs\tools\compiler\ti-cgt-arm_20.2.7.LTS\lib\</path>
         <kind>archive</kind>
         <file>rtsv7M4_T_le_v4SPD16_eabi.lib</file>
         <name>i_tofd_t2.asm.obj</name>
      </input_file>
      <input_file id="fl-dc">
         <path>C:\ti\ccs1271\ccs\tools\compiler\ti-cgt-arm_20.2.7.LTS\lib\</path>
         <kind>archive</kind>
         <file>rtsv7M4_T_le_v4SPD16_eabi.lib</file>
         <name>ll_tofd_t2.asm.obj</name>
      </input_file>
      <input_file id="fl-dd">
         <path>C:\ti\ccs1271\ccs\tools\compiler\ti-cgt-arm_20.2.7.LTS\lib\</path>
         <kind>archive</kind>
         <file>rtsv7M4_T_le_v4SPD16_eabi.lib</file>
         <name>memcpy_t2.asm.obj</name>
      </input_file>
      <input_file id="fl-de">
         <path>C:\ti\ccs1271\ccs\tools\compiler\ti-cgt-arm_20.2.7.LTS\lib\</path>
         <kind>archive</kind>
         <file>rtsv7M4_T_le_v4SPD16_eabi.lib</file>
         <name>u_tofd_t2.asm.obj</name>
      </input_file>
      <input_file id="fl-df">
         <path>C:\ti\ccs1271\ccs\tools\compiler\ti-cgt-arm_20.2.7.LTS\lib\</path>
         <kind>archive</kind>
         <file>rtsv7M4_T_le_v4SPD16_eabi.lib</file>
         <name>memset_t2.asm.obj</name>
      </input_file>
      <input_file id="fl-e0">
         <path>C:\ti\ccs1271\ccs\tools\compiler\ti-cgt-arm_20.2.7.LTS\lib\</path>
         <kind>archive</kind>
         <file>rtsv7M4_T_le_v4SPD16_eabi.lib</file>
         <name>ll_div_t2.asm.obj</name>
      </input_file>
      <input_file id="fl-e1">
         <path>C:\ti\ccs1271\ccs\tools\compiler\ti-cgt-arm_20.2.7.LTS\lib\</path>
         <kind>archive</kind>
         <file>rtsv7M4_T_le_v4SPD16_eabi.lib</file>
         <name>ull_div_t2.asm.obj</name>
      </input_file>
      <input_file id="fl-e2">
         <path>C:\ti\ccs1271\ccs\tools\compiler\ti-cgt-arm_20.2.7.LTS\lib\</path>
         <kind>archive</kind>
         <file>rtsv7M4_T_le_v4SPD16_eabi.lib</file>
         <name>copy_zero_init.c.obj</name>
      </input_file>
      <input_file id="fl-e3">
         <path>C:\ti\ccs1271\ccs\tools\compiler\ti-cgt-arm_20.2.7.LTS\lib\</path>
         <kind>archive</kind>
         <file>rtsv7M4_T_le_v4SPD16_eabi.lib</file>
         <name>copy_decompress_none.c.obj</name>
      </input_file>
      <input_file id="fl-e4">
         <path>C:\ti\ccs1271\ccs\tools\compiler\ti-cgt-arm_20.2.7.LTS\lib\</path>
         <kind>archive</kind>
         <file>rtsv7M4_T_le_v4SPD16_eabi.lib</file>
         <name>copy_decompress_lzss.c.obj</name>
      </input_file>
      <input_file id="fl-e5">
         <path>C:\ti\ccs1271\ccs\tools\compiler\ti-cgt-arm_20.2.7.LTS\lib\</path>
         <kind>archive</kind>
         <file>rtsv7M4_T_le_v4SPD16_eabi.lib</file>
         <name>exit.c.obj</name>
      </input_file>
      <input_file id="fl-e6">
         <path>C:\ti\ccs1271\ccs\tools\compiler\ti-cgt-arm_20.2.7.LTS\lib\</path>
         <kind>archive</kind>
         <file>rtsv7M4_T_le_v4SPD16_eabi.lib</file>
         <name>_lock.c.obj</name>
      </input_file>
      <input_file id="fl-e7">
         <path>C:\ti\ccs1271\ccs\tools\compiler\ti-cgt-arm_20.2.7.LTS\lib\</path>
         <kind>archive</kind>
         <file>rtsv7M4_T_le_v4SPD16_eabi.lib</file>
         <name>atoi.c.obj</name>
      </input_file>
      <input_file id="fl-e8">
         <path>C:\ti\ccs1271\ccs\tools\compiler\ti-cgt-arm_20.2.7.LTS\lib\</path>
         <kind>archive</kind>
         <file>rtsv7M4_T_le_v4SPD16_eabi.lib</file>
         <name>ctype.c.obj</name>
      </input_file>
      <input_file id="fl-e9">
         <path>C:\ti\ccs1271\ccs\tools\compiler\ti-cgt-arm_20.2.7.LTS\lib\</path>
         <kind>archive</kind>
         <file>rtsv7M4_T_le_v4SPD16_eabi.lib</file>
         <name>defs.c.obj</name>
      </input_file>
      <input_file id="fl-ea">
         <path>C:\ti\ccs1271\ccs\tools\compiler\ti-cgt-arm_20.2.7.LTS\lib\</path>
         <kind>archive</kind>
         <file>rtsv7M4_T_le_v4SPD16_eabi.lib</file>
         <name>memchr.c.obj</name>
      </input_file>
      <input_file id="fl-eb">
         <path>C:\ti\ccs1271\ccs\tools\compiler\ti-cgt-arm_20.2.7.LTS\lib\</path>
         <kind>archive</kind>
         <file>rtsv7M4_T_le_v4SPD16_eabi.lib</file>
         <name>memcmp.c.obj</name>
      </input_file>
      <input_file id="fl-ec">
         <path>C:\ti\ccs1271\ccs\tools\compiler\ti-cgt-arm_20.2.7.LTS\lib\</path>
         <kind>archive</kind>
         <file>rtsv7M4_T_le_v4SPD16_eabi.lib</file>
         <name>memmov.c.obj</name>
      </input_file>
      <input_file id="fl-ed">
         <path>C:\ti\ccs1271\ccs\tools\compiler\ti-cgt-arm_20.2.7.LTS\lib\</path>
         <kind>archive</kind>
         <file>rtsv7M4_T_le_v4SPD16_eabi.lib</file>
         <name>memory.c.obj</name>
      </input_file>
      <input_file id="fl-ee">
         <path>C:\ti\ccs1271\ccs\tools\compiler\ti-cgt-arm_20.2.7.LTS\lib\</path>
         <kind>archive</kind>
         <file>rtsv7M4_T_le_v4SPD16_eabi.lib</file>
         <name>rand.c.obj</name>
      </input_file>
      <input_file id="fl-ef">
         <path>C:\ti\ccs1271\ccs\tools\compiler\ti-cgt-arm_20.2.7.LTS\lib\</path>
         <kind>archive</kind>
         <file>rtsv7M4_T_le_v4SPD16_eabi.lib</file>
         <name>strchr.c.obj</name>
      </input_file>
      <input_file id="fl-f0">
         <path>C:\ti\ccs1271\ccs\tools\compiler\ti-cgt-arm_20.2.7.LTS\lib\</path>
         <kind>archive</kind>
         <file>rtsv7M4_T_le_v4SPD16_eabi.lib</file>
         <name>strcmp.c.obj</name>
      </input_file>
      <input_file id="fl-f1">
         <path>C:\ti\ccs1271\ccs\tools\compiler\ti-cgt-arm_20.2.7.LTS\lib\</path>
         <kind>archive</kind>
         <file>rtsv7M4_T_le_v4SPD16_eabi.lib</file>
         <name>strcpy.c.obj</name>
      </input_file>
      <input_file id="fl-f2">
         <path>C:\ti\ccs1271\ccs\tools\compiler\ti-cgt-arm_20.2.7.LTS\lib\</path>
         <kind>archive</kind>
         <file>rtsv7M4_T_le_v4SPD16_eabi.lib</file>
         <name>strlen.c.obj</name>
      </input_file>
      <input_file id="fl-f3">
         <path>C:\ti\ccs1271\ccs\tools\compiler\ti-cgt-arm_20.2.7.LTS\lib\</path>
         <kind>archive</kind>
         <file>rtsv7M4_T_le_v4SPD16_eabi.lib</file>
         <name>strncmp.c.obj</name>
      </input_file>
      <input_file id="fl-f4">
         <path>C:\ti\ccs1271\ccs\tools\compiler\ti-cgt-arm_20.2.7.LTS\lib\</path>
         <kind>archive</kind>
         <file>rtsv7M4_T_le_v4SPD16_eabi.lib</file>
         <name>strrchr.c.obj</name>
      </input_file>
      <input_file id="fl-f5">
         <path>C:\ti\ccs1271\ccs\tools\compiler\ti-cgt-arm_20.2.7.LTS\lib\</path>
         <kind>archive</kind>
         <file>rtsv7M4_T_le_v4SPD16_eabi.lib</file>
         <name>strstr.c.obj</name>
      </input_file>
      <input_file id="fl-f6">
         <path>C:\ti\ccs1271\ccs\tools\compiler\ti-cgt-arm_20.2.7.LTS\lib\</path>
         <kind>archive</kind>
         <file>rtsv7M4_T_le_v4SPD16_eabi.lib</file>
         <name>strtol.c.obj</name>
      </input_file>
      <input_file id="fl-f7">
         <path>C:\ti\ccs1271\ccs\tools\compiler\ti-cgt-arm_20.2.7.LTS\lib\</path>
         <kind>archive</kind>
         <file>rtsv7M4_T_le_v4SPD16_eabi.lib</file>
         <name>boot_cortex_m.c.obj</name>
      </input_file>
      <input_file id="fl-f8">
         <path>C:\ti\ccs1271\ccs\tools\compiler\ti-cgt-arm_20.2.7.LTS\lib\</path>
         <kind>archive</kind>
         <file>rtsv7M4_T_le_v4SPD16_eabi.lib</file>
         <name>write.c.obj</name>
      </input_file>
      <input_file id="fl-f9">
         <path>C:\ti\ccs1271\ccs\tools\compiler\ti-cgt-arm_20.2.7.LTS\lib\</path>
         <kind>archive</kind>
         <file>rtsv7M4_T_le_v4SPD16_eabi.lib</file>
         <name>host_device.c.obj</name>
      </input_file>
      <input_file id="fl-fa">
         <path>C:\ti\ccs1271\ccs\tools\compiler\ti-cgt-arm_20.2.7.LTS\lib\</path>
         <kind>archive</kind>
         <file>rtsv7M4_T_le_v4SPD16_eabi.lib</file>
         <name>rename.c.obj</name>
      </input_file>
      <input_file id="fl-fb">
         <path>C:\ti\ccs1271\ccs\tools\compiler\ti-cgt-arm_20.2.7.LTS\lib\</path>
         <kind>archive</kind>
         <file>rtsv7M4_T_le_v4SPD16_eabi.lib</file>
         <name>remove.c.obj</name>
      </input_file>
      <input_file id="fl-fc">
         <path>C:\ti\ccs1271\ccs\tools\compiler\ti-cgt-arm_20.2.7.LTS\lib\</path>
         <kind>archive</kind>
         <file>rtsv7M4_T_le_v4SPD16_eabi.lib</file>
         <name>read.c.obj</name>
      </input_file>
      <input_file id="fl-fd">
         <path>C:\ti\ccs1271\ccs\tools\compiler\ti-cgt-arm_20.2.7.LTS\lib\</path>
         <kind>archive</kind>
         <file>rtsv7M4_T_le_v4SPD16_eabi.lib</file>
         <name>open.c.obj</name>
      </input_file>
      <input_file id="fl-fe">
         <path>C:\ti\ccs1271\ccs\tools\compiler\ti-cgt-arm_20.2.7.LTS\lib\</path>
         <kind>archive</kind>
         <file>rtsv7M4_T_le_v4SPD16_eabi.lib</file>
         <name>lseek.c.obj</name>
      </input_file>
      <input_file id="fl-ff">
         <path>C:\ti\ccs1271\ccs\tools\compiler\ti-cgt-arm_20.2.7.LTS\lib\</path>
         <kind>archive</kind>
         <file>rtsv7M4_T_le_v4SPD16_eabi.lib</file>
         <name>close.c.obj</name>
      </input_file>
      <input_file id="fl-100">
         <path>C:\ti\ccs1271\ccs\tools\compiler\ti-cgt-arm_20.2.7.LTS\lib\</path>
         <kind>archive</kind>
         <file>rtsv7M4_T_le_v4SPD16_eabi.lib</file>
         <name>errno.c.obj</name>
      </input_file>
      <input_file id="fl-101">
         <path>C:\ti\ccs1271\ccs\tools\compiler\ti-cgt-arm_20.2.7.LTS\lib\</path>
         <kind>archive</kind>
         <file>rtsv7M4_T_le_v4SPD16_eabi.lib</file>
         <name>_scanfi.c.obj</name>
      </input_file>
      <input_file id="fl-102">
         <path>C:\ti\ccs1271\ccs\tools\compiler\ti-cgt-arm_20.2.7.LTS\lib\</path>
         <kind>archive</kind>
         <file>rtsv7M4_T_le_v4SPD16_eabi.lib</file>
         <name>getdevice.c.obj</name>
      </input_file>
      <input_file id="fl-103">
         <path>C:\ti\ccs1271\ccs\tools\compiler\ti-cgt-arm_20.2.7.LTS\lib\</path>
         <kind>archive</kind>
         <file>rtsv7M4_T_le_v4SPD16_eabi.lib</file>
         <name>div0.asm.obj</name>
      </input_file>
      <input_file id="fl-104">
         <path>C:\ti\ccs1271\ccs\tools\compiler\ti-cgt-arm_20.2.7.LTS\lib\</path>
         <kind>archive</kind>
         <file>rtsv7M4_T_le_v4SPD16_eabi.lib</file>
         <name>fd_tos_t2.asm.obj</name>
      </input_file>
      <input_file id="fl-105">
         <path>C:\ti\ccs1271\ccs\tools\compiler\ti-cgt-arm_20.2.7.LTS\lib\</path>
         <kind>archive</kind>
         <file>rtsv7M4_T_le_v4SPD16_eabi.lib</file>
         <name>autoinit.c.obj</name>
      </input_file>
      <input_file id="fl-106">
         <path>C:\ti\ccs1271\ccs\tools\compiler\ti-cgt-arm_20.2.7.LTS\lib\</path>
         <kind>archive</kind>
         <file>rtsv7M4_T_le_v4SPD16_eabi.lib</file>
         <name>pre_init.c.obj</name>
      </input_file>
      <input_file id="fl-107">
         <path>C:\ti\ccs1271\ccs\tools\compiler\ti-cgt-arm_20.2.7.LTS\lib\</path>
         <kind>archive</kind>
         <file>rtsv7M4_T_le_v4SPD16_eabi.lib</file>
         <name>cpy_tbl.c.obj</name>
      </input_file>
      <input_file id="fl-108">
         <path>C:\ti\ccs1271\ccs\tools\compiler\ti-cgt-arm_20.2.7.LTS\lib\</path>
         <kind>archive</kind>
         <file>rtsv7M4_T_le_v4SPD16_eabi.lib</file>
         <name>args_main.c.obj</name>
      </input_file>
      <input_file id="fl-109">
         <path>C:\ti\ccs1271\ccs\tools\compiler\ti-cgt-arm_20.2.7.LTS\lib\</path>
         <kind>archive</kind>
         <file>rtsv7M4_T_le_v4SPD16_eabi.lib</file>
         <name>strncpy.c.obj</name>
      </input_file>
      <input_file id="fl-10a">
         <path>C:\ti\ccs1271\ccs\tools\compiler\ti-cgt-arm_20.2.7.LTS\lib\</path>
         <kind>archive</kind>
         <file>rtsv7M4_T_le_v4SPD16_eabi.lib</file>
         <name>strtod.c.obj</name>
      </input_file>
      <input_file id="fl-10b">
         <path>C:\ti\ccs1271\ccs\tools\compiler\ti-cgt-arm_20.2.7.LTS\lib\</path>
         <kind>archive</kind>
         <file>rtsv7M4_T_le_v4SPD16_eabi.lib</file>
         <name>strtoll.c.obj</name>
      </input_file>
      <input_file id="fl-10c">
         <path>C:\ti\ccs1271\ccs\tools\compiler\ti-cgt-arm_20.2.7.LTS\lib\</path>
         <kind>archive</kind>
         <file>rtsv7M4_T_le_v4SPD16_eabi.lib</file>
         <name>strtoul.c.obj</name>
      </input_file>
      <input_file id="fl-10d">
         <path>C:\ti\ccs1271\ccs\tools\compiler\ti-cgt-arm_20.2.7.LTS\lib\</path>
         <kind>archive</kind>
         <file>rtsv7M4_T_le_v4SPD16_eabi.lib</file>
         <name>strtoull.c.obj</name>
      </input_file>
      <input_file id="fl-10e">
         <path>C:\ti\ccs1271\ccs\tools\compiler\ti-cgt-arm_20.2.7.LTS\lib\</path>
         <kind>archive</kind>
         <file>rtsv7M4_T_le_v4SPD16_eabi.lib</file>
         <name>unlink.c.obj</name>
      </input_file>
      <input_file id="fl-10f">
         <path>C:\ti\ccs1271\ccs\tools\compiler\ti-cgt-arm_20.2.7.LTS\lib\</path>
         <kind>archive</kind>
         <file>rtsv7M4_T_le_v4SPD16_eabi.lib</file>
         <name>hostclose.c.obj</name>
      </input_file>
      <input_file id="fl-110">
         <path>C:\ti\ccs1271\ccs\tools\compiler\ti-cgt-arm_20.2.7.LTS\lib\</path>
         <kind>archive</kind>
         <file>rtsv7M4_T_le_v4SPD16_eabi.lib</file>
         <name>hostlseek.c.obj</name>
      </input_file>
      <input_file id="fl-111">
         <path>C:\ti\ccs1271\ccs\tools\compiler\ti-cgt-arm_20.2.7.LTS\lib\</path>
         <kind>archive</kind>
         <file>rtsv7M4_T_le_v4SPD16_eabi.lib</file>
         <name>hostopen.c.obj</name>
      </input_file>
      <input_file id="fl-112">
         <path>C:\ti\ccs1271\ccs\tools\compiler\ti-cgt-arm_20.2.7.LTS\lib\</path>
         <kind>archive</kind>
         <file>rtsv7M4_T_le_v4SPD16_eabi.lib</file>
         <name>hostread.c.obj</name>
      </input_file>
      <input_file id="fl-113">
         <path>C:\ti\ccs1271\ccs\tools\compiler\ti-cgt-arm_20.2.7.LTS\lib\</path>
         <kind>archive</kind>
         <file>rtsv7M4_T_le_v4SPD16_eabi.lib</file>
         <name>hostrename.c.obj</name>
      </input_file>
      <input_file id="fl-114">
         <path>C:\ti\ccs1271\ccs\tools\compiler\ti-cgt-arm_20.2.7.LTS\lib\</path>
         <kind>archive</kind>
         <file>rtsv7M4_T_le_v4SPD16_eabi.lib</file>
         <name>hostunlink.c.obj</name>
      </input_file>
      <input_file id="fl-115">
         <path>C:\ti\ccs1271\ccs\tools\compiler\ti-cgt-arm_20.2.7.LTS\lib\</path>
         <kind>archive</kind>
         <file>rtsv7M4_T_le_v4SPD16_eabi.lib</file>
         <name>hostwrite.c.obj</name>
      </input_file>
      <input_file id="fl-116">
         <path>C:\ti\ccs1271\ccs\tools\compiler\ti-cgt-arm_20.2.7.LTS\lib\</path>
         <kind>archive</kind>
         <file>rtsv7M4_T_le_v4SPD16_eabi.lib</file>
         <name>trgmsg.c.obj</name>
      </input_file>
      <input_file id="fl-117">
         <path>C:\ti\ccs1271\ccs\tools\compiler\ti-cgt-arm_20.2.7.LTS\lib\</path>
         <kind>archive</kind>
         <file>rtsv7M4_T_le_v4SPD16_eabi.lib</file>
         <name>s_scalbn.c.obj</name>
      </input_file>
      <input_file id="fl-118">
         <path>C:\ti\ccs1271\ccs\tools\compiler\ti-cgt-arm_20.2.7.LTS\lib\</path>
         <kind>archive</kind>
         <file>rtsv7M4_T_le_v4SPD16_eabi.lib</file>
         <name>ll_mul_t2.asm.obj</name>
      </input_file>
      <input_file id="fl-119">
         <path>C:\ti\ccs1271\ccs\tools\compiler\ti-cgt-arm_20.2.7.LTS\lib\</path>
         <kind>archive</kind>
         <file>rtsv7M4_T_le_v4SPD16_eabi.lib</file>
         <name>s_copysign.c.obj</name>
      </input_file>
   </input_file_list>
   <object_component_list>
      <object_component id="oc-12">
         <name>.intvecs</name>
         <load_address>0x0</load_address>
         <run_address>0x0</run_address>
         <size>0x208</size>
         <input_file_ref idref="fl-3"/>
      </object_component>
      <object_component id="oc-30">
         <name>.text</name>
         <load_address>0x208</load_address>
         <run_address>0x208</run_address>
         <size>0x11b84</size>
         <input_file_ref idref="fl-4"/>
      </object_component>
      <object_component id="oc-3ff">
         <name>.text:__TI_scanfi</name>
         <load_address>0x11d8c</load_address>
         <run_address>0x11d8c</run_address>
         <size>0xb14</size>
         <input_file_ref idref="fl-101"/>
      </object_component>
      <object_component id="oc-91">
         <name>.text</name>
         <load_address>0x128a0</load_address>
         <run_address>0x128a0</run_address>
         <size>0x524</size>
         <input_file_ref idref="fl-2"/>
      </object_component>
      <object_component id="oc-5af">
         <name>.text:strtod</name>
         <load_address>0x12dc4</load_address>
         <run_address>0x12dc4</run_address>
         <size>0x460</size>
         <input_file_ref idref="fl-10a"/>
      </object_component>
      <object_component id="oc-291">
         <name>.text:SysCtlClockFreqSet</name>
         <load_address>0x13224</load_address>
         <run_address>0x13224</run_address>
         <size>0x200</size>
         <input_file_ref idref="fl-10"/>
      </object_component>
      <object_component id="oc-5ba">
         <name>.text:strtoll</name>
         <load_address>0x13424</load_address>
         <run_address>0x13424</run_address>
         <size>0x1dc</size>
         <input_file_ref idref="fl-10b"/>
      </object_component>
      <object_component id="oc-ad">
         <name>.text</name>
         <load_address>0x13600</load_address>
         <run_address>0x13600</run_address>
         <size>0x1b6</size>
         <input_file_ref idref="fl-d4"/>
      </object_component>
      <object_component id="oc-485">
         <name>.text:_nop</name>
         <load_address>0x137b6</load_address>
         <run_address>0x137b6</run_address>
         <size>0x2</size>
         <input_file_ref idref="fl-e6"/>
      </object_component>
      <object_component id="oc-100">
         <name>.text:fwrite</name>
         <load_address>0x137b8</load_address>
         <run_address>0x137b8</run_address>
         <size>0x180</size>
         <input_file_ref idref="fl-d0"/>
      </object_component>
      <object_component id="oc-5a3">
         <name>.text:strtoull</name>
         <load_address>0x13938</load_address>
         <run_address>0x13938</run_address>
         <size>0x15c</size>
         <input_file_ref idref="fl-10d"/>
      </object_component>
      <object_component id="oc-a8">
         <name>.text</name>
         <load_address>0x13a94</load_address>
         <run_address>0x13a94</run_address>
         <size>0x136</size>
         <input_file_ref idref="fl-d6"/>
      </object_component>
      <object_component id="oc-2bb">
         <name>.text:GPIOPadConfigSet</name>
         <load_address>0x13bca</load_address>
         <run_address>0x13bca</run_address>
         <size>0x132</size>
         <input_file_ref idref="fl-d"/>
      </object_component>
      <object_component id="oc-142">
         <name>.text:strtol</name>
         <load_address>0x13cfc</load_address>
         <run_address>0x13cfc</run_address>
         <size>0x130</size>
         <input_file_ref idref="fl-f6"/>
      </object_component>
      <object_component id="oc-351">
         <name>.text:_openfile</name>
         <load_address>0x13e2c</load_address>
         <run_address>0x13e2c</run_address>
         <size>0x110</size>
         <input_file_ref idref="fl-cb"/>
      </object_component>
      <object_component id="oc-699">
         <name>.text:scalbn</name>
         <load_address>0x13f3c</load_address>
         <run_address>0x13f3c</run_address>
         <size>0x110</size>
         <input_file_ref idref="fl-117"/>
      </object_component>
      <object_component id="oc-5a9">
         <name>.text:strtoul</name>
         <load_address>0x1404c</load_address>
         <run_address>0x1404c</run_address>
         <size>0x110</size>
         <input_file_ref idref="fl-10c"/>
      </object_component>
      <object_component id="oc-48f">
         <name>.text:aligned_alloc</name>
         <load_address>0x1415c</load_address>
         <run_address>0x1415c</run_address>
         <size>0x100</size>
         <input_file_ref idref="fl-ed"/>
      </object_component>
      <object_component id="oc-a3">
         <name>.text</name>
         <load_address>0x1425c</load_address>
         <run_address>0x1425c</run_address>
         <size>0xfc</size>
         <input_file_ref idref="fl-d7"/>
      </object_component>
      <object_component id="oc-fa">
         <name>.text:fread</name>
         <load_address>0x14358</load_address>
         <run_address>0x14358</run_address>
         <size>0xf8</size>
         <input_file_ref idref="fl-cd"/>
      </object_component>
      <object_component id="oc-7b">
         <name>.text:free</name>
         <load_address>0x14450</load_address>
         <run_address>0x14450</run_address>
         <size>0xe4</size>
         <input_file_ref idref="fl-ed"/>
      </object_component>
      <object_component id="oc-54d">
         <name>.text:setvbuf</name>
         <load_address>0x14534</load_address>
         <run_address>0x14534</run_address>
         <size>0xdc</size>
         <input_file_ref idref="fl-d3"/>
      </object_component>
      <object_component id="oc-526">
         <name>.text:open</name>
         <load_address>0x14610</load_address>
         <run_address>0x14610</run_address>
         <size>0xbc</size>
         <input_file_ref idref="fl-fd"/>
      </object_component>
      <object_component id="oc-d3">
         <name>.text</name>
         <load_address>0x146cc</load_address>
         <run_address>0x146cc</run_address>
         <size>0xa0</size>
         <input_file_ref idref="fl-5"/>
      </object_component>
      <object_component id="oc-36e">
         <name>.text:__TI_buff_read</name>
         <load_address>0x1476c</load_address>
         <run_address>0x1476c</run_address>
         <size>0x9c</size>
         <input_file_ref idref="fl-d1"/>
      </object_component>
      <object_component id="oc-ee">
         <name>.text:fopen</name>
         <load_address>0x14808</load_address>
         <run_address>0x14808</run_address>
         <size>0x9c</size>
         <input_file_ref idref="fl-cb"/>
      </object_component>
      <object_component id="oc-44">
         <name>.text</name>
         <load_address>0x148a4</load_address>
         <run_address>0x148a4</run_address>
         <size>0x9c</size>
         <input_file_ref idref="fl-dd"/>
      </object_component>
      <object_component id="oc-bc">
         <name>.text</name>
         <load_address>0x14940</load_address>
         <run_address>0x14940</run_address>
         <size>0x96</size>
         <input_file_ref idref="fl-e1"/>
      </object_component>
      <object_component id="oc-32c">
         <name>.text</name>
         <load_address>0x149d6</load_address>
         <run_address>0x149d6</run_address>
         <size>0x2</size>
         <input_file_ref idref="fl-103"/>
      </object_component>
      <object_component id="oc-3e7">
         <name>.text:fputc</name>
         <load_address>0x149d8</load_address>
         <run_address>0x149d8</run_address>
         <size>0x8c</size>
         <input_file_ref idref="fl-cc"/>
      </object_component>
      <object_component id="oc-99">
         <name>.text:__aeabi_cdcmple</name>
         <load_address>0x14a64</load_address>
         <run_address>0x14a64</run_address>
         <size>0x86</size>
         <input_file_ref idref="fl-d5"/>
      </object_component>
      <object_component id="oc-9e">
         <name>.text:__aeabi_cdrcmple</name>
         <load_address>0x14aea</load_address>
         <run_address>0x14aea</run_address>
         <size>0x86</size>
         <input_file_ref idref="fl-d5"/>
      </object_component>
      <object_component id="oc-81">
         <name>.text</name>
         <load_address>0x14b70</load_address>
         <run_address>0x14b70</run_address>
         <size>0x7a</size>
         <input_file_ref idref="fl-df"/>
      </object_component>
      <object_component id="oc-360">
         <name>.text:__TI_closefile</name>
         <load_address>0x14bec</load_address>
         <run_address>0x14bec</run_address>
         <size>0x74</size>
         <input_file_ref idref="fl-c9"/>
      </object_component>
      <object_component id="oc-1b8">
         <name>.text</name>
         <load_address>0x14c60</load_address>
         <run_address>0x14c60</run_address>
         <size>0x70</size>
         <input_file_ref idref="fl-d9"/>
      </object_component>
      <object_component id="oc-5f2">
         <name>.text:split</name>
         <load_address>0x14cd0</load_address>
         <run_address>0x14cd0</run_address>
         <size>0x70</size>
         <input_file_ref idref="fl-ed"/>
      </object_component>
      <object_component id="oc-5b5">
         <name>.text</name>
         <load_address>0x14d40</load_address>
         <run_address>0x14d40</run_address>
         <size>0x6e</size>
         <input_file_ref idref="fl-104"/>
      </object_component>
      <object_component id="oc-1be">
         <name>.text</name>
         <load_address>0x14dae</load_address>
         <run_address>0x14dae</run_address>
         <size>0x6e</size>
         <input_file_ref idref="fl-e0"/>
      </object_component>
      <object_component id="oc-67d">
         <name>.text:HOSTrename</name>
         <load_address>0x14e1c</load_address>
         <run_address>0x14e1c</run_address>
         <size>0x6c</size>
         <input_file_ref idref="fl-113"/>
      </object_component>
      <object_component id="oc-671">
         <name>.text:HOSTlseek</name>
         <load_address>0x14e88</load_address>
         <run_address>0x14e88</run_address>
         <size>0x68</size>
         <input_file_ref idref="fl-110"/>
      </object_component>
      <object_component id="oc-309">
         <name>.text:IntEnable</name>
         <load_address>0x14ef0</load_address>
         <run_address>0x14ef0</run_address>
         <size>0x68</size>
         <input_file_ref idref="fl-e"/>
      </object_component>
      <object_component id="oc-411">
         <name>.text:_chkmbc</name>
         <load_address>0x14f58</load_address>
         <run_address>0x14f58</run_address>
         <size>0x68</size>
         <input_file_ref idref="fl-c8"/>
      </object_component>
      <object_component id="oc-15">
         <name>.text:decompress:lzss:__TI_decompress_lzss</name>
         <load_address>0x14fc0</load_address>
         <run_address>0x14fc0</run_address>
         <size>0x68</size>
         <input_file_ref idref="fl-e4"/>
      </object_component>
      <object_component id="oc-106">
         <name>.text:fseek</name>
         <load_address>0x15028</load_address>
         <run_address>0x15028</run_address>
         <size>0x64</size>
         <input_file_ref idref="fl-ce"/>
      </object_component>
      <object_component id="oc-10c">
         <name>.text:ftell</name>
         <load_address>0x1508c</load_address>
         <run_address>0x1508c</run_address>
         <size>0x64</size>
         <input_file_ref idref="fl-cf"/>
      </object_component>
      <object_component id="oc-37c">
         <name>.text:__TI_wrt_ok</name>
         <load_address>0x150f0</load_address>
         <run_address>0x150f0</run_address>
         <size>0x62</size>
         <input_file_ref idref="fl-d2"/>
      </object_component>
      <object_component id="oc-659">
         <name>.text:HOSTopen</name>
         <load_address>0x15154</load_address>
         <run_address>0x15154</run_address>
         <size>0x60</size>
         <input_file_ref idref="fl-111"/>
      </object_component>
      <object_component id="oc-543">
         <name>.text:close</name>
         <load_address>0x151b4</load_address>
         <run_address>0x151b4</run_address>
         <size>0x5c</size>
         <input_file_ref idref="fl-ff"/>
      </object_component>
      <object_component id="oc-2f1">
         <name>.text:EMACPHYConfigSet</name>
         <load_address>0x15210</load_address>
         <run_address>0x15210</run_address>
         <size>0x58</size>
         <input_file_ref idref="fl-b"/>
      </object_component>
      <object_component id="oc-665">
         <name>.text:HOSTread</name>
         <load_address>0x15268</load_address>
         <run_address>0x15268</run_address>
         <size>0x58</size>
         <input_file_ref idref="fl-112"/>
      </object_component>
      <object_component id="oc-66b">
         <name>.text:HOSTwrite</name>
         <load_address>0x152c0</load_address>
         <run_address>0x152c0</run_address>
         <size>0x58</size>
         <input_file_ref idref="fl-115"/>
      </object_component>
      <object_component id="oc-2eb">
         <name>.text:SysCtlPeripheralReset</name>
         <load_address>0x15318</load_address>
         <run_address>0x15318</run_address>
         <size>0x50</size>
         <input_file_ref idref="fl-10"/>
      </object_component>
      <object_component id="oc-382">
         <name>.text:__TI_doflush</name>
         <load_address>0x15368</load_address>
         <run_address>0x15368</run_address>
         <size>0x4c</size>
         <input_file_ref idref="fl-ca"/>
      </object_component>
      <object_component id="oc-14e">
         <name>.text:atoi</name>
         <load_address>0x153b4</load_address>
         <run_address>0x153b4</run_address>
         <size>0x4c</size>
         <input_file_ref idref="fl-e7"/>
      </object_component>
      <object_component id="oc-368">
         <name>.text:__TI_rd_ok</name>
         <load_address>0x15400</load_address>
         <run_address>0x15400</run_address>
         <size>0x4a</size>
         <input_file_ref idref="fl-d2"/>
      </object_component>
      <object_component id="oc-297">
         <name>.text:GPIOPinConfigure</name>
         <load_address>0x1544c</load_address>
         <run_address>0x1544c</run_address>
         <size>0x48</size>
         <input_file_ref idref="fl-d"/>
      </object_component>
      <object_component id="oc-4af">
         <name>.text:_SysCtlFrequencyGet</name>
         <load_address>0x15494</load_address>
         <run_address>0x15494</run_address>
         <size>0x48</size>
         <input_file_ref idref="fl-10"/>
      </object_component>
      <object_component id="oc-448">
         <name>.text:exit</name>
         <load_address>0x154dc</load_address>
         <run_address>0x154dc</run_address>
         <size>0x48</size>
         <input_file_ref idref="fl-e5"/>
      </object_component>
      <object_component id="oc-112">
         <name>.text:rename</name>
         <load_address>0x15524</load_address>
         <run_address>0x15524</run_address>
         <size>0x48</size>
         <input_file_ref idref="fl-fa"/>
      </object_component>
      <object_component id="oc-b2">
         <name>.text</name>
         <load_address>0x1556c</load_address>
         <run_address>0x1556c</run_address>
         <size>0x48</size>
         <input_file_ref idref="fl-d8"/>
      </object_component>
      <object_component id="oc-2a3">
         <name>.text:UARTConfigSetExpClk</name>
         <load_address>0x155b4</load_address>
         <run_address>0x155b4</run_address>
         <size>0x46</size>
         <input_file_ref idref="fl-11"/>
      </object_component>
      <object_component id="oc-65f">
         <name>.text:HOSTclose</name>
         <load_address>0x155fc</load_address>
         <run_address>0x155fc</run_address>
         <size>0x44</size>
         <input_file_ref idref="fl-10f"/>
      </object_component>
      <object_component id="oc-677">
         <name>.text:HOSTunlink</name>
         <load_address>0x15640</load_address>
         <run_address>0x15640</run_address>
         <size>0x44</size>
         <input_file_ref idref="fl-114"/>
      </object_component>
      <object_component id="oc-44e">
         <name>.text:__TI_auto_init_nobinit_nopinit:__TI_auto_init_nobinit_nopinit</name>
         <load_address>0x15684</load_address>
         <run_address>0x15684</run_address>
         <size>0x44</size>
         <input_file_ref idref="fl-105"/>
      </object_component>
      <object_component id="oc-3a4">
         <name>.text:getdevice</name>
         <load_address>0x156c8</load_address>
         <run_address>0x156c8</run_address>
         <size>0x44</size>
         <input_file_ref idref="fl-102"/>
      </object_component>
      <object_component id="oc-1c8">
         <name>.text</name>
         <load_address>0x1570c</load_address>
         <run_address>0x1570c</run_address>
         <size>0x44</size>
         <input_file_ref idref="fl-da"/>
      </object_component>
      <object_component id="oc-1c3">
         <name>.text</name>
         <load_address>0x15750</load_address>
         <run_address>0x15750</run_address>
         <size>0x40</size>
         <input_file_ref idref="fl-dc"/>
      </object_component>
      <object_component id="oc-30f">
         <name>.text:EMACIntEnable</name>
         <load_address>0x15790</load_address>
         <run_address>0x15790</run_address>
         <size>0x3a</size>
         <input_file_ref idref="fl-b"/>
      </object_component>
      <object_component id="oc-279">
         <name>.text:SysCtlPeripheralReady</name>
         <load_address>0x157cc</load_address>
         <run_address>0x157cc</run_address>
         <size>0x38</size>
         <input_file_ref idref="fl-10"/>
      </object_component>
      <object_component id="oc-6d1">
         <name>.text:__TI_writemsg</name>
         <load_address>0x15804</load_address>
         <run_address>0x15804</run_address>
         <size>0x38</size>
         <input_file_ref idref="fl-116"/>
      </object_component>
      <object_component id="oc-8b">
         <name>.text:calloc</name>
         <load_address>0x1583c</load_address>
         <run_address>0x1583c</run_address>
         <size>0x38</size>
         <input_file_ref idref="fl-ed"/>
      </object_component>
      <object_component id="oc-1d6">
         <name>.text:sscanf</name>
         <load_address>0x15874</load_address>
         <run_address>0x15874</run_address>
         <size>0x38</size>
         <input_file_ref idref="fl-c8"/>
      </object_component>
      <object_component id="oc-570">
         <name>.text:strncpy</name>
         <load_address>0x158ac</load_address>
         <run_address>0x158ac</run_address>
         <size>0x36</size>
         <input_file_ref idref="fl-109"/>
      </object_component>
      <object_component id="oc-2cd">
         <name>.text:EMACIntClear</name>
         <load_address>0x158e2</load_address>
         <run_address>0x158e2</run_address>
         <size>0x34</size>
         <input_file_ref idref="fl-b"/>
      </object_component>
      <object_component id="oc-273">
         <name>.text:SysCtlPeripheralEnable</name>
         <load_address>0x15918</load_address>
         <run_address>0x15918</run_address>
         <size>0x34</size>
         <input_file_ref idref="fl-10"/>
      </object_component>
      <object_component id="oc-52f">
         <name>.text:__TI_cleanup</name>
         <load_address>0x1594c</load_address>
         <run_address>0x1594c</run_address>
         <size>0x34</size>
         <input_file_ref idref="fl-cb"/>
      </object_component>
      <object_component id="oc-6d7">
         <name>.text:__TI_readmsg</name>
         <load_address>0x15980</load_address>
         <run_address>0x15980</run_address>
         <size>0x34</size>
         <input_file_ref idref="fl-116"/>
      </object_component>
      <object_component id="oc-62">
         <name>.text:_c_int00_noargs:_c_int00_noargs</name>
         <load_address>0x159b4</load_address>
         <run_address>0x159b4</run_address>
         <size>0x34</size>
         <input_file_ref idref="fl-f7"/>
      </object_component>
      <object_component id="oc-c7">
         <name>.text:rand</name>
         <load_address>0x159e8</load_address>
         <run_address>0x159e8</run_address>
         <size>0x34</size>
         <input_file_ref idref="fl-ee"/>
      </object_component>
      <object_component id="oc-135">
         <name>.text:strstr</name>
         <load_address>0x15a1c</load_address>
         <run_address>0x15a1c</run_address>
         <size>0x34</size>
         <input_file_ref idref="fl-f5"/>
      </object_component>
      <object_component id="oc-576">
         <name>.text:finddevice</name>
         <load_address>0x15a50</load_address>
         <run_address>0x15a50</run_address>
         <size>0x30</size>
         <input_file_ref idref="fl-102"/>
      </object_component>
      <object_component id="oc-b7">
         <name>.text</name>
         <load_address>0x15a80</load_address>
         <run_address>0x15a80</run_address>
         <size>0x2e</size>
         <input_file_ref idref="fl-db"/>
      </object_component>
      <object_component id="oc-2c7">
         <name>.text:EMACIntStatus</name>
         <load_address>0x15aae</load_address>
         <run_address>0x15aae</run_address>
         <size>0x2c</size>
         <input_file_ref idref="fl-b"/>
      </object_component>
      <object_component id="oc-f4">
         <name>.text:fclose</name>
         <load_address>0x15adc</load_address>
         <run_address>0x15adc</run_address>
         <size>0x2c</size>
         <input_file_ref idref="fl-c9"/>
      </object_component>
      <object_component id="oc-d9">
         <name>.text:strncmp</name>
         <load_address>0x15b08</load_address>
         <run_address>0x15b08</run_address>
         <size>0x2c</size>
         <input_file_ref idref="fl-f3"/>
      </object_component>
      <object_component id="oc-118">
         <name>.text:unlink</name>
         <load_address>0x15b34</load_address>
         <run_address>0x15b34</run_address>
         <size>0x2c</size>
         <input_file_ref idref="fl-10e"/>
      </object_component>
      <object_component id="oc-49e">
         <name>.text:GPIODirModeSet</name>
         <load_address>0x15b60</load_address>
         <run_address>0x15b60</run_address>
         <size>0x2a</size>
         <input_file_ref idref="fl-d"/>
      </object_component>
      <object_component id="oc-25f">
         <name>.text:free_list_insert</name>
         <load_address>0x15b8c</load_address>
         <run_address>0x15b8c</run_address>
         <size>0x28</size>
         <input_file_ref idref="fl-ed"/>
      </object_component>
      <object_component id="oc-395">
         <name>.text:lseek</name>
         <load_address>0x15bb4</load_address>
         <run_address>0x15bb4</run_address>
         <size>0x28</size>
         <input_file_ref idref="fl-fe"/>
      </object_component>
      <object_component id="oc-159">
         <name>.text:memmove</name>
         <load_address>0x15bdc</load_address>
         <run_address>0x15bdc</run_address>
         <size>0x28</size>
         <input_file_ref idref="fl-ec"/>
      </object_component>
      <object_component id="oc-374">
         <name>.text:read</name>
         <load_address>0x15c04</load_address>
         <run_address>0x15c04</run_address>
         <size>0x28</size>
         <input_file_ref idref="fl-fc"/>
      </object_component>
      <object_component id="oc-388">
         <name>.text:write</name>
         <load_address>0x15c2c</load_address>
         <run_address>0x15c2c</run_address>
         <size>0x28</size>
         <input_file_ref idref="fl-f8"/>
      </object_component>
      <object_component id="oc-11f">
         <name>.text:memcmp</name>
         <load_address>0x15c54</load_address>
         <run_address>0x15c54</run_address>
         <size>0x24</size>
         <input_file_ref idref="fl-eb"/>
      </object_component>
      <object_component id="oc-172">
         <name>.text:srand</name>
         <load_address>0x15c78</load_address>
         <run_address>0x15c78</run_address>
         <size>0x24</size>
         <input_file_ref idref="fl-ee"/>
      </object_component>
      <object_component id="oc-4c4">
         <name>.text:UARTDisable</name>
         <load_address>0x15c9c</load_address>
         <run_address>0x15c9c</run_address>
         <size>0x20</size>
         <input_file_ref idref="fl-11"/>
      </object_component>
      <object_component id="oc-4a9">
         <name>.text:_SysCtlMemTimingGet</name>
         <load_address>0x15cbc</load_address>
         <run_address>0x15cbc</run_address>
         <size>0x20</size>
         <input_file_ref idref="fl-10"/>
      </object_component>
      <object_component id="oc-12c">
         <name>.text:memchr</name>
         <load_address>0x15cdc</load_address>
         <run_address>0x15cdc</run_address>
         <size>0x20</size>
         <input_file_ref idref="fl-ea"/>
      </object_component>
      <object_component id="oc-1b3">
         <name>.text</name>
         <load_address>0x15cfc</load_address>
         <run_address>0x15cfc</run_address>
         <size>0x20</size>
         <input_file_ref idref="fl-de"/>
      </object_component>
      <object_component id="oc-259">
         <name>.text:free_list_remove</name>
         <load_address>0x15d1c</load_address>
         <run_address>0x15d1c</run_address>
         <size>0x1c</size>
         <input_file_ref idref="fl-ed"/>
      </object_component>
      <object_component id="oc-6f2">
         <name>.text:copysign</name>
         <load_address>0x15d38</load_address>
         <run_address>0x15d38</run_address>
         <size>0x1a</size>
         <input_file_ref idref="fl-119"/>
      </object_component>
      <object_component id="oc-27f">
         <name>.text:GPIOPinTypeGPIOOutput</name>
         <load_address>0x15d52</load_address>
         <run_address>0x15d52</run_address>
         <size>0x18</size>
         <input_file_ref idref="fl-d"/>
      </object_component>
      <object_component id="oc-690">
         <name>.text</name>
         <load_address>0x15d6a</load_address>
         <run_address>0x15d6a</run_address>
         <size>0x18</size>
         <input_file_ref idref="fl-118"/>
      </object_component>
      <object_component id="oc-cd">
         <name>.text:strcmp</name>
         <load_address>0x15d82</load_address>
         <run_address>0x15d82</run_address>
         <size>0x18</size>
         <input_file_ref idref="fl-f0"/>
      </object_component>
      <object_component id="oc-160">
         <name>.text:strrchr</name>
         <load_address>0x15d9a</load_address>
         <run_address>0x15d9a</run_address>
         <size>0x18</size>
         <input_file_ref idref="fl-f4"/>
      </object_component>
      <object_component id="oc-2f7">
         <name>.text:EMACReset</name>
         <load_address>0x15db2</load_address>
         <run_address>0x15db2</run_address>
         <size>0x16</size>
         <input_file_ref idref="fl-b"/>
      </object_component>
      <object_component id="oc-303">
         <name>.text:EMACRxEnable</name>
         <load_address>0x15dc8</load_address>
         <run_address>0x15dc8</run_address>
         <size>0x16</size>
         <input_file_ref idref="fl-b"/>
      </object_component>
      <object_component id="oc-2fd">
         <name>.text:EMACTxEnable</name>
         <load_address>0x15dde</load_address>
         <run_address>0x15dde</run_address>
         <size>0x16</size>
         <input_file_ref idref="fl-b"/>
      </object_component>
      <object_component id="oc-e2">
         <name>.text:strchr</name>
         <load_address>0x15df4</load_address>
         <run_address>0x15df4</run_address>
         <size>0x16</size>
         <input_file_ref idref="fl-ef"/>
      </object_component>
      <object_component id="oc-2e5">
         <name>.text:FlashUserGet</name>
         <load_address>0x15e0c</load_address>
         <run_address>0x15e0c</run_address>
         <size>0x14</size>
         <input_file_ref idref="fl-c"/>
      </object_component>
      <object_component id="oc-4ca">
         <name>.text:UARTEnable</name>
         <load_address>0x15e20</load_address>
         <run_address>0x15e20</run_address>
         <size>0x14</size>
         <input_file_ref idref="fl-11"/>
      </object_component>
      <object_component id="oc-e8">
         <name>.text:strcpy</name>
         <load_address>0x15e34</load_address>
         <run_address>0x15e34</run_address>
         <size>0x14</size>
         <input_file_ref idref="fl-f1"/>
      </object_component>
      <object_component id="oc-c1">
         <name>.text:strlen</name>
         <load_address>0x15e48</load_address>
         <run_address>0x15e48</run_address>
         <size>0x14</size>
         <input_file_ref idref="fl-f2"/>
      </object_component>
      <object_component id="oc-2c1">
         <name>.text:GPIOPinTypeEthernetLED</name>
         <load_address>0x15e5c</load_address>
         <run_address>0x15e5c</run_address>
         <size>0x12</size>
         <input_file_ref idref="fl-d"/>
      </object_component>
      <object_component id="oc-2b5">
         <name>.text:GPIOPinTypeGPIOInput</name>
         <load_address>0x15e6e</load_address>
         <run_address>0x15e6e</run_address>
         <size>0x12</size>
         <input_file_ref idref="fl-d"/>
      </object_component>
      <object_component id="oc-29d">
         <name>.text:GPIOPinTypeUART</name>
         <load_address>0x15e80</load_address>
         <run_address>0x15e80</run_address>
         <size>0x12</size>
         <input_file_ref idref="fl-d"/>
      </object_component>
      <object_component id="oc-2a9">
         <name>.text:GPIOPinTypeUSBAnalog</name>
         <load_address>0x15e92</load_address>
         <run_address>0x15e92</run_address>
         <size>0x12</size>
         <input_file_ref idref="fl-d"/>
      </object_component>
      <object_component id="oc-2af">
         <name>.text:GPIOPinTypeUSBDigital</name>
         <load_address>0x15ea4</load_address>
         <run_address>0x15ea4</run_address>
         <size>0x12</size>
         <input_file_ref idref="fl-d"/>
      </object_component>
      <object_component id="oc-405">
         <name>.text:_inpchar</name>
         <load_address>0x15eb6</load_address>
         <run_address>0x15eb6</run_address>
         <size>0x12</size>
         <input_file_ref idref="fl-c8"/>
      </object_component>
      <object_component id="oc-1b">
         <name>.text:decompress:none:__TI_decompress_none</name>
         <load_address>0x15ec8</load_address>
         <run_address>0x15ec8</run_address>
         <size>0xe</size>
         <input_file_ref idref="fl-e3"/>
      </object_component>
      <object_component id="oc-56">
         <name>.text:decompress:ZI:__TI_zero_init</name>
         <load_address>0x15ed6</load_address>
         <run_address>0x15ed6</run_address>
         <size>0xc</size>
         <input_file_ref idref="fl-e2"/>
      </object_component>
      <object_component id="oc-1a1">
         <name>.text:putchar</name>
         <load_address>0x15ee4</load_address>
         <run_address>0x15ee4</run_address>
         <size>0xc</size>
         <input_file_ref idref="fl-cc"/>
      </object_component>
      <object_component id="oc-2a">
         <name>.text</name>
         <load_address>0x15ef0</load_address>
         <run_address>0x15ef0</run_address>
         <size>0xc</size>
         <input_file_ref idref="fl-3"/>
      </object_component>
      <object_component id="oc-28b">
         <name>.text:UARTCharPut</name>
         <load_address>0x15efc</load_address>
         <run_address>0x15efc</run_address>
         <size>0xa</size>
         <input_file_ref idref="fl-11"/>
      </object_component>
      <object_component id="oc-148">
         <name>.text:__aeabi_errno_addr</name>
         <load_address>0x15f08</load_address>
         <run_address>0x15f08</run_address>
         <size>0x8</size>
         <input_file_ref idref="fl-100"/>
      </object_component>
      <object_component id="oc-40b">
         <name>.text:_uninpchar</name>
         <load_address>0x15f10</load_address>
         <run_address>0x15f10</run_address>
         <size>0x8</size>
         <input_file_ref idref="fl-c8"/>
      </object_component>
      <object_component id="oc-26c">
         <name>.text:malloc</name>
         <load_address>0x15f18</load_address>
         <run_address>0x15f18</run_address>
         <size>0x8</size>
         <input_file_ref idref="fl-ed"/>
      </object_component>
      <object_component id="oc-2d3">
         <name>.text:EMACRxDMADescriptorListSet</name>
         <load_address>0x15f20</load_address>
         <run_address>0x15f20</run_address>
         <size>0x6</size>
         <input_file_ref idref="fl-b"/>
      </object_component>
      <object_component id="oc-2d9">
         <name>.text:EMACTxDMADescriptorListSet</name>
         <load_address>0x15f26</load_address>
         <run_address>0x15f26</run_address>
         <size>0x6</size>
         <input_file_ref idref="fl-b"/>
      </object_component>
      <object_component id="oc-285">
         <name>.text:GPIOPinWrite</name>
         <load_address>0x15f2c</load_address>
         <run_address>0x15f2c</run_address>
         <size>0x6</size>
         <input_file_ref idref="fl-d"/>
      </object_component>
      <object_component id="oc-4e7">
         <name>.text:SysCtlDelay</name>
         <load_address>0x15f32</load_address>
         <run_address>0x15f32</run_address>
         <size>0x6</size>
         <input_file_ref idref="fl-10"/>
      </object_component>
      <object_component id="oc-23b">
         <name>.text:_system_pre_init</name>
         <load_address>0x15f38</load_address>
         <run_address>0x15f38</run_address>
         <size>0x4</size>
         <input_file_ref idref="fl-106"/>
      </object_component>
      <object_component id="oc-442">
         <name>.text:abort:abort</name>
         <load_address>0x15f3c</load_address>
         <run_address>0x15f3c</run_address>
         <size>0x4</size>
         <input_file_ref idref="fl-e5"/>
      </object_component>
      <object_component id="oc-4fd">
         <name>.const:.string:v2</name>
         <load_address>0x15f40</load_address>
         <run_address>0x15f40</run_address>
         <size>0x1f4f</size>
         <input_file_ref idref="fl-5"/>
      </object_component>
      <object_component id="oc-4fa">
         <name>.const:.string:v1</name>
         <load_address>0x17e8f</load_address>
         <run_address>0x17e8f</run_address>
         <size>0x1dde</size>
         <input_file_ref idref="fl-5"/>
      </object_component>
      <object_component id="oc-509">
         <name>.const:.string:v6</name>
         <load_address>0x19c6d</load_address>
         <run_address>0x19c6d</run_address>
         <size>0x1639</size>
         <input_file_ref idref="fl-5"/>
      </object_component>
      <object_component id="oc-506">
         <name>.const:.string:v5</name>
         <load_address>0x1b2a6</load_address>
         <run_address>0x1b2a6</run_address>
         <size>0x1212</size>
         <input_file_ref idref="fl-5"/>
      </object_component>
      <object_component id="oc-500">
         <name>.const:.string:v3</name>
         <load_address>0x1c4b8</load_address>
         <run_address>0x1c4b8</run_address>
         <size>0x111c</size>
         <input_file_ref idref="fl-5"/>
      </object_component>
      <object_component id="oc-3b6">
         <name>.const:.string</name>
         <load_address>0x1d5d4</load_address>
         <run_address>0x1d5d4</run_address>
         <size>0x260</size>
         <input_file_ref idref="fl-4"/>
      </object_component>
      <object_component id="oc-503">
         <name>.const:.string:v4</name>
         <load_address>0x1d834</load_address>
         <run_address>0x1d834</run_address>
         <size>0x239</size>
         <input_file_ref idref="fl-5"/>
      </object_component>
      <object_component id="oc-19d">
         <name>.const:.string:$P$T44$45</name>
         <load_address>0x1da6d</load_address>
         <run_address>0x1da6d</run_address>
         <size>0x3</size>
         <input_file_ref idref="fl-4"/>
      </object_component>
      <object_component id="oc-4b8">
         <name>.const:g_pppui32XTALtoVCO</name>
         <load_address>0x1da70</load_address>
         <run_address>0x1da70</run_address>
         <size>0x1b0</size>
         <input_file_ref idref="fl-10"/>
      </object_component>
      <object_component id="oc-50c">
         <name>.const:.string:v7</name>
         <load_address>0x1dc20</load_address>
         <run_address>0x1dc20</run_address>
         <size>0x1a5</size>
         <input_file_ref idref="fl-5"/>
      </object_component>
      <object_component id="oc-17a">
         <name>.const:$P$T24$25</name>
         <load_address>0x1ddc5</load_address>
         <run_address>0x1ddc5</run_address>
         <size>0x110</size>
         <input_file_ref idref="fl-4"/>
      </object_component>
      <object_component id="oc-18e">
         <name>.const:$P$T33$34</name>
         <load_address>0x1ded5</load_address>
         <run_address>0x1ded5</run_address>
         <size>0x110</size>
         <input_file_ref idref="fl-4"/>
      </object_component>
      <object_component id="oc-3bf">
         <name>.const:.string:_ctypes_</name>
         <load_address>0x1dfe5</load_address>
         <run_address>0x1dfe5</run_address>
         <size>0x101</size>
         <input_file_ref idref="fl-e8"/>
      </object_component>
      <object_component id="oc-1b0">
         <name>.const:mg_sha256_k</name>
         <load_address>0x1e0e8</load_address>
         <run_address>0x1e0e8</run_address>
         <size>0x100</size>
         <input_file_ref idref="fl-4"/>
      </object_component>
      <object_component id="oc-50f">
         <name>.const:.string:v8</name>
         <load_address>0x1e1e8</load_address>
         <run_address>0x1e1e8</run_address>
         <size>0xe4</size>
         <input_file_ref idref="fl-5"/>
      </object_component>
      <object_component id="oc-184">
         <name>.const:.string:$P$T28$29</name>
         <load_address>0x1e2cc</load_address>
         <run_address>0x1e2cc</run_address>
         <size>0x4</size>
         <input_file_ref idref="fl-4"/>
      </object_component>
      <object_component id="oc-69f">
         <name>.const:$O1$$</name>
         <load_address>0x1e2d0</load_address>
         <run_address>0x1e2d0</run_address>
         <size>0xc8</size>
         <input_file_ref idref="fl-10a"/>
      </object_component>
      <object_component id="oc-4f9">
         <name>.const:.string</name>
         <load_address>0x1e398</load_address>
         <run_address>0x1e398</run_address>
         <size>0xc6</size>
         <input_file_ref idref="fl-5"/>
      </object_component>
      <object_component id="oc-4bf">
         <name>.const:g_pui32GPIOBaseAddrs</name>
         <load_address>0x1e460</load_address>
         <run_address>0x1e460</run_address>
         <size>0x90</size>
         <input_file_ref idref="fl-d"/>
      </object_component>
      <object_component id="oc-33f">
         <name>.const:packed_files</name>
         <load_address>0x1e4f0</load_address>
         <run_address>0x1e4f0</run_address>
         <size>0x90</size>
         <input_file_ref idref="fl-5"/>
      </object_component>
      <object_component id="oc-4ec">
         <name>.const</name>
         <load_address>0x1e580</load_address>
         <run_address>0x1e580</run_address>
         <size>0x70</size>
         <input_file_ref idref="fl-e"/>
      </object_component>
      <object_component id="oc-4b5">
         <name>.const:g_pui32Xtals</name>
         <load_address>0x1e5f0</load_address>
         <run_address>0x1e5f0</run_address>
         <size>0x6c</size>
         <input_file_ref idref="fl-10"/>
      </object_component>
      <object_component id="oc-1dc">
         <name>.const:crclut$55</name>
         <load_address>0x1e65c</load_address>
         <run_address>0x1e65c</run_address>
         <size>0x40</size>
         <input_file_ref idref="fl-4"/>
      </object_component>
      <object_component id="oc-166">
         <name>.const:s_prop_map</name>
         <load_address>0x1e69c</load_address>
         <run_address>0x1e69c</run_address>
         <size>0x36</size>
         <input_file_ref idref="fl-4"/>
      </object_component>
      <object_component id="oc-605">
         <name>.const:g_sXTALtoMEMTIM</name>
         <load_address>0x1e6d4</load_address>
         <run_address>0x1e6d4</run_address>
         <size>0x30</size>
         <input_file_ref idref="fl-10"/>
      </object_component>
      <object_component id="oc-1d5">
         <name>.const:steps$54</name>
         <load_address>0x1e704</load_address>
         <run_address>0x1e704</run_address>
         <size>0x27</size>
         <input_file_ref idref="fl-4"/>
      </object_component>
      <object_component id="oc-17d">
         <name>.const:.string:$P$T26$27</name>
         <load_address>0x1e72b</load_address>
         <run_address>0x1e72b</run_address>
         <size>0x1b</size>
         <input_file_ref idref="fl-4"/>
      </object_component>
      <object_component id="oc-191">
         <name>.const:.string:$P$T34$35</name>
         <load_address>0x1e746</load_address>
         <run_address>0x1e746</run_address>
         <size>0x1b</size>
         <input_file_ref idref="fl-4"/>
      </object_component>
      <object_component id="oc-1f7">
         <name>.const:.string:$P$T60$63</name>
         <load_address>0x1e761</load_address>
         <run_address>0x1e761</run_address>
         <size>0x18</size>
         <input_file_ref idref="fl-4"/>
      </object_component>
      <object_component id="oc-1f8">
         <name>.const:.string:$P$T61$64</name>
         <load_address>0x1e779</load_address>
         <run_address>0x1e779</run_address>
         <size>0x18</size>
         <input_file_ref idref="fl-4"/>
      </object_component>
      <object_component id="oc-154">
         <name>.const:.string:$P$T12$13</name>
         <load_address>0x1e791</load_address>
         <run_address>0x1e791</run_address>
         <size>0x14</size>
         <input_file_ref idref="fl-4"/>
      </object_component>
      <object_component id="oc-183">
         <name>.const:.string:$P$T25$26</name>
         <load_address>0x1e7a5</load_address>
         <run_address>0x1e7a5</run_address>
         <size>0x14</size>
         <input_file_ref idref="fl-4"/>
      </object_component>
      <object_component id="oc-19c">
         <name>.const:.string:$P$T43$44</name>
         <load_address>0x1e7b9</load_address>
         <run_address>0x1e7b9</run_address>
         <size>0x14</size>
         <input_file_ref idref="fl-4"/>
      </object_component>
      <object_component id="oc-187">
         <name>.const:.string:$P$T27$28</name>
         <load_address>0x1e7cd</load_address>
         <run_address>0x1e7cd</run_address>
         <size>0x13</size>
         <input_file_ref idref="fl-4"/>
      </object_component>
      <object_component id="oc-18b">
         <name>.const:.string:$P$T29$30</name>
         <load_address>0x1e7e0</load_address>
         <run_address>0x1e7e0</run_address>
         <size>0x11</size>
         <input_file_ref idref="fl-4"/>
      </object_component>
      <object_component id="oc-5c0">
         <name>.const:$O1$$</name>
         <load_address>0x1e7f4</load_address>
         <run_address>0x1e7f4</run_address>
         <size>0x10</size>
         <input_file_ref idref="fl-101"/>
      </object_component>
      <object_component id="oc-1a7">
         <name>.const:$P$T46$47</name>
         <load_address>0x1e804</load_address>
         <run_address>0x1e804</run_address>
         <size>0x10</size>
         <input_file_ref idref="fl-4"/>
      </object_component>
      <object_component id="oc-1aa">
         <name>.const:$P$T47$48</name>
         <load_address>0x1e814</load_address>
         <run_address>0x1e814</run_address>
         <size>0x10</size>
         <input_file_ref idref="fl-4"/>
      </object_component>
      <object_component id="oc-15f">
         <name>.const:.string:$P$T14$15</name>
         <load_address>0x1e824</load_address>
         <run_address>0x1e824</run_address>
         <size>0x10</size>
         <input_file_ref idref="fl-4"/>
      </object_component>
      <object_component id="oc-1ce">
         <name>.const:.string:$P$T51$52</name>
         <load_address>0x1e834</load_address>
         <run_address>0x1e834</run_address>
         <size>0x10</size>
         <input_file_ref idref="fl-4"/>
      </object_component>
      <object_component id="oc-157">
         <name>.const:.string:$P$T11$12</name>
         <load_address>0x1e844</load_address>
         <run_address>0x1e844</run_address>
         <size>0xf</size>
         <input_file_ref idref="fl-4"/>
      </object_component>
      <object_component id="oc-18d">
         <name>.const:.string:$P$T32$33</name>
         <load_address>0x1e853</load_address>
         <run_address>0x1e853</run_address>
         <size>0xf</size>
         <input_file_ref idref="fl-4"/>
      </object_component>
      <object_component id="oc-16e">
         <name>.const:.string:$P$T18$19</name>
         <load_address>0x1e862</load_address>
         <run_address>0x1e862</run_address>
         <size>0xe</size>
         <input_file_ref idref="fl-4"/>
      </object_component>
      <object_component id="oc-179">
         <name>.const:.string:$P$T23$24</name>
         <load_address>0x1e870</load_address>
         <run_address>0x1e870</run_address>
         <size>0xe</size>
         <input_file_ref idref="fl-4"/>
      </object_component>
      <object_component id="oc-19a">
         <name>.const:.string:$P$T41$42</name>
         <load_address>0x1e87e</load_address>
         <run_address>0x1e87e</run_address>
         <size>0xe</size>
         <input_file_ref idref="fl-4"/>
      </object_component>
      <object_component id="oc-19b">
         <name>.const:.string:$P$T42$43</name>
         <load_address>0x1e88c</load_address>
         <run_address>0x1e88c</run_address>
         <size>0xe</size>
         <input_file_ref idref="fl-4"/>
      </object_component>
      <object_component id="oc-1bd">
         <name>.const:.string:$P$T49$50</name>
         <load_address>0x1e89a</load_address>
         <run_address>0x1e89a</run_address>
         <size>0xe</size>
         <input_file_ref idref="fl-4"/>
      </object_component>
      <object_component id="oc-125">
         <name>.const:.string:$P$T6$7</name>
         <load_address>0x1e8a8</load_address>
         <run_address>0x1e8a8</run_address>
         <size>0xe</size>
         <input_file_ref idref="fl-4"/>
      </object_component>
      <object_component id="oc-86">
         <name>.const:.string:$P$T0$1</name>
         <load_address>0x1e8b6</load_address>
         <run_address>0x1e8b6</run_address>
         <size>0xd</size>
         <input_file_ref idref="fl-4"/>
      </object_component>
      <object_component id="oc-97">
         <name>.const:.string:$P$T2$3</name>
         <load_address>0x1e8c3</load_address>
         <run_address>0x1e8c3</run_address>
         <size>0xd</size>
         <input_file_ref idref="fl-4"/>
      </object_component>
      <object_component id="oc-1e7">
         <name>.const:.string:$P$T57$60</name>
         <load_address>0x1e8d0</load_address>
         <run_address>0x1e8d0</run_address>
         <size>0xd</size>
         <input_file_ref idref="fl-4"/>
      </object_component>
      <object_component id="oc-13e">
         <name>.const:.string:$P$T9$10</name>
         <load_address>0x1e8dd</load_address>
         <run_address>0x1e8dd</run_address>
         <size>0xd</size>
         <input_file_ref idref="fl-4"/>
      </object_component>
      <object_component id="oc-16c">
         <name>.const:.string:$P$T16$17</name>
         <load_address>0x1e8ea</load_address>
         <run_address>0x1e8ea</run_address>
         <size>0xc</size>
         <input_file_ref idref="fl-4"/>
      </object_component>
      <object_component id="oc-171">
         <name>.const:.string:$P$T21$22</name>
         <load_address>0x1e8f6</load_address>
         <run_address>0x1e8f6</run_address>
         <size>0xc</size>
         <input_file_ref idref="fl-4"/>
      </object_component>
      <object_component id="oc-195">
         <name>.const:.string:$P$T36$37</name>
         <load_address>0x1e902</load_address>
         <run_address>0x1e902</run_address>
         <size>0xc</size>
         <input_file_ref idref="fl-4"/>
      </object_component>
      <object_component id="oc-199">
         <name>.const:.string:$P$T40$41</name>
         <load_address>0x1e90e</load_address>
         <run_address>0x1e90e</run_address>
         <size>0xc</size>
         <input_file_ref idref="fl-4"/>
      </object_component>
      <object_component id="oc-1a0">
         <name>.const:.string:$P$T45$46</name>
         <load_address>0x1e91a</load_address>
         <run_address>0x1e91a</run_address>
         <size>0xc</size>
         <input_file_ref idref="fl-4"/>
      </object_component>
      <object_component id="oc-1df">
         <name>.const:.string:$P$T55$58</name>
         <load_address>0x1e926</load_address>
         <run_address>0x1e926</run_address>
         <size>0xc</size>
         <input_file_ref idref="fl-4"/>
      </object_component>
      <object_component id="oc-16f">
         <name>.const:.string:$P$T19$20</name>
         <load_address>0x1e932</load_address>
         <run_address>0x1e932</run_address>
         <size>0xb</size>
         <input_file_ref idref="fl-4"/>
      </object_component>
      <object_component id="oc-1dd">
         <name>.const:.string:$P$T53$56</name>
         <load_address>0x1e93d</load_address>
         <run_address>0x1e93d</run_address>
         <size>0xb</size>
         <input_file_ref idref="fl-4"/>
      </object_component>
      <object_component id="oc-1e0">
         <name>.const:.string:$P$T56$59</name>
         <load_address>0x1e948</load_address>
         <run_address>0x1e948</run_address>
         <size>0xb</size>
         <input_file_ref idref="fl-4"/>
      </object_component>
      <object_component id="oc-170">
         <name>.const:.string:$P$T20$21</name>
         <load_address>0x1e953</load_address>
         <run_address>0x1e953</run_address>
         <size>0xa</size>
         <input_file_ref idref="fl-4"/>
      </object_component>
      <object_component id="oc-197">
         <name>.const:.string:$P$T38$39</name>
         <load_address>0x1e95d</load_address>
         <run_address>0x1e95d</run_address>
         <size>0xa</size>
         <input_file_ref idref="fl-4"/>
      </object_component>
      <object_component id="oc-178">
         <name>.const:.string:$P$T22$23</name>
         <load_address>0x1e967</load_address>
         <run_address>0x1e967</run_address>
         <size>0x9</size>
         <input_file_ref idref="fl-4"/>
      </object_component>
      <object_component id="oc-98">
         <name>.const:.string:$P$T3$4</name>
         <load_address>0x1e970</load_address>
         <run_address>0x1e970</run_address>
         <size>0x9</size>
         <input_file_ref idref="fl-4"/>
      </object_component>
      <object_component id="oc-196">
         <name>.const:.string:$P$T37$38</name>
         <load_address>0x1e979</load_address>
         <run_address>0x1e979</run_address>
         <size>0x9</size>
         <input_file_ref idref="fl-4"/>
      </object_component>
      <object_component id="oc-1de">
         <name>.const:.string:$P$T54$57</name>
         <load_address>0x1e982</load_address>
         <run_address>0x1e982</run_address>
         <size>0x9</size>
         <input_file_ref idref="fl-4"/>
      </object_component>
      <object_component id="oc-13f">
         <name>.const:$P$T10$11</name>
         <load_address>0x1e98c</load_address>
         <run_address>0x1e98c</run_address>
         <size>0x8</size>
         <input_file_ref idref="fl-4"/>
      </object_component>
      <object_component id="oc-df">
         <name>.const:$P$T4$5</name>
         <load_address>0x1e994</load_address>
         <run_address>0x1e994</run_address>
         <size>0x8</size>
         <input_file_ref idref="fl-4"/>
      </object_component>
      <object_component id="oc-1cf">
         <name>.const:$P$T52$53</name>
         <load_address>0x1e99c</load_address>
         <run_address>0x1e99c</run_address>
         <size>0x8</size>
         <input_file_ref idref="fl-4"/>
      </object_component>
      <object_component id="oc-126">
         <name>.const:$P$T7$8</name>
         <load_address>0x1e9a4</load_address>
         <run_address>0x1e9a4</run_address>
         <size>0x8</size>
         <input_file_ref idref="fl-4"/>
      </object_component>
      <object_component id="oc-129">
         <name>.const:$P$T8$9</name>
         <load_address>0x1e9ac</load_address>
         <run_address>0x1e9ac</run_address>
         <size>0x8</size>
         <input_file_ref idref="fl-4"/>
      </object_component>
      <object_component id="oc-158">
         <name>.const:.string:$P$T13$14</name>
         <load_address>0x1e9b4</load_address>
         <run_address>0x1e9b4</run_address>
         <size>0x8</size>
         <input_file_ref idref="fl-4"/>
      </object_component>
      <object_component id="oc-169">
         <name>.const:.string:$P$T15$16</name>
         <load_address>0x1e9bc</load_address>
         <run_address>0x1e9bc</run_address>
         <size>0x8</size>
         <input_file_ref idref="fl-4"/>
      </object_component>
      <object_component id="oc-16d">
         <name>.const:.string:$P$T17$18</name>
         <load_address>0x1e9c4</load_address>
         <run_address>0x1e9c4</run_address>
         <size>0x8</size>
         <input_file_ref idref="fl-4"/>
      </object_component>
      <object_component id="oc-188">
         <name>.const:.string:$P$T30$31</name>
         <load_address>0x1e9cc</load_address>
         <run_address>0x1e9cc</run_address>
         <size>0x8</size>
         <input_file_ref idref="fl-4"/>
      </object_component>
      <object_component id="oc-1cd">
         <name>.const:.string:$P$T50$51</name>
         <load_address>0x1e9d4</load_address>
         <run_address>0x1e9d4</run_address>
         <size>0x8</size>
         <input_file_ref idref="fl-4"/>
      </object_component>
[...]
         <name>fputc</name>
         <value>0x149d9</value>
         <object_component_ref idref="oc-3e7"/>
      </symbol>
      <symbol id="sm-13c5">
         <name>putchar</name>
         <value>0x15ee5</value>
         <object_component_ref idref="oc-1a1"/>
      </symbol>
      <symbol id="sm-13e6">
         <name>fread</name>
         <value>0x14359</value>
         <object_component_ref idref="oc-fa"/>
      </symbol>
      <symbol id="sm-13fd">
         <name>fseek</name>
         <value>0x15029</value>
         <object_component_ref idref="oc-106"/>
      </symbol>
      <symbol id="sm-1416">
         <name>ftell</name>
         <value>0x1508d</value>
         <object_component_ref idref="oc-10c"/>
      </symbol>
      <symbol id="sm-1440">
         <name>fwrite</name>
         <value>0x137b9</value>
         <object_component_ref idref="oc-100"/>
      </symbol>
      <symbol id="sm-1459">
         <name>__TI_buff_read</name>
         <value>0x1476d</value>
         <object_component_ref idref="oc-36e"/>
      </symbol>
      <symbol id="sm-1479">
         <name>__TI_wrt_ok</name>
         <value>0x150f1</value>
         <object_component_ref idref="oc-37c"/>
      </symbol>
      <symbol id="sm-147a">
         <name>__TI_rd_ok</name>
         <value>0x15401</value>
         <object_component_ref idref="oc-368"/>
      </symbol>
      <symbol id="sm-1496">
         <name>setvbuf</name>
         <value>0x14535</value>
         <object_component_ref idref="oc-54d"/>
      </symbol>
      <symbol id="sm-14ad">
         <name>__aeabi_dsub</name>
         <value>0x13601</value>
         <object_component_ref idref="oc-ad"/>
      </symbol>
      <symbol id="sm-14ae">
         <name>__aeabi_dadd</name>
         <value>0x1360b</value>
         <object_component_ref idref="oc-ad"/>
      </symbol>
      <symbol id="sm-14d0">
         <name>__aeabi_cdcmpeq</name>
         <value>0x14a65</value>
         <object_component_ref idref="oc-99"/>
      </symbol>
      <symbol id="sm-14d1">
         <name>__aeabi_cdcmple</name>
         <value>0x14a65</value>
         <object_component_ref idref="oc-99"/>
      </symbol>
      <symbol id="sm-14d2">
         <name>__aeabi_cdrcmple</name>
         <value>0x14aeb</value>
         <object_component_ref idref="oc-9e"/>
      </symbol>
      <symbol id="sm-14e6">
         <name>__aeabi_ddiv</name>
         <value>0x13a95</value>
         <object_component_ref idref="oc-a8"/>
      </symbol>
      <symbol id="sm-14f1">
         <name>__aeabi_dmul</name>
         <value>0x1425d</value>
         <object_component_ref idref="oc-a3"/>
      </symbol>
      <symbol id="sm-14fb">
         <name>__aeabi_d2iz</name>
         <value>0x1556d</value>
         <object_component_ref idref="oc-b2"/>
      </symbol>
      <symbol id="sm-1506">
         <name>__aeabi_d2lz</name>
         <value>0x14c61</value>
         <object_component_ref idref="oc-1b8"/>
      </symbol>
      <symbol id="sm-1510">
         <name>__aeabi_d2uiz</name>
         <value>0x1570d</value>
         <object_component_ref idref="oc-1c8"/>
      </symbol>
      <symbol id="sm-151a">
         <name>__aeabi_i2d</name>
         <value>0x15a81</value>
         <object_component_ref idref="oc-b7"/>
      </symbol>
      <symbol id="sm-1524">
         <name>__aeabi_l2d</name>
         <value>0x15751</value>
         <object_component_ref idref="oc-1c3"/>
      </symbol>
      <symbol id="sm-153f">
         <name>memcpy</name>
         <value>0x148a5</value>
         <object_component_ref idref="oc-44"/>
      </symbol>
      <symbol id="sm-1540">
         <name>__aeabi_memcpy</name>
         <value>0x148a5</value>
         <object_component_ref idref="oc-44"/>
      </symbol>
      <symbol id="sm-1541">
         <name>__aeabi_memcpy8</name>
         <value>0x148a5</value>
         <object_component_ref idref="oc-44"/>
      </symbol>
      <symbol id="sm-1542">
         <name>__aeabi_memcpy4</name>
         <value>0x148a5</value>
         <object_component_ref idref="oc-44"/>
      </symbol>
      <symbol id="sm-154c">
         <name>__aeabi_ui2d</name>
         <value>0x15cfd</value>
         <object_component_ref idref="oc-1b3"/>
      </symbol>
      <symbol id="sm-155b">
         <name>__aeabi_memset</name>
         <value>0x14b73</value>
         <object_component_ref idref="oc-81"/>
      </symbol>
      <symbol id="sm-155c">
         <name>memset</name>
         <value>0x14b79</value>
         <object_component_ref idref="oc-81"/>
      </symbol>
      <symbol id="sm-155d">
         <name>__aeabi_memset8</name>
         <value>0x14b73</value>
         <object_component_ref idref="oc-81"/>
      </symbol>
      <symbol id="sm-155e">
         <name>__aeabi_memset4</name>
         <value>0x14b73</value>
         <object_component_ref idref="oc-81"/>
      </symbol>
      <symbol id="sm-155f">
         <name>__aeabi_memclr8</name>
         <value>0x14b71</value>
         <object_component_ref idref="oc-81"/>
      </symbol>
      <symbol id="sm-1560">
         <name>__aeabi_memclr4</name>
         <value>0x14b71</value>
         <object_component_ref idref="oc-81"/>
      </symbol>
      <symbol id="sm-1561">
         <name>__aeabi_memclr</name>
         <value>0x14b71</value>
         <object_component_ref idref="oc-81"/>
      </symbol>
      <symbol id="sm-156f">
         <name>__aeabi_ldivmod</name>
         <value>0x14daf</value>
         <object_component_ref idref="oc-1be"/>
      </symbol>
      <symbol id="sm-157c">
         <name>__aeabi_uldivmod</name>
         <value>0x14941</value>
         <object_component_ref idref="oc-bc"/>
      </symbol>
      <symbol id="sm-158e">
         <name>__TI_zero_init</name>
         <value>0x15ed7</value>
         <object_component_ref idref="oc-56"/>
      </symbol>
      <symbol id="sm-15a5">
         <name>__TI_decompress_none</name>
         <value>0x15ec9</value>
         <object_component_ref idref="oc-1b"/>
      </symbol>
      <symbol id="sm-15c8">
         <name>__TI_decompress_lzss</name>
         <value>0x14fc1</value>
         <object_component_ref idref="oc-15"/>
      </symbol>
      <symbol id="sm-15ee">
         <name>C$$EXIT</name>
         <value>0x15f3d</value>
         <object_component_ref idref="oc-442"/>
      </symbol>
      <symbol id="sm-15ef">
         <name>abort</name>
         <value>0x15f3d</value>
         <object_component_ref idref="oc-442"/>
      </symbol>
      <symbol id="sm-15f0">
         <name>__TI_dtors_ptr</name>
         <value>0x20004954</value>
         <object_component_ref idref="oc-52c"/>
      </symbol>
      <symbol id="sm-15f1">
         <name>__TI_cleanup_ptr</name>
         <value>0x20004950</value>
         <object_component_ref idref="oc-52c"/>
      </symbol>
      <symbol id="sm-15f2">
         <name>__TI_enable_exit_profile_output</name>
         <value>0x20004958</value>
         <object_component_ref idref="oc-52c"/>
      </symbol>
      <symbol id="sm-15f3">
         <name>exit</name>
         <value>0x154dd</value>
         <object_component_ref idref="oc-448"/>
      </symbol>
      <symbol id="sm-1608">
         <name>_nop</name>
         <value>0x137b7</value>
         <object_component_ref idref="oc-485"/>
      </symbol>
      <symbol id="sm-1609">
         <name>_lock</name>
         <value>0x2000495c</value>
         <object_component_ref idref="oc-265"/>
      </symbol>
      <symbol id="sm-160a">
         <name>_unlock</name>
         <value>0x20004960</value>
         <object_component_ref idref="oc-265"/>
      </symbol>
      <symbol id="sm-1620">
         <name>atoi</name>
         <value>0x153b5</value>
         <object_component_ref idref="oc-14e"/>
      </symbol>
      <symbol id="sm-162b">
         <name>_ctypes_</name>
         <value>0x1dfe5</value>
         <object_component_ref idref="oc-3bf"/>
      </symbol>
      <symbol id="sm-1640">
         <name>__TI_tmpnams</name>
         <value>0x20004340</value>
      </symbol>
      <symbol id="sm-1641">
         <name>__aeabi_stdout</name>
         <value>0x20004948</value>
         <object_component_ref idref="oc-35b"/>
      </symbol>
      <symbol id="sm-1642">
         <name>__aeabi_stderr</name>
         <value>0x2000494c</value>
         <object_component_ref idref="oc-35b"/>
      </symbol>
      <symbol id="sm-1643">
         <name>__aeabi_stdin</name>
         <value>0x20004944</value>
         <object_component_ref idref="oc-35b"/>
      </symbol>
      <symbol id="sm-1644">
         <name>_ftable</name>
         <value>0x20004748</value>
         <object_component_ref idref="oc-358"/>
      </symbol>
      <symbol id="sm-1645">
         <name>__TI_ft_end</name>
         <value>0x20004940</value>
         <object_component_ref idref="oc-35b"/>
      </symbol>
      <symbol id="sm-1655">
         <name>memchr</name>
         <value>0x15cdd</value>
         <object_component_ref idref="oc-12c"/>
      </symbol>
      <symbol id="sm-1665">
         <name>memcmp</name>
         <value>0x15c55</value>
         <object_component_ref idref="oc-11f"/>
      </symbol>
      <symbol id="sm-1676">
         <name>memmove</name>
         <value>0x15bdd</value>
         <object_component_ref idref="oc-159"/>
      </symbol>
      <symbol id="sm-1706">
         <name>_sys_memory</name>
         <value>0x20004b80</value>
         <object_component_ref idref="oc-24"/>
      </symbol>
      <symbol id="sm-1707">
         <name>free</name>
         <value>0x14451</value>
         <object_component_ref idref="oc-7b"/>
      </symbol>
      <symbol id="sm-1708">
         <name>memalign</name>
         <value>0x1415d</value>
         <object_component_ref idref="oc-48f"/>
      </symbol>
      <symbol id="sm-1709">
         <name>calloc</name>
         <value>0x1583d</value>
         <object_component_ref idref="oc-8b"/>
      </symbol>
      <symbol id="sm-170a">
         <name>malloc</name>
         <value>0x15f19</value>
         <object_component_ref idref="oc-26c"/>
      </symbol>
      <symbol id="sm-170b">
         <name>aligned_alloc</name>
         <value>0x1415d</value>
         <object_component_ref idref="oc-48f"/>
      </symbol>
      <symbol id="sm-1730">
         <name>rand</name>
         <value>0x159e9</value>
         <object_component_ref idref="oc-c7"/>
      </symbol>
      <symbol id="sm-1731">
         <name>srand</name>
         <value>0x15c79</value>
         <object_component_ref idref="oc-172"/>
      </symbol>
      <symbol id="sm-1741">
         <name>strchr</name>
         <value>0x15df5</value>
         <object_component_ref idref="oc-e2"/>
      </symbol>
      <symbol id="sm-1750">
         <name>strcmp</name>
         <value>0x15d83</value>
         <object_component_ref idref="oc-cd"/>
      </symbol>
      <symbol id="sm-175e">
         <name>strcpy</name>
         <value>0x15e35</value>
         <object_component_ref idref="oc-e8"/>
      </symbol>
      <symbol id="sm-176c">
         <name>strlen</name>
         <value>0x15e49</value>
         <object_component_ref idref="oc-c1"/>
      </symbol>
      <symbol id="sm-177c">
         <name>strncmp</name>
         <value>0x15b09</value>
         <object_component_ref idref="oc-d9"/>
      </symbol>
      <symbol id="sm-178b">
         <name>strrchr</name>
         <value>0x15d9b</value>
         <object_component_ref idref="oc-160"/>
      </symbol>
      <symbol id="sm-179e">
         <name>strstr</name>
         <value>0x15a1d</value>
         <object_component_ref idref="oc-135"/>
      </symbol>
      <symbol id="sm-17c2">
         <name>strtol</name>
         <value>0x13cfd</value>
         <object_component_ref idref="oc-142"/>
      </symbol>
      <symbol id="sm-17d5">
         <name>__stack</name>
         <value>0x20004980</value>
         <object_component_ref idref="oc-27"/>
      </symbol>
      <symbol id="sm-17d6">
         <name>_c_int00_noargs</name>
         <value>0x159b5</value>
         <object_component_ref idref="oc-62"/>
      </symbol>
      <symbol id="sm-17eb">
         <name>write</name>
         <value>0x15c2d</value>
         <object_component_ref idref="oc-388"/>
      </symbol>
      <symbol id="sm-17fc">
         <name>_stream</name>
         <value>0x200048b0</value>
         <object_component_ref idref="oc-557"/>
      </symbol>
      <symbol id="sm-17fd">
         <name>_device</name>
         <value>0x20004838</value>
         <object_component_ref idref="oc-57c"/>
      </symbol>
      <symbol id="sm-1813">
         <name>rename</name>
         <value>0x15525</value>
         <object_component_ref idref="oc-112"/>
      </symbol>
      <symbol id="sm-1824">
         <name>read</name>
         <value>0x15c05</value>
         <object_component_ref idref="oc-374"/>
      </symbol>
      <symbol id="sm-1841">
         <name>open</name>
         <value>0x14611</value>
         <object_component_ref idref="oc-526"/>
      </symbol>
      <symbol id="sm-1851">
         <name>lseek</name>
         <value>0x15bb5</value>
         <object_component_ref idref="oc-395"/>
      </symbol>
      <symbol id="sm-1865">
         <name>close</name>
         <value>0x151b5</value>
         <object_component_ref idref="oc-543"/>
      </symbol>
      <symbol id="sm-187b">
         <name>__aeabi_errno_addr</name>
         <value>0x15f09</value>
         <object_component_ref idref="oc-148"/>
      </symbol>
      <symbol id="sm-187c">
         <name>errno</name>
         <value>0x2000496c</value>
         <object_component_ref idref="oc-3c4"/>
      </symbol>
      <symbol id="sm-193c">
         <name>__TI_scanfi</name>
         <value>0x11d8d</value>
         <object_component_ref idref="oc-3ff"/>
      </symbol>
      <symbol id="sm-195a">
         <name>finddevice</name>
         <value>0x15a51</value>
         <object_component_ref idref="oc-576"/>
      </symbol>
      <symbol id="sm-195b">
         <name>getdevice</name>
         <value>0x156c9</value>
         <object_component_ref idref="oc-3a4"/>
      </symbol>
      <symbol id="sm-1965">
         <name>__aeabi_idiv0</name>
         <value>0x149d7</value>
         <object_component_ref idref="oc-32c"/>
      </symbol>
      <symbol id="sm-1966">
         <name>__aeabi_ldiv0</name>
         <value>0x149d7</value>
         <object_component_ref idref="oc-32c"/>
      </symbol>
      <symbol id="sm-1972">
         <name>__aeabi_d2f</name>
         <value>0x14d41</value>
         <object_component_ref idref="oc-5b5"/>
      </symbol>
      <symbol id="sm-199a">
         <name>__TI_auto_init_nobinit_nopinit</name>
         <value>0x15685</value>
         <object_component_ref idref="oc-44e"/>
      </symbol>
      <symbol id="sm-19a4">
         <name>_system_pre_init</name>
         <value>0x15f39</value>
         <object_component_ref idref="oc-23b"/>
      </symbol>
      <symbol id="sm-19b6">
         <name>strncpy</name>
         <value>0x158ad</value>
         <object_component_ref idref="oc-570"/>
      </symbol>
      <symbol id="sm-1a16">
         <name>strtold</name>
         <value>0x12dc5</value>
         <object_component_ref idref="oc-5af"/>
      </symbol>
      <symbol id="sm-1a17">
         <name>strtod</name>
         <value>0x12dc5</value>
         <object_component_ref idref="oc-5af"/>
      </symbol>
      <symbol id="sm-1a3d">
         <name>strtoll</name>
         <value>0x13425</value>
         <object_component_ref idref="oc-5ba"/>
      </symbol>
      <symbol id="sm-1a5d">
         <name>strtoul</name>
         <value>0x1404d</value>
         <object_component_ref idref="oc-5a9"/>
      </symbol>
      <symbol id="sm-1a80">
         <name>strtoull</name>
         <value>0x13939</value>
         <object_component_ref idref="oc-5a3"/>
      </symbol>
      <symbol id="sm-1a90">
         <name>unlink</name>
         <value>0x15b35</value>
         <object_component_ref idref="oc-118"/>
      </symbol>
      <symbol id="sm-1aa1">
         <name>HOSTclose</name>
         <value>0x155fd</value>
         <object_component_ref idref="oc-65f"/>
      </symbol>
      <symbol id="sm-1ab2">
         <name>HOSTlseek</name>
         <value>0x14e89</value>
         <object_component_ref idref="oc-671"/>
      </symbol>
      <symbol id="sm-1ac4">
         <name>parmbuf</name>
         <value>0x20004538</value>
      </symbol>
      <symbol id="sm-1ac5">
         <name>HOSTopen</name>
         <value>0x15155</value>
         <object_component_ref idref="oc-659"/>
      </symbol>
      <symbol id="sm-1ad6">
         <name>HOSTread</name>
         <value>0x15269</value>
         <object_component_ref idref="oc-665"/>
      </symbol>
      <symbol id="sm-1ae7">
         <name>HOSTrename</name>
         <value>0x14e1d</value>
         <object_component_ref idref="oc-67d"/>
      </symbol>
      <symbol id="sm-1af8">
         <name>HOSTunlink</name>
         <value>0x15641</value>
         <object_component_ref idref="oc-677"/>
      </symbol>
      <symbol id="sm-1b09">
         <name>HOSTwrite</name>
         <value>0x152c1</value>
         <object_component_ref idref="oc-66b"/>
      </symbol>
      <symbol id="sm-1b2d">
         <name>__TI_readmsg</name>
         <value>0x15981</value>
         <object_component_ref idref="oc-6d7"/>
      </symbol>
      <symbol id="sm-1b2e">
         <name>C$$IO$$</name>
         <value>0x15833</value>
         <object_component_ref idref="oc-6d1"/>
      </symbol>
      <symbol id="sm-1b2f">
         <name>__CIOBUF_</name>
         <value>0x20004220</value>
         <object_component_ref idref="oc-711"/>
      </symbol>
      <symbol id="sm-1b30">
         <name>__TI_writemsg</name>
         <value>0x15805</value>
         <object_component_ref idref="oc-6d1"/>
      </symbol>
      <symbol id="sm-1b57">
         <name>scalbn</name>
         <value>0x13f3d</value>
         <object_component_ref idref="oc-699"/>
      </symbol>
      <symbol id="sm-1b58">
         <name>scalbnl</name>
         <value>0x13f3d</value>
         <object_component_ref idref="oc-699"/>
      </symbol>
      <symbol id="sm-1b59">
         <name>ldexpl</name>
         <value>0x13f3d</value>
         <object_component_ref idref="oc-699"/>
      </symbol>
      <symbol id="sm-1b5a">
         <name>ldexp</name>
         <value>0x13f3d</value>
         <object_component_ref idref="oc-699"/>
      </symbol>
      <symbol id="sm-1b63">
         <name>__aeabi_lmul</name>
         <value>0x15d6b</value>
         <object_component_ref idref="oc-690"/>
      </symbol>
      <symbol id="sm-1b6d">
         <name>copysign</name>
         <value>0x15d39</value>
         <object_component_ref idref="oc-6f2"/>
      </symbol>
      <symbol id="sm-1b6e">
         <name>copysignl</name>
         <value>0x15d39</value>
         <object_component_ref idref="oc-6f2"/>
      </symbol>
      <symbol id="sm-1b6f">
         <name>__TI_static_base__</name>
         <value>0x0</value>
      </symbol>
      <symbol id="sm-1b72">
         <name>__mpu_init</name>
         <value>0x0</value>
      </symbol>
      <symbol id="sm-1b73">
         <name>_system_post_cinit</name>
         <value>0x0</value>
      </symbol>
      <symbol id="sm-1b74">
         <name>remove</name>
         <value>0x15b35</value>
      </symbol>
   </symbol_table>
   <title>Link successful</title>
</link_info>
