******************************************************************************
                  TI ARM Linker PC v20.2.7                     
******************************************************************************
>> Linked Thu Jul 25 17:25:07 2024

OUTPUT FILE NAME:   <Mongoose_ethernet_3.out>
ENTRY POINT SYMBOL: "_c_int00_noargs"  address: 00000dbd


MEMORY CONFIGURATION

         name            origin    length      used     unused   attr    fill
----------------------  --------  ---------  --------  --------  ----  --------
  FLASH                 00000000   00100000  00001310  000fecf0  R  X
  SRAM                  20000000   00040000  000014f1  0003eb0f  RW X


SEGMENT ALLOCATION MAP

run origin  load origin   length   init length attrs members
----------  ----------- ---------- ----------- ----- -------
00000000    00000000    00001314   00001314    r-x
  00000000    00000000    00000208   00000208    r-- .intvecs
  00000208    00000208    00000da0   00000da0    r-x .text
  00000fa8    00000fa8    00000354   00000354    r-- .const
  00001300    00001300    00000014   00000014    r-- .cinit
20000000    20000000    000014f8   00000000    rw-
  20000000    20000000    000012e1   00000000    rw- .bss
  200012e8    200012e8    00000200   00000000    rw- .stack
  200014e8    200014e8    00000010   00000000    rw- .sysmem


SECTION ALLOCATION MAP

 output                                  attributes/
section   page    origin      length       input sections
--------  ----  ----------  ----------   ----------------
.intvecs   0    00000000    00000208     
                  00000000    00000208     tm4c129encpdt_startup_ccs.obj (.intvecs)

.text      0    00000208    00000da0     
                  00000208    00000500     main.obj (.text)
                  00000708    00000200     driverlib.lib : sysctl.obj (.text:SysCtlClockFreqSet)
                  00000908    00000132                   : gpio.obj (.text:GPIOPadConfigSet)
                  00000a3a    0000007a     rtsv7M4_T_le_v4SPD16_eabi.lib : memset_t2.asm.obj (.text)
                  00000ab4    00000068     driverlib.lib : interrupt.obj (.text:IntEnable)
                  00000b1c    00000058                   : emac.obj (.text:EMACPHYConfigSet)
                  00000b74    00000050                   : sysctl.obj (.text:SysCtlPeripheralReset)
                  00000bc4    00000048                   : gpio.obj (.text:GPIOPinConfigure)
                  00000c0c    00000048                   : sysctl.obj (.text:_SysCtlFrequencyGet)
                  00000c54    00000046                   : uart.obj (.text:UARTConfigSetExpClk)
                  00000c9a    00000002     --HOLE-- [fill = 0]
                  00000c9c    00000044     rtsv7M4_T_le_v4SPD16_eabi.lib : autoinit.c.obj (.text:__TI_auto_init_nobinit_nopinit:__TI_auto_init_nobinit_nopinit)
                  00000ce0    0000003a     driverlib.lib : emac.obj (.text:EMACIntEnable)
                  00000d1a    00000002     --HOLE-- [fill = 0]
                  00000d1c    00000038                   : sysctl.obj (.text:SysCtlPeripheralReady)
                  00000d54    00000034                   : emac.obj (.text:EMACIntClear)
                  00000d88    00000034                   : sysctl.obj (.text:SysCtlPeripheralEnable)
                  00000dbc    00000034     rtsv7M4_T_le_v4SPD16_eabi.lib : boot_cortex_m.c.obj (.text:_c_int00_noargs:_c_int00_noargs)
                  00000df0    0000002c     driverlib.lib : emac.obj (.text:EMACIntStatus)
                  00000e1c    0000002a                   : gpio.obj (.text:GPIODirModeSet)
                  00000e46    00000002     --HOLE-- [fill = 0]
                  00000e48    00000020                   : uart.obj (.text:UARTDisable)
                  00000e68    00000020                   : sysctl.obj (.text:_SysCtlMemTimingGet)
                  00000e88    00000018                   : gpio.obj (.text:GPIOPinTypeGPIOOutput)
                  00000ea0    00000016                   : emac.obj (.text:EMACReset)
                  00000eb6    00000016                   : emac.obj (.text:EMACRxEnable)
                  00000ecc    00000016                   : emac.obj (.text:EMACTxEnable)
                  00000ee2    00000002     --HOLE-- [fill = 0]
                  00000ee4    00000014                   : flash.obj (.text:FlashUserGet)
                  00000ef8    00000014                   : uart.obj (.text:UARTEnable)
                  00000f0c    00000012                   : gpio.obj (.text:GPIOPinTypeEthernetLED)
                  00000f1e    00000012                   : gpio.obj (.text:GPIOPinTypeGPIOInput)
                  00000f30    00000012                   : gpio.obj (.text:GPIOPinTypeUART)
                  00000f42    00000012                   : gpio.obj (.text:GPIOPinTypeUSBAnalog)
                  00000f54    00000012                   : gpio.obj (.text:GPIOPinTypeUSBDigital)
                  00000f66    0000000c     rtsv7M4_T_le_v4SPD16_eabi.lib : copy_zero_init.c.obj (.text:decompress:ZI:__TI_zero_init)
                  00000f72    0000000c     tm4c129encpdt_startup_ccs.obj (.text)
                  00000f7e    0000000a     driverlib.lib : uart.obj (.text:UARTCharPut)
                  00000f88    00000006                   : emac.obj (.text:EMACRxDMADescriptorListSet)
                  00000f8e    00000006                   : emac.obj (.text:EMACTxDMADescriptorListSet)
                  00000f94    00000006                   : gpio.obj (.text:GPIOPinWrite)
                  00000f9a    00000006                   : sysctl.obj (.text:SysCtlDelay)
                  00000fa0    00000004     rtsv7M4_T_le_v4SPD16_eabi.lib : pre_init.c.obj (.text:_system_pre_init)
                  00000fa4    00000004                                   : exit.c.obj (.text:abort:abort)

.const     0    00000fa8    00000354     
                  00000fa8    000001b0     driverlib.lib : sysctl.obj (.const:g_pppui32XTALtoVCO)
                  00001158    00000090                   : gpio.obj (.const:g_pui32GPIOBaseAddrs)
                  000011e8    00000070                   : interrupt.obj (.const)
                  00001258    0000006c                   : sysctl.obj (.const:g_pui32Xtals)
                  000012c4    00000030                   : sysctl.obj (.const:g_sXTALtoMEMTIM)
                  000012f4    00000008                   : sysctl.obj (.const)

.cinit     0    00001300    00000014     
                  00001300    00000008     (.cinit..bss.load) [load image, compression = zero_init]
                  00001308    00000004     (__TI_handler_table)
                  0000130c    00000008     (__TI_cinit_table)

.init_array 
*          0    00000000    00000000     UNINITIALIZED

.bss       0    20000000    000012e1     UNINITIALIZED
                  20000000    00001200     (.common:g_ppui8RxBuffer)
                  20001200    00000060     (.common:g_psRxDescriptor)
                  20001260    00000060     (.common:g_psTxDescriptor)
                  200012c0    00000008     (.common:pui8MACAddr)
                  200012c8    00000004     (.common:g_ui32RxDescIndex)
                  200012cc    00000004     (.common:g_ui32SysClock)
                  200012d0    00000004     (.common:g_ui32TxDescIndex)
                  200012d4    00000004     (.common:ui32SysClock)
                  200012d8    00000004     (.common:ui32User0)
                  200012dc    00000004     (.common:ui32User1)
                  200012e0    00000001     (.common:ui8PHYAddr)

.stack     0    200012e8    00000200     UNINITIALIZED
                  200012e8    00000004     rtsv7M4_T_le_v4SPD16_eabi.lib : boot_cortex_m.c.obj (.stack)
                  200012ec    000001fc     --HOLE--

.sysmem    0    200014e8    00000010     UNINITIALIZED
                  200014e8    00000010     rtsv7M4_T_le_v4SPD16_eabi.lib : memory.c.obj (.sysmem)

__llvm_prf_cnts 
*          0    20000000    00000000     UNINITIALIZED

MODULE SUMMARY

       Module                          code   ro data   rw data
       ------                          ----   -------   -------
    .\
       main.obj                        1280   0         4833   
       tm4c129encpdt_startup_ccs.obj   12     520       0      
    +--+-------------------------------+------+---------+---------+
       Total:                          1292   520       4833   
                                                               
    ../driverlib.lib
       sysctl.obj                      810    596       0      
       gpio.obj                        540    144       0      
       emac.obj                        320    0         0      
       interrupt.obj                   104    112       0      
       uart.obj                        132    0         0      
       flash.obj                       20     0         0      
    +--+-------------------------------+------+---------+---------+
       Total:                          1926   852       0      
                                                               
    C:\ti\ccs1271\ccs\tools\compiler\ti-cgt-arm_20.2.7.LTS\lib\rtsv7M4_T_le_v4SPD16_eabi.lib
       memset_t2.asm.obj               122    0         0      
       autoinit.c.obj                  68     0         0      
       boot_cortex_m.c.obj             52     0         0      
       copy_zero_init.c.obj            12     0         0      
       exit.c.obj                      4      0         0      
       pre_init.c.obj                  4      0         0      
    +--+-------------------------------+------+---------+---------+
       Total:                          262    0         0      
                                                               
       Heap:                           0      0         16     
       Stack:                          0      0         512    
       Linker Generated:               0      20        0      
    +--+-------------------------------+------+---------+---------+
       Grand Total:                    3480   1392      5361   


LINKER GENERATED COPY TABLES

__TI_cinit_table @ 0000130c records: 1, size/record: 8, table size: 8
	.bss: load addr=00001300, load size=00000008 bytes, run addr=20000000, run size=000012e1 bytes, compression=zero_init


LINKER GENERATED HANDLER TABLE

__TI_handler_table @ 00001308 records: 1, size/record: 4, table size: 4
	index: 0, handler: __TI_zero_init


GLOBAL SYMBOLS: SORTED ALPHABETICALLY BY Name 

address   name                          
-------   ----                          
00000fa5  C$$EXIT                       
00000d55  EMACIntClear                  
00000ce1  EMACIntEnable                 
00000df1  EMACIntStatus                 
00000b1d  EMACPHYConfigSet              
00000ea1  EMACReset                     
00000f89  EMACRxDMADescriptorListSet    
00000eb7  EMACRxEnable                  
00000f8f  EMACTxDMADescriptorListSet    
00000ecd  EMACTxEnable                  
00000445  EthernetIntHandler            
00000ee5  FlashUserGet                  
00000e1d  GPIODirModeSet                
00000909  GPIOPadConfigSet              
00000bc5  GPIOPinConfigure              
00000f0d  GPIOPinTypeEthernetLED        
00000f1f  GPIOPinTypeGPIOInput          
00000e89  GPIOPinTypeGPIOOutput         
00000f31  GPIOPinTypeUART               
00000f43  GPIOPinTypeUSBAnalog          
00000f55  GPIOPinTypeUSBDigital         
00000f95  GPIOPinWrite                  
00000471  InitDescriptors               
00000ab5  IntEnable                     
0000030d  PinoutSet                     
00000439  ProcessReceivedPacket         
00000f73  ResetISR                      
00000709  SysCtlClockFreqSet            
00000f9b  SysCtlDelay                   
00000d89  SysCtlPeripheralEnable        
00000d1d  SysCtlPeripheralReady         
00000b75  SysCtlPeripheralReset         
00000f7f  UARTCharPut                   
00000c55  UARTConfigSetExpClk           
00000e49  UARTDisable                   
00000ef9  UARTEnable                    
00000299  UARTSend                      
200014e8  __STACK_END                   
00000200  __STACK_SIZE                  
200014e8  __STACK_TOP                   
00000010  __SYSMEM_SIZE                 
0000130c  __TI_CINIT_Base               
00001314  __TI_CINIT_Limit              
00001308  __TI_Handler_Table_Base       
0000130c  __TI_Handler_Table_Limit      
00000c9d  __TI_auto_init_nobinit_nopinit
ffffffff  __TI_pprof_out_hndl           
ffffffff  __TI_prof_data_size           
ffffffff  __TI_prof_data_start          
00000000  __TI_static_base__            
00000f67  __TI_zero_init                
00000a3b  __aeabi_memclr                
00000a3b  __aeabi_memclr4               
00000a3b  __aeabi_memclr8               
00000a3d  __aeabi_memset                
00000a3d  __aeabi_memset4               
00000a3d  __aeabi_memset8               
ffffffff  __binit__                     
ffffffff  __c_args__                    
UNDEFED   __mpu_init                    
200012e8  __stack                       
20000000  __start___llvm_prf_cnts       
20000000  __stop___llvm_prf_cnts        
00000dbd  _c_int00_noargs               
200014e8  _sys_memory                   
UNDEFED   _system_post_cinit            
00000fa1  _system_pre_init              
00000fa5  abort                         
ffffffff  binit                         
00000555  ethernet_init                 
00000000  g_pfnVectors                  
20000000  g_ppui8RxBuffer               
20001200  g_psRxDescriptor              
20001260  g_psTxDescriptor              
200012c8  g_ui32RxDescIndex             
200012cc  g_ui32SysClock                
200012d0  g_ui32TxDescIndex             
00000209  gpio_init                     
00000669  main                          
00000a43  memset                        
200012c0  pui8MACAddr                   
000002c1  uart_init                     
200012d4  ui32SysClock                  
200012d8  ui32User0                     
200012dc  ui32User1                     
200012e0  ui8PHYAddr                    


GLOBAL SYMBOLS: SORTED BY Symbol Address 

address   name                          
-------   ----                          
00000000  __TI_static_base__            
00000000  g_pfnVectors                  
00000010  __SYSMEM_SIZE                 
00000200  __STACK_SIZE                  
00000209  gpio_init                     
00000299  UARTSend                      
000002c1  uart_init                     
0000030d  PinoutSet                     
00000439  ProcessReceivedPacket         
00000445  EthernetIntHandler            
00000471  InitDescriptors               
00000555  ethernet_init                 
00000669  main                          
00000709  SysCtlClockFreqSet            
00000909  GPIOPadConfigSet              
00000a3b  __aeabi_memclr                
00000a3b  __aeabi_memclr4               
00000a3b  __aeabi_memclr8               
00000a3d  __aeabi_memset                
00000a3d  __aeabi_memset4               
00000a3d  __aeabi_memset8               
00000a43  memset                        
00000ab5  IntEnable                     
00000b1d  EMACPHYConfigSet              
00000b75  SysCtlPeripheralReset         
00000bc5  GPIOPinConfigure              
00000c55  UARTConfigSetExpClk           
00000c9d  __TI_auto_init_nobinit_nopinit
00000ce1  EMACIntEnable                 
00000d1d  SysCtlPeripheralReady         
00000d55  EMACIntClear                  
00000d89  SysCtlPeripheralEnable        
00000dbd  _c_int00_noargs               
00000df1  EMACIntStatus                 
00000e1d  GPIODirModeSet                
00000e49  UARTDisable                   
00000e89  GPIOPinTypeGPIOOutput         
00000ea1  EMACReset                     
00000eb7  EMACRxEnable                  
00000ecd  EMACTxEnable                  
00000ee5  FlashUserGet                  
00000ef9  UARTEnable                    
00000f0d  GPIOPinTypeEthernetLED        
00000f1f  GPIOPinTypeGPIOInput          
00000f31  GPIOPinTypeUART               
00000f43  GPIOPinTypeUSBAnalog          
00000f55  GPIOPinTypeUSBDigital         
00000f67  __TI_zero_init                
00000f73  ResetISR                      
00000f7f  UARTCharPut                   
00000f89  EMACRxDMADescriptorListSet    
00000f8f  EMACTxDMADescriptorListSet    
00000f95  GPIOPinWrite                  
00000f9b  SysCtlDelay                   
00000fa1  _system_pre_init              
00000fa5  C$$EXIT                       
00000fa5  abort                         
00001308  __TI_Handler_Table_Base       
0000130c  __TI_CINIT_Base               
0000130c  __TI_Handler_Table_Limit      
00001314  __TI_CINIT_Limit              
20000000  __start___llvm_prf_cnts       
20000000  __stop___llvm_prf_cnts        
20000000  g_ppui8RxBuffer               
20001200  g_psRxDescriptor              
20001260  g_psTxDescriptor              
200012c0  pui8MACAddr                   
200012c8  g_ui32RxDescIndex             
200012cc  g_ui32SysClock                
200012d0  g_ui32TxDescIndex             
200012d4  ui32SysClock                  
200012d8  ui32User0                     
200012dc  ui32User1                     
200012e0  ui8PHYAddr                    
200012e8  __stack                       
200014e8  __STACK_END                   
200014e8  __STACK_TOP                   
200014e8  _sys_memory                   
ffffffff  __TI_pprof_out_hndl           
ffffffff  __TI_prof_data_size           
ffffffff  __TI_prof_data_start          
ffffffff  __binit__                     
ffffffff  __c_args__                    
ffffffff  binit                         
UNDEFED   __mpu_init                    
UNDEFED   _system_post_cinit            

[86 symbols]
