<?xml version="1.0" encoding="ISO-8859-1" ?>
<link_info>
   <banner>TI ARM Linker PC v20.2.7.LTS</banner>
   <copyright>Copyright (c) 1996-2018 Texas Instruments Incorporated</copyright>
   <link_time>0x66a253a1</link_time>
   <link_errors>0x0</link_errors>
   <output_file>Mongoose_ethernet_6.out</output_file>
   <entry_point>
      <name>_c_int00_noargs</name>
      <address>0x15a09</address>
   </entry_point>
   <input_file_list>
      <input_file id="fl-2">
         <path>.\</path>
         <kind>object</kind>
         <file>main.obj</file>
         <name>main.obj</name>
      </input_file>
      <input_file id="fl-3">
         <path>.\</path>
         <kind>object</kind>
         <file>tm4c129encpdt_startup_ccs.obj</file>
         <name>tm4c129encpdt_startup_ccs.obj</name>
      </input_file>
      <input_file id="fl-4">
         <path>.\mongoose\</path>
         <kind>object</kind>
         <file>mongoose.obj</file>
         <name>mongoose.obj</name>
      </input_file>
      <input_file id="fl-5">
         <path>.\mongoose\</path>
         <kind>object</kind>
         <file>packed_fs.obj</file>
         <name>packed_fs.obj</name>
      </input_file>
      <input_file id="fl-a">
         <kind>object</kind>
         <file>&lt;internal&gt;</file>
         <name>&lt;internal&gt;</name>
      </input_file>
      <input_file id="fl-b">
         <path>..\</path>
         <kind>archive</kind>
         <file>driverlib.lib</file>
         <name>emac.obj</name>
      </input_file>
      <input_file id="fl-c">
         <path>..\</path>
         <kind>archive</kind>
         <file>driverlib.lib</file>
         <name>flash.obj</name>
      </input_file>
      <input_file id="fl-d">
         <path>..\</path>
         <kind>archive</kind>
         <file>driverlib.lib</file>
         <name>gpio.obj</name>
      </input_file>
      <input_file id="fl-e">
         <path>..\</path>
         <kind>archive</kind>
         <file>driverlib.lib</file>
         <name>interrupt.obj</name>
      </input_file>
      <input_file id="fl-f">
         <path>..\</path>
         <kind>archive</kind>
         <file>driverlib.lib</file>
         <name>sw_crc.obj</name>
      </input_file>
      <input_file id="fl-10">
         <path>..\</path>
         <kind>archive</kind>
         <file>driverlib.lib</file>
         <name>sysctl.obj</name>
      </input_file>
      <input_file id="fl-11">
         <path>..\</path>
         <kind>archive</kind>
         <file>driverlib.lib</file>
         <name>uart.obj</name>
      </input_file>
      <input_file id="fl-12">
         <path>..\</path>
         <kind>archive</kind>
         <file>driverlib.lib</file>
         <name>cpu.obj</name>
      </input_file>
      <input_file id="fl-c8">
         <path>C:\ti\ccs1271\ccs\tools\compiler\ti-cgt-arm_20.2.7.LTS\lib\</path>
         <kind>archive</kind>
         <file>rtsv7M4_T_le_v4SPD16_eabi.lib</file>
         <name>sscanf.c.obj</name>
      </input_file>
      <input_file id="fl-c9">
         <path>C:\ti\ccs1271\ccs\tools\compiler\ti-cgt-arm_20.2.7.LTS\lib\</path>
         <kind>archive</kind>
         <file>rtsv7M4_T_le_v4SPD16_eabi.lib</file>
         <name>fclose.c.obj</name>
      </input_file>
      <input_file id="fl-ca">
         <path>C:\ti\ccs1271\ccs\tools\compiler\ti-cgt-arm_20.2.7.LTS\lib\</path>
         <kind>archive</kind>
         <file>rtsv7M4_T_le_v4SPD16_eabi.lib</file>
         <name>fflush.c.obj</name>
      </input_file>
      <input_file id="fl-cb">
         <path>C:\ti\ccs1271\ccs\tools\compiler\ti-cgt-arm_20.2.7.LTS\lib\</path>
         <kind>archive</kind>
         <file>rtsv7M4_T_le_v4SPD16_eabi.lib</file>
         <name>fopen.c.obj</name>
      </input_file>
      <input_file id="fl-cc">
         <path>C:\ti\ccs1271\ccs\tools\compiler\ti-cgt-arm_20.2.7.LTS\lib\</path>
         <kind>archive</kind>
         <file>rtsv7M4_T_le_v4SPD16_eabi.lib</file>
         <name>fputc.c.obj</name>
      </input_file>
      <input_file id="fl-cd">
         <path>C:\ti\ccs1271\ccs\tools\compiler\ti-cgt-arm_20.2.7.LTS\lib\</path>
         <kind>archive</kind>
         <file>rtsv7M4_T_le_v4SPD16_eabi.lib</file>
         <name>fread.c.obj</name>
      </input_file>
      <input_file id="fl-ce">
         <path>C:\ti\ccs1271\ccs\tools\compiler\ti-cgt-arm_20.2.7.LTS\lib\</path>
         <kind>archive</kind>
         <file>rtsv7M4_T_le_v4SPD16_eabi.lib</file>
         <name>fseek.c.obj</name>
      </input_file>
      <input_file id="fl-cf">
         <path>C:\ti\ccs1271\ccs\tools\compiler\ti-cgt-arm_20.2.7.LTS\lib\</path>
         <kind>archive</kind>
         <file>rtsv7M4_T_le_v4SPD16_eabi.lib</file>
         <name>ftell.c.obj</name>
      </input_file>
      <input_file id="fl-d0">
         <path>C:\ti\ccs1271\ccs\tools\compiler\ti-cgt-arm_20.2.7.LTS\lib\</path>
         <kind>archive</kind>
         <file>rtsv7M4_T_le_v4SPD16_eabi.lib</file>
         <name>fwrite.c.obj</name>
      </input_file>
      <input_file id="fl-d1">
         <path>C:\ti\ccs1271\ccs\tools\compiler\ti-cgt-arm_20.2.7.LTS\lib\</path>
         <kind>archive</kind>
         <file>rtsv7M4_T_le_v4SPD16_eabi.lib</file>
         <name>_bufread.c.obj</name>
      </input_file>
      <input_file id="fl-d2">
         <path>C:\ti\ccs1271\ccs\tools\compiler\ti-cgt-arm_20.2.7.LTS\lib\</path>
         <kind>archive</kind>
         <file>rtsv7M4_T_le_v4SPD16_eabi.lib</file>
         <name>_io_perm.c.obj</name>
      </input_file>
      <input_file id="fl-d3">
         <path>C:\ti\ccs1271\ccs\tools\compiler\ti-cgt-arm_20.2.7.LTS\lib\</path>
         <kind>archive</kind>
         <file>rtsv7M4_T_le_v4SPD16_eabi.lib</file>
         <name>setvbuf.c.obj</name>
      </input_file>
      <input_file id="fl-d4">
         <path>C:\ti\ccs1271\ccs\tools\compiler\ti-cgt-arm_20.2.7.LTS\lib\</path>
         <kind>archive</kind>
         <file>rtsv7M4_T_le_v4SPD16_eabi.lib</file>
         <name>fd_add_t2.asm.obj</name>
      </input_file>
      <input_file id="fl-d5">
         <path>C:\ti\ccs1271\ccs\tools\compiler\ti-cgt-arm_20.2.7.LTS\lib\</path>
         <kind>archive</kind>
         <file>rtsv7M4_T_le_v4SPD16_eabi.lib</file>
         <name>fd_cmp_t2.asm.obj</name>
      </input_file>
      <input_file id="fl-d6">
         <path>C:\ti\ccs1271\ccs\tools\compiler\ti-cgt-arm_20.2.7.LTS\lib\</path>
         <kind>archive</kind>
         <file>rtsv7M4_T_le_v4SPD16_eabi.lib</file>
         <name>fd_div_t2.asm.obj</name>
      </input_file>
      <input_file id="fl-d7">
         <path>C:\ti\ccs1271\ccs\tools\compiler\ti-cgt-arm_20.2.7.LTS\lib\</path>
         <kind>archive</kind>
         <file>rtsv7M4_T_le_v4SPD16_eabi.lib</file>
         <name>fd_mul_t2.asm.obj</name>
      </input_file>
      <input_file id="fl-d8">
         <path>C:\ti\ccs1271\ccs\tools\compiler\ti-cgt-arm_20.2.7.LTS\lib\</path>
         <kind>archive</kind>
         <file>rtsv7M4_T_le_v4SPD16_eabi.lib</file>
         <name>fd_toi_t2.asm.obj</name>
      </input_file>
      <input_file id="fl-d9">
         <path>C:\ti\ccs1271\ccs\tools\compiler\ti-cgt-arm_20.2.7.LTS\lib\</path>
         <kind>archive</kind>
         <file>rtsv7M4_T_le_v4SPD16_eabi.lib</file>
         <name>fd_toll_t2.asm.obj</name>
      </input_file>
      <input_file id="fl-da">
         <path>C:\ti\ccs1271\ccs\tools\compiler\ti-cgt-arm_20.2.7.LTS\lib\</path>
         <kind>archive</kind>
         <file>rtsv7M4_T_le_v4SPD16_eabi.lib</file>
         <name>fd_tou_t2.asm.obj</name>
      </input_file>
      <input_file id="fl-db">
         <path>C:\ti\ccs1271\ccs\tools\compiler\ti-cgt-arm_20.2.7.LTS\lib\</path>
         <kind>archive</kind>
         <file>rtsv7M4_T_le_v4SPD16_eabi.lib</file>
         <name>i_tofd_t2.asm.obj</name>
      </input_file>
      <input_file id="fl-dc">
         <path>C:\ti\ccs1271\ccs\tools\compiler\ti-cgt-arm_20.2.7.LTS\lib\</path>
         <kind>archive</kind>
         <file>rtsv7M4_T_le_v4SPD16_eabi.lib</file>
         <name>ll_tofd_t2.asm.obj</name>
      </input_file>
      <input_file id="fl-dd">
         <path>C:\ti\ccs1271\ccs\tools\compiler\ti-cgt-arm_20.2.7.LTS\lib\</path>
         <kind>archive</kind>
         <file>rtsv7M4_T_le_v4SPD16_eabi.lib</file>
         <name>memcpy_t2.asm.obj</name>
      </input_file>
      <input_file id="fl-de">
         <path>C:\ti\ccs1271\ccs\tools\compiler\ti-cgt-arm_20.2.7.LTS\lib\</path>
         <kind>archive</kind>
         <file>rtsv7M4_T_le_v4SPD16_eabi.lib</file>
         <name>u_tofd_t2.asm.obj</name>
      </input_file>
      <input_file id="fl-df">
         <path>C:\ti\ccs1271\ccs\tools\compiler\ti-cgt-arm_20.2.7.LTS\lib\</path>
         <kind>archive</kind>
         <file>rtsv7M4_T_le_v4SPD16_eabi.lib</file>
         <name>memset_t2.asm.obj</name>
      </input_file>
      <input_file id="fl-e0">
         <path>C:\ti\ccs1271\ccs\tools\compiler\ti-cgt-arm_20.2.7.LTS\lib\</path>
         <kind>archive</kind>
         <file>rtsv7M4_T_le_v4SPD16_eabi.lib</file>
         <name>ll_div_t2.asm.obj</name>
      </input_file>
      <input_file id="fl-e1">
         <path>C:\ti\ccs1271\ccs\tools\compiler\ti-cgt-arm_20.2.7.LTS\lib\</path>
         <kind>archive</kind>
         <file>rtsv7M4_T_le_v4SPD16_eabi.lib</file>
         <name>ull_div_t2.asm.obj</name>
      </input_file>
      <input_file id="fl-e2">
         <path>C:\ti\ccs1271\ccs\tools\compiler\ti-cgt-arm_20.2.7.LTS\lib\</path>
         <kind>archive</kind>
         <file>rtsv7M4_T_le_v4SPD16_eabi.lib</file>
         <name>copy_zero_init.c.obj</name>
      </input_file>
      <input_file id="fl-e3">
         <path>C:\ti\ccs1271\ccs\tools\compiler\ti-cgt-arm_20.2.7.LTS\lib\</path>
         <kind>archive</kind>
         <file>rtsv7M4_T_le_v4SPD16_eabi.lib</file>
         <name>copy_decompress_none.c.obj</name>
      </input_file>
      <input_file id="fl-e4">
         <path>C:\ti\ccs1271\ccs\tools\compiler\ti-cgt-arm_20.2.7.LTS\lib\</path>
         <kind>archive</kind>
         <file>rtsv7M4_T_le_v4SPD16_eabi.lib</file>
         <name>copy_decompress_lzss.c.obj</name>
      </input_file>
      <input_file id="fl-e5">
         <path>C:\ti\ccs1271\ccs\tools\compiler\ti-cgt-arm_20.2.7.LTS\lib\</path>
         <kind>archive</kind>
         <file>rtsv7M4_T_le_v4SPD16_eabi.lib</file>
         <name>exit.c.obj</name>
      </input_file>
      <input_file id="fl-e6">
         <path>C:\ti\ccs1271\ccs\tools\compiler\ti-cgt-arm_20.2.7.LTS\lib\</path>
         <kind>archive</kind>
         <file>rtsv7M4_T_le_v4SPD16_eabi.lib</file>
         <name>_lock.c.obj</name>
      </input_file>
      <input_file id="fl-e7">
         <path>C:\ti\ccs1271\ccs\tools\compiler\ti-cgt-arm_20.2.7.LTS\lib\</path>
         <kind>archive</kind>
         <file>rtsv7M4_T_le_v4SPD16_eabi.lib</file>
         <name>atoi.c.obj</name>
      </input_file>
      <input_file id="fl-e8">
         <path>C:\ti\ccs1271\ccs\tools\compiler\ti-cgt-arm_20.2.7.LTS\lib\</path>
         <kind>archive</kind>
         <file>rtsv7M4_T_le_v4SPD16_eabi.lib</file>
         <name>ctype.c.obj</name>
      </input_file>
      <input_file id="fl-e9">
         <path>C:\ti\ccs1271\ccs\tools\compiler\ti-cgt-arm_20.2.7.LTS\lib\</path>
         <kind>archive</kind>
         <file>rtsv7M4_T_le_v4SPD16_eabi.lib</file>
         <name>defs.c.obj</name>
      </input_file>
      <input_file id="fl-ea">
         <path>C:\ti\ccs1271\ccs\tools\compiler\ti-cgt-arm_20.2.7.LTS\lib\</path>
         <kind>archive</kind>
         <file>rtsv7M4_T_le_v4SPD16_eabi.lib</file>
         <name>memchr.c.obj</name>
      </input_file>
      <input_file id="fl-eb">
         <path>C:\ti\ccs1271\ccs\tools\compiler\ti-cgt-arm_20.2.7.LTS\lib\</path>
         <kind>archive</kind>
         <file>rtsv7M4_T_le_v4SPD16_eabi.lib</file>
         <name>memcmp.c.obj</name>
      </input_file>
      <input_file id="fl-ec">
         <path>C:\ti\ccs1271\ccs\tools\compiler\ti-cgt-arm_20.2.7.LTS\lib\</path>
         <kind>archive</kind>
         <file>rtsv7M4_T_le_v4SPD16_eabi.lib</file>
         <name>memmov.c.obj</name>
      </input_file>
      <input_file id="fl-ed">
         <path>C:\ti\ccs1271\ccs\tools\compiler\ti-cgt-arm_20.2.7.LTS\lib\</path>
         <kind>archive</kind>
         <file>rtsv7M4_T_le_v4SPD16_eabi.lib</file>
         <name>memory.c.obj</name>
      </input_file>
      <input_file id="fl-ee">
         <path>C:\ti\ccs1271\ccs\tools\compiler\ti-cgt-arm_20.2.7.LTS\lib\</path>
         <kind>archive</kind>
         <file>rtsv7M4_T_le_v4SPD16_eabi.lib</file>
         <name>rand.c.obj</name>
      </input_file>
      <input_file id="fl-ef">
         <path>C:\ti\ccs1271\ccs\tools\compiler\ti-cgt-arm_20.2.7.LTS\lib\</path>
         <kind>archive</kind>
         <file>rtsv7M4_T_le_v4SPD16_eabi.lib</file>
         <name>strchr.c.obj</name>
      </input_file>
      <input_file id="fl-f0">
         <path>C:\ti\ccs1271\ccs\tools\compiler\ti-cgt-arm_20.2.7.LTS\lib\</path>
         <kind>archive</kind>
         <file>rtsv7M4_T_le_v4SPD16_eabi.lib</file>
         <name>strcmp.c.obj</name>
      </input_file>
      <input_file id="fl-f1">
         <path>C:\ti\ccs1271\ccs\tools\compiler\ti-cgt-arm_20.2.7.LTS\lib\</path>
         <kind>archive</kind>
         <file>rtsv7M4_T_le_v4SPD16_eabi.lib</file>
         <name>strcpy.c.obj</name>
      </input_file>
      <input_file id="fl-f2">
         <path>C:\ti\ccs1271\ccs\tools\compiler\ti-cgt-arm_20.2.7.LTS\lib\</path>
         <kind>archive</kind>
         <file>rtsv7M4_T_le_v4SPD16_eabi.lib</file>
         <name>strlen.c.obj</name>
      </input_file>
      <input_file id="fl-f3">
         <path>C:\ti\ccs1271\ccs\tools\compiler\ti-cgt-arm_20.2.7.LTS\lib\</path>
         <kind>archive</kind>
         <file>rtsv7M4_T_le_v4SPD16_eabi.lib</file>
         <name>strncmp.c.obj</name>
      </input_file>
      <input_file id="fl-f4">
         <path>C:\ti\ccs1271\ccs\tools\compiler\ti-cgt-arm_20.2.7.LTS\lib\</path>
         <kind>archive</kind>
         <file>rtsv7M4_T_le_v4SPD16_eabi.lib</file>
         <name>strrchr.c.obj</name>
      </input_file>
      <input_file id="fl-f5">
         <path>C:\ti\ccs1271\ccs\tools\compiler\ti-cgt-arm_20.2.7.LTS\lib\</path>
         <kind>archive</kind>
         <file>rtsv7M4_T_le_v4SPD16_eabi.lib</file>
         <name>strstr.c.obj</name>
      </input_file>
      <input_file id="fl-f6">
         <path>C:\ti\ccs1271\ccs\tools\compiler\ti-cgt-arm_20.2.7.LTS\lib\</path>
         <kind>archive</kind>
         <file>rtsv7M4_T_le_v4SPD16_eabi.lib</file>
         <name>strtol.c.obj</name>
      </input_file>
      <input_file id="fl-f7">
         <path>C:\ti\ccs1271\ccs\tools\compiler\ti-cgt-arm_20.2.7.LTS\lib\</path>
         <kind>archive</kind>
         <file>rtsv7M4_T_le_v4SPD16_eabi.lib</file>
         <name>boot_cortex_m.c.obj</name>
      </input_file>
      <input_file id="fl-f8">
         <path>C:\ti\ccs1271\ccs\tools\compiler\ti-cgt-arm_20.2.7.LTS\lib\</path>
         <kind>archive</kind>
         <file>rtsv7M4_T_le_v4SPD16_eabi.lib</file>
         <name>write.c.obj</name>
      </input_file>
      <input_file id="fl-f9">
         <path>C:\ti\ccs1271\ccs\tools\compiler\ti-cgt-arm_20.2.7.LTS\lib\</path>
         <kind>archive</kind>
         <file>rtsv7M4_T_le_v4SPD16_eabi.lib</file>
         <name>host_device.c.obj</name>
      </input_file>
      <input_file id="fl-fa">
         <path>C:\ti\ccs1271\ccs\tools\compiler\ti-cgt-arm_20.2.7.LTS\lib\</path>
         <kind>archive</kind>
         <file>rtsv7M4_T_le_v4SPD16_eabi.lib</file>
         <name>rename.c.obj</name>
      </input_file>
      <input_file id="fl-fb">
         <path>C:\ti\ccs1271\ccs\tools\compiler\ti-cgt-arm_20.2.7.LTS\lib\</path>
         <kind>archive</kind>
         <file>rtsv7M4_T_le_v4SPD16_eabi.lib</file>
         <name>remove.c.obj</name>
      </input_file>
      <input_file id="fl-fc">
         <path>C:\ti\ccs1271\ccs\tools\compiler\ti-cgt-arm_20.2.7.LTS\lib\</path>
         <kind>archive</kind>
         <file>rtsv7M4_T_le_v4SPD16_eabi.lib</file>
         <name>read.c.obj</name>
      </input_file>
      <input_file id="fl-fd">
         <path>C:\ti\ccs1271\ccs\tools\compiler\ti-cgt-arm_20.2.7.LTS\lib\</path>
         <kind>archive</kind>
         <file>rtsv7M4_T_le_v4SPD16_eabi.lib</file>
         <name>open.c.obj</name>
      </input_file>
      <input_file id="fl-fe">
         <path>C:\ti\ccs1271\ccs\tools\compiler\ti-cgt-arm_20.2.7.LTS\lib\</path>
         <kind>archive</kind>
         <file>rtsv7M4_T_le_v4SPD16_eabi.lib</file>
         <name>lseek.c.obj</name>
      </input_file>
      <input_file id="fl-ff">
         <path>C:\ti\ccs1271\ccs\tools\compiler\ti-cgt-arm_20.2.7.LTS\lib\</path>
         <kind>archive</kind>
         <file>rtsv7M4_T_le_v4SPD16_eabi.lib</file>
         <name>close.c.obj</name>
      </input_file>
      <input_file id="fl-100">
         <path>C:\ti\ccs1271\ccs\tools\compiler\ti-cgt-arm_20.2.7.LTS\lib\</path>
         <kind>archive</kind>
         <file>rtsv7M4_T_le_v4SPD16_eabi.lib</file>
         <name>errno.c.obj</name>
      </input_file>
      <input_file id="fl-101">
         <path>C:\ti\ccs1271\ccs\tools\compiler\ti-cgt-arm_20.2.7.LTS\lib\</path>
         <kind>archive</kind>
         <file>rtsv7M4_T_le_v4SPD16_eabi.lib</file>
         <name>_scanfi.c.obj</name>
      </input_file>
      <input_file id="fl-102">
         <path>C:\ti\ccs1271\ccs\tools\compiler\ti-cgt-arm_20.2.7.LTS\lib\</path>
         <kind>archive</kind>
         <file>rtsv7M4_T_le_v4SPD16_eabi.lib</file>
         <name>getdevice.c.obj</name>
      </input_file>
      <input_file id="fl-103">
         <path>C:\ti\ccs1271\ccs\tools\compiler\ti-cgt-arm_20.2.7.LTS\lib\</path>
         <kind>archive</kind>
         <file>rtsv7M4_T_le_v4SPD16_eabi.lib</file>
         <name>div0.asm.obj</name>
      </input_file>
      <input_file id="fl-104">
         <path>C:\ti\ccs1271\ccs\tools\compiler\ti-cgt-arm_20.2.7.LTS\lib\</path>
         <kind>archive</kind>
         <file>rtsv7M4_T_le_v4SPD16_eabi.lib</file>
         <name>fd_tos_t2.asm.obj</name>
      </input_file>
      <input_file id="fl-105">
         <path>C:\ti\ccs1271\ccs\tools\compiler\ti-cgt-arm_20.2.7.LTS\lib\</path>
         <kind>archive</kind>
         <file>rtsv7M4_T_le_v4SPD16_eabi.lib</file>
         <name>autoinit.c.obj</name>
      </input_file>
      <input_file id="fl-106">
         <path>C:\ti\ccs1271\ccs\tools\compiler\ti-cgt-arm_20.2.7.LTS\lib\</path>
         <kind>archive</kind>
         <file>rtsv7M4_T_le_v4SPD16_eabi.lib</file>
         <name>pre_init.c.obj</name>
      </input_file>
      <input_file id="fl-107">
         <path>C:\ti\ccs1271\ccs\tools\compiler\ti-cgt-arm_20.2.7.LTS\lib\</path>
         <kind>archive</kind>
         <file>rtsv7M4_T_le_v4SPD16_eabi.lib</file>
         <name>cpy_tbl.c.obj</name>
      </input_file>
      <input_file id="fl-108">
         <path>C:\ti\ccs1271\ccs\tools\compiler\ti-cgt-arm_20.2.7.LTS\lib\</path>
         <kind>archive</kind>
         <file>rtsv7M4_T_le_v4SPD16_eabi.lib</file>
         <name>args_main.c.obj</name>
      </input_file>
      <input_file id="fl-109">
         <path>C:\ti\ccs1271\ccs\tools\compiler\ti-cgt-arm_20.2.7.LTS\lib\</path>
         <kind>archive</kind>
         <file>rtsv7M4_T_le_v4SPD16_eabi.lib</file>
         <name>strncpy.c.obj</name>
      </input_file>
      <input_file id="fl-10a">
         <path>C:\ti\ccs1271\ccs\tools\compiler\ti-cgt-arm_20.2.7.LTS\lib\</path>
         <kind>archive</kind>
         <file>rtsv7M4_T_le_v4SPD16_eabi.lib</file>
         <name>strtod.c.obj</name>
      </input_file>
      <input_file id="fl-10b">
         <path>C:\ti\ccs1271\ccs\tools\compiler\ti-cgt-arm_20.2.7.LTS\lib\</path>
         <kind>archive</kind>
         <file>rtsv7M4_T_le_v4SPD16_eabi.lib</file>
         <name>strtoll.c.obj</name>
      </input_file>
      <input_file id="fl-10c">
         <path>C:\ti\ccs1271\ccs\tools\compiler\ti-cgt-arm_20.2.7.LTS\lib\</path>
         <kind>archive</kind>
         <file>rtsv7M4_T_le_v4SPD16_eabi.lib</file>
         <name>strtoul.c.obj</name>
      </input_file>
      <input_file id="fl-10d">
         <path>C:\ti\ccs1271\ccs\tools\compiler\ti-cgt-arm_20.2.7.LTS\lib\</path>
         <kind>archive</kind>
         <file>rtsv7M4_T_le_v4SPD16_eabi.lib</file>
         <name>strtoull.c.obj</name>
      </input_file>
      <input_file id="fl-10e">
         <path>C:\ti\ccs1271\ccs\tools\compiler\ti-cgt-arm_20.2.7.LTS\lib\</path>
         <kind>archive</kind>
         <file>rtsv7M4_T_le_v4SPD16_eabi.lib</file>
         <name>unlink.c.obj</name>
      </input_file>
      <input_file id="fl-10f">
         <path>C:\ti\ccs1271\ccs\tools\compiler\ti-cgt-arm_20.2.7.LTS\lib\</path>
         <kind>archive</kind>
         <file>rtsv7M4_T_le_v4SPD16_eabi.lib</file>
         <name>hostclose.c.obj</name>
      </input_file>
      <input_file id="fl-110">
         <path>C:\ti\ccs1271\ccs\tools\compiler\ti-cgt-arm_20.2.7.LTS\lib\</path>
         <kind>archive</kind>
         <file>rtsv7M4_T_le_v4SPD16_eabi.lib</file>
         <name>hostlseek.c.obj</name>
      </input_file>
      <input_file id="fl-111">
         <path>C:\ti\ccs1271\ccs\tools\compiler\ti-cgt-arm_20.2.7.LTS\lib\</path>
         <kind>archive</kind>
         <file>rtsv7M4_T_le_v4SPD16_eabi.lib</file>
         <name>hostopen.c.obj</name>
      </input_file>
      <input_file id="fl-112">
         <path>C:\ti\ccs1271\ccs\tools\compiler\ti-cgt-arm_20.2.7.LTS\lib\</path>
         <kind>archive</kind>
         <file>rtsv7M4_T_le_v4SPD16_eabi.lib</file>
         <name>hostread.c.obj</name>
      </input_file>
      <input_file id="fl-113">
         <path>C:\ti\ccs1271\ccs\tools\compiler\ti-cgt-arm_20.2.7.LTS\lib\</path>
         <kind>archive</kind>
         <file>rtsv7M4_T_le_v4SPD16_eabi.lib</file>
         <name>hostrename.c.obj</name>
      </input_file>
      <input_file id="fl-114">
         <path>C:\ti\ccs1271\ccs\tools\compiler\ti-cgt-arm_20.2.7.LTS\lib\</path>
         <kind>archive</kind>
         <file>rtsv7M4_T_le_v4SPD16_eabi.lib</file>
         <name>hostunlink.c.obj</name>
      </input_file>
      <input_file id="fl-115">
         <path>C:\ti\ccs1271\ccs\tools\compiler\ti-cgt-arm_20.2.7.LTS\lib\</path>
         <kind>archive</kind>
         <file>rtsv7M4_T_le_v4SPD16_eabi.lib</file>
         <name>hostwrite.c.obj</name>
      </input_file>
      <input_file id="fl-116">
         <path>C:\ti\ccs1271\ccs\tools\compiler\ti-cgt-arm_20.2.7.LTS\lib\</path>
         <kind>archive</kind>
         <file>rtsv7M4_T_le_v4SPD16_eabi.lib</file>
         <name>trgmsg.c.obj</name>
      </input_file>
      <input_file id="fl-117">
         <path>C:\ti\ccs1271\ccs\tools\compiler\ti-cgt-arm_20.2.7.LTS\lib\</path>
         <kind>archive</kind>
         <file>rtsv7M4_T_le_v4SPD16_eabi.lib</file>
         <name>s_scalbn.c.obj</name>
      </input_file>
      <input_file id="fl-118">
         <path>C:\ti\ccs1271\ccs\tools\compiler\ti-cgt-arm_20.2.7.LTS\lib\</path>
         <kind>archive</kind>
         <file>rtsv7M4_T_le_v4SPD16_eabi.lib</file>
         <name>ll_mul_t2.asm.obj</name>
      </input_file>
      <input_file id="fl-119">
         <path>C:\ti\ccs1271\ccs\tools\compiler\ti-cgt-arm_20.2.7.LTS\lib\</path>
         <kind>archive</kind>
         <file>rtsv7M4_T_le_v4SPD16_eabi.lib</file>
         <name>s_copysign.c.obj</name>
      </input_file>
   </input_file_list>
   <object_component_list>
      <object_component id="oc-12">
         <name>.intvecs</name>
         <load_address>0x0</load_address>
         <run_address>0x0</run_address>
         <size>0x208</size>
         <input_file_ref idref="fl-3"/>
      </object_component>
      <object_component id="oc-30">
         <name>.text</name>
         <load_address>0x208</load_address>
         <run_address>0x208</run_address>
         <size>0x11b84</size>
         <input_file_ref idref="fl-4"/>
      </object_component>
      <object_component id="oc-3e2">
         <name>.text:__TI_scanfi</name>
         <load_address>0x11d8c</load_address>
         <run_address>0x11d8c</run_address>
         <size>0xb14</size>
         <input_file_ref idref="fl-101"/>
      </object_component>
      <object_component id="oc-91">
         <name>.text</name>
         <load_address>0x128a0</load_address>
         <run_address>0x128a0</run_address>
         <size>0x604</size>
         <input_file_ref idref="fl-2"/>
      </object_component>
      <object_component id="oc-592">
         <name>.text:strtod</name>
         <load_address>0x12ea4</load_address>
         <run_address>0x12ea4</run_address>
         <size>0x460</size>
         <input_file_ref idref="fl-10a"/>
      </object_component>
      <object_component id="oc-291">
         <name>.text:SysCtlClockFreqSet</name>
         <load_address>0x13304</load_address>
         <run_address>0x13304</run_address>
         <size>0x200</size>
         <input_file_ref idref="fl-10"/>
      </object_component>
      <object_component id="oc-59d">
         <name>.text:strtoll</name>
         <load_address>0x13504</load_address>
         <run_address>0x13504</run_address>
         <size>0x1dc</size>
         <input_file_ref idref="fl-10b"/>
      </object_component>
      <object_component id="oc-ad">
         <name>.text</name>
         <load_address>0x136e0</load_address>
         <run_address>0x136e0</run_address>
         <size>0x1b6</size>
         <input_file_ref idref="fl-d4"/>
      </object_component>
      <object_component id="oc-468">
         <name>.text:_nop</name>
         <load_address>0x13896</load_address>
         <run_address>0x13896</run_address>
         <size>0x2</size>
         <input_file_ref idref="fl-e6"/>
      </object_component>
      <object_component id="oc-100">
         <name>.text:fwrite</name>
         <load_address>0x13898</load_address>
         <run_address>0x13898</run_address>
         <size>0x180</size>
         <input_file_ref idref="fl-d0"/>
      </object_component>
      <object_component id="oc-586">
         <name>.text:strtoull</name>
         <load_address>0x13a18</load_address>
         <run_address>0x13a18</run_address>
         <size>0x15c</size>
         <input_file_ref idref="fl-10d"/>
      </object_component>
      <object_component id="oc-a8">
         <name>.text</name>
         <load_address>0x13b74</load_address>
         <run_address>0x13b74</run_address>
         <size>0x136</size>
         <input_file_ref idref="fl-d6"/>
      </object_component>
      <object_component id="oc-2bb">
         <name>.text:GPIOPadConfigSet</name>
         <load_address>0x13caa</load_address>
         <run_address>0x13caa</run_address>
         <size>0x132</size>
         <input_file_ref idref="fl-d"/>
      </object_component>
      <object_component id="oc-142">
         <name>.text:strtol</name>
         <load_address>0x13ddc</load_address>
         <run_address>0x13ddc</run_address>
         <size>0x130</size>
         <input_file_ref idref="fl-f6"/>
      </object_component>
      <object_component id="oc-334">
         <name>.text:_openfile</name>
         <load_address>0x13f0c</load_address>
         <run_address>0x13f0c</run_address>
         <size>0x110</size>
         <input_file_ref idref="fl-cb"/>
      </object_component>
      <object_component id="oc-67c">
         <name>.text:scalbn</name>
         <load_address>0x1401c</load_address>
         <run_address>0x1401c</run_address>
         <size>0x110</size>
         <input_file_ref idref="fl-117"/>
      </object_component>
      <object_component id="oc-58c">
         <name>.text:strtoul</name>
         <load_address>0x1412c</load_address>
         <run_address>0x1412c</run_address>
         <size>0x110</size>
         <input_file_ref idref="fl-10c"/>
      </object_component>
      <object_component id="oc-472">
         <name>.text:aligned_alloc</name>
         <load_address>0x1423c</load_address>
         <run_address>0x1423c</run_address>
         <size>0x100</size>
         <input_file_ref idref="fl-ed"/>
      </object_component>
      <object_component id="oc-a3">
         <name>.text</name>
         <load_address>0x1433c</load_address>
         <run_address>0x1433c</run_address>
         <size>0xfc</size>
         <input_file_ref idref="fl-d7"/>
      </object_component>
      <object_component id="oc-fa">
         <name>.text:fread</name>
         <load_address>0x14438</load_address>
         <run_address>0x14438</run_address>
         <size>0xf8</size>
         <input_file_ref idref="fl-cd"/>
      </object_component>
      <object_component id="oc-7b">
         <name>.text:free</name>
         <load_address>0x14530</load_address>
         <run_address>0x14530</run_address>
         <size>0xe4</size>
         <input_file_ref idref="fl-ed"/>
      </object_component>
      <object_component id="oc-530">
         <name>.text:setvbuf</name>
         <load_address>0x14614</load_address>
         <run_address>0x14614</run_address>
         <size>0xdc</size>
         <input_file_ref idref="fl-d3"/>
      </object_component>
      <object_component id="oc-509">
         <name>.text:open</name>
         <load_address>0x146f0</load_address>
         <run_address>0x146f0</run_address>
         <size>0xbc</size>
         <input_file_ref idref="fl-fd"/>
      </object_component>
      <object_component id="oc-d3">
         <name>.text</name>
         <load_address>0x147ac</load_address>
         <run_address>0x147ac</run_address>
         <size>0xa0</size>
         <input_file_ref idref="fl-5"/>
      </object_component>
      <object_component id="oc-351">
         <name>.text:__TI_buff_read</name>
         <load_address>0x1484c</load_address>
         <run_address>0x1484c</run_address>
         <size>0x9c</size>
         <input_file_ref idref="fl-d1"/>
      </object_component>
      <object_component id="oc-ee">
         <name>.text:fopen</name>
         <load_address>0x148e8</load_address>
         <run_address>0x148e8</run_address>
         <size>0x9c</size>
         <input_file_ref idref="fl-cb"/>
      </object_component>
      <object_component id="oc-44">
         <name>.text</name>
         <load_address>0x14984</load_address>
         <run_address>0x14984</run_address>
         <size>0x9c</size>
         <input_file_ref idref="fl-dd"/>
      </object_component>
      <object_component id="oc-bc">
         <name>.text</name>
         <load_address>0x14a20</load_address>
         <run_address>0x14a20</run_address>
         <size>0x96</size>
         <input_file_ref idref="fl-e1"/>
      </object_component>
      <object_component id="oc-30f">
         <name>.text</name>
         <load_address>0x14ab6</load_address>
         <run_address>0x14ab6</run_address>
         <size>0x2</size>
         <input_file_ref idref="fl-103"/>
      </object_component>
      <object_component id="oc-3ca">
         <name>.text:fputc</name>
         <load_address>0x14ab8</load_address>
         <run_address>0x14ab8</run_address>
         <size>0x8c</size>
         <input_file_ref idref="fl-cc"/>
      </object_component>
      <object_component id="oc-99">
         <name>.text:__aeabi_cdcmple</name>
         <load_address>0x14b44</load_address>
         <run_address>0x14b44</run_address>
         <size>0x86</size>
         <input_file_ref idref="fl-d5"/>
      </object_component>
      <object_component id="oc-9e">
         <name>.text:__aeabi_cdrcmple</name>
         <load_address>0x14bca</load_address>
         <run_address>0x14bca</run_address>
         <size>0x86</size>
         <input_file_ref idref="fl-d5"/>
      </object_component>
      <object_component id="oc-81">
         <name>.text</name>
         <load_address>0x14c50</load_address>
         <run_address>0x14c50</run_address>
         <size>0x7a</size>
         <input_file_ref idref="fl-df"/>
      </object_component>
      <object_component id="oc-343">
         <name>.text:__TI_closefile</name>
         <load_address>0x14ccc</load_address>
         <run_address>0x14ccc</run_address>
         <size>0x74</size>
         <input_file_ref idref="fl-c9"/>
      </object_component>
      <object_component id="oc-1b8">
         <name>.text</name>
         <load_address>0x14d40</load_address>
         <run_address>0x14d40</run_address>
         <size>0x70</size>
         <input_file_ref idref="fl-d9"/>
      </object_component>
      <object_component id="oc-5d5">
         <name>.text:split</name>
         <load_address>0x14db0</load_address>
         <run_address>0x14db0</run_address>
         <size>0x70</size>
         <input_file_ref idref="fl-ed"/>
      </object_component>
      <object_component id="oc-598">
         <name>.text</name>
         <load_address>0x14e20</load_address>
         <run_address>0x14e20</run_address>
         <size>0x6e</size>
         <input_file_ref idref="fl-104"/>
      </object_component>
      <object_component id="oc-1be">
         <name>.text</name>
         <load_address>0x14e8e</load_address>
         <run_address>0x14e8e</run_address>
         <size>0x6e</size>
         <input_file_ref idref="fl-e0"/>
      </object_component>
      <object_component id="oc-660">
         <name>.text:HOSTrename</name>
         <load_address>0x14efc</load_address>
         <run_address>0x14efc</run_address>
         <size>0x6c</size>
         <input_file_ref idref="fl-113"/>
      </object_component>
      <object_component id="oc-654">
         <name>.text:HOSTlseek</name>
         <load_address>0x14f68</load_address>
         <run_address>0x14f68</run_address>
         <size>0x68</size>
         <input_file_ref idref="fl-110"/>
      </object_component>
      <object_component id="oc-2df">
         <name>.text:IntEnable</name>
         <load_address>0x14fd0</load_address>
         <run_address>0x14fd0</run_address>
         <size>0x68</size>
         <input_file_ref idref="fl-e"/>
      </object_component>
      <object_component id="oc-3f4">
         <name>.text:_chkmbc</name>
         <load_address>0x15038</load_address>
         <run_address>0x15038</run_address>
         <size>0x68</size>
         <input_file_ref idref="fl-c8"/>
      </object_component>
      <object_component id="oc-15">
         <name>.text:decompress:lzss:__TI_decompress_lzss</name>
         <load_address>0x150a0</load_address>
         <run_address>0x150a0</run_address>
         <size>0x68</size>
         <input_file_ref idref="fl-e4"/>
      </object_component>
      <object_component id="oc-106">
         <name>.text:fseek</name>
         <load_address>0x15108</load_address>
         <run_address>0x15108</run_address>
         <size>0x64</size>
         <input_file_ref idref="fl-ce"/>
      </object_component>
      <object_component id="oc-10c">
         <name>.text:ftell</name>
         <load_address>0x1516c</load_address>
         <run_address>0x1516c</run_address>
         <size>0x64</size>
         <input_file_ref idref="fl-cf"/>
      </object_component>
      <object_component id="oc-35f">
         <name>.text:__TI_wrt_ok</name>
         <load_address>0x151d0</load_address>
         <run_address>0x151d0</run_address>
         <size>0x62</size>
         <input_file_ref idref="fl-d2"/>
      </object_component>
      <object_component id="oc-63c">
         <name>.text:HOSTopen</name>
         <load_address>0x15234</load_address>
         <run_address>0x15234</run_address>
         <size>0x60</size>
         <input_file_ref idref="fl-111"/>
      </object_component>
      <object_component id="oc-526">
         <name>.text:close</name>
         <load_address>0x15294</load_address>
         <run_address>0x15294</run_address>
         <size>0x5c</size>
         <input_file_ref idref="fl-ff"/>
      </object_component>
      <object_component id="oc-648">
         <name>.text:HOSTread</name>
         <load_address>0x152f0</load_address>
         <run_address>0x152f0</run_address>
         <size>0x58</size>
         <input_file_ref idref="fl-112"/>
      </object_component>
      <object_component id="oc-64e">
         <name>.text:HOSTwrite</name>
         <load_address>0x15348</load_address>
         <run_address>0x15348</run_address>
         <size>0x58</size>
         <input_file_ref idref="fl-115"/>
      </object_component>
      <object_component id="oc-2c7">
         <name>.text:SysCtlPeripheralReset</name>
         <load_address>0x153a0</load_address>
         <run_address>0x153a0</run_address>
         <size>0x50</size>
         <input_file_ref idref="fl-10"/>
      </object_component>
      <object_component id="oc-365">
         <name>.text:__TI_doflush</name>
         <load_address>0x153f0</load_address>
         <run_address>0x153f0</run_address>
         <size>0x4c</size>
         <input_file_ref idref="fl-ca"/>
      </object_component>
      <object_component id="oc-14e">
         <name>.text:atoi</name>
         <load_address>0x1543c</load_address>
         <run_address>0x1543c</run_address>
         <size>0x4c</size>
         <input_file_ref idref="fl-e7"/>
      </object_component>
      <object_component id="oc-34b">
         <name>.text:__TI_rd_ok</name>
         <load_address>0x15488</load_address>
         <run_address>0x15488</run_address>
         <size>0x4a</size>
         <input_file_ref idref="fl-d2"/>
      </object_component>
      <object_component id="oc-297">
         <name>.text:GPIOPinConfigure</name>
         <load_address>0x154d4</load_address>
         <run_address>0x154d4</run_address>
         <size>0x48</size>
         <input_file_ref idref="fl-d"/>
      </object_component>
      <object_component id="oc-492">
         <name>.text:_SysCtlFrequencyGet</name>
         <load_address>0x1551c</load_address>
         <run_address>0x1551c</run_address>
         <size>0x48</size>
         <input_file_ref idref="fl-10"/>
      </object_component>
      <object_component id="oc-42b">
         <name>.text:exit</name>
         <load_address>0x15564</load_address>
         <run_address>0x15564</run_address>
         <size>0x48</size>
         <input_file_ref idref="fl-e5"/>
      </object_component>
      <object_component id="oc-112">
         <name>.text:rename</name>
         <load_address>0x155ac</load_address>
         <run_address>0x155ac</run_address>
         <size>0x48</size>
         <input_file_ref idref="fl-fa"/>
      </object_component>
      <object_component id="oc-b2">
         <name>.text</name>
         <load_address>0x155f4</load_address>
         <run_address>0x155f4</run_address>
         <size>0x48</size>
         <input_file_ref idref="fl-d8"/>
      </object_component>
      <object_component id="oc-2a3">
         <name>.text:UARTConfigSetExpClk</name>
         <load_address>0x1563c</load_address>
         <run_address>0x1563c</run_address>
         <size>0x46</size>
         <input_file_ref idref="fl-11"/>
      </object_component>
      <object_component id="oc-642">
         <name>.text:HOSTclose</name>
         <load_address>0x15684</load_address>
         <run_address>0x15684</run_address>
         <size>0x44</size>
         <input_file_ref idref="fl-10f"/>
      </object_component>
      <object_component id="oc-65a">
         <name>.text:HOSTunlink</name>
         <load_address>0x156c8</load_address>
         <run_address>0x156c8</run_address>
         <size>0x44</size>
         <input_file_ref idref="fl-114"/>
      </object_component>
      <object_component id="oc-431">
         <name>.text:__TI_auto_init_nobinit_nopinit:__TI_auto_init_nobinit_nopinit</name>
         <load_address>0x1570c</load_address>
         <run_address>0x1570c</run_address>
         <size>0x44</size>
         <input_file_ref idref="fl-105"/>
      </object_component>
      <object_component id="oc-387">
         <name>.text:getdevice</name>
         <load_address>0x15750</load_address>
         <run_address>0x15750</run_address>
         <size>0x44</size>
         <input_file_ref idref="fl-102"/>
      </object_component>
      <object_component id="oc-1c8">
         <name>.text</name>
         <load_address>0x15794</load_address>
         <run_address>0x15794</run_address>
         <size>0x44</size>
         <input_file_ref idref="fl-da"/>
      </object_component>
      <object_component id="oc-1c3">
         <name>.text</name>
         <load_address>0x157d8</load_address>
         <run_address>0x157d8</run_address>
         <size>0x40</size>
         <input_file_ref idref="fl-dc"/>
      </object_component>
      <object_component id="oc-2e5">
         <name>.text:EMACIntEnable</name>
         <load_address>0x15818</load_address>
         <run_address>0x15818</run_address>
         <size>0x3a</size>
         <input_file_ref idref="fl-b"/>
      </object_component>
      <object_component id="oc-279">
         <name>.text:SysCtlPeripheralReady</name>
         <load_address>0x15854</load_address>
         <run_address>0x15854</run_address>
         <size>0x38</size>
         <input_file_ref idref="fl-10"/>
      </object_component>
      <object_component id="oc-6b4">
         <name>.text:__TI_writemsg</name>
         <load_address>0x1588c</load_address>
         <run_address>0x1588c</run_address>
         <size>0x38</size>
         <input_file_ref idref="fl-116"/>
      </object_component>
      <object_component id="oc-8b">
         <name>.text:calloc</name>
         <load_address>0x158c4</load_address>
         <run_address>0x158c4</run_address>
         <size>0x38</size>
         <input_file_ref idref="fl-ed"/>
      </object_component>
      <object_component id="oc-1d6">
         <name>.text:sscanf</name>
         <load_address>0x158fc</load_address>
         <run_address>0x158fc</run_address>
         <size>0x38</size>
         <input_file_ref idref="fl-c8"/>
      </object_component>
      <object_component id="oc-553">
         <name>.text:strncpy</name>
         <load_address>0x15934</load_address>
         <run_address>0x15934</run_address>
         <size>0x36</size>
         <input_file_ref idref="fl-109"/>
      </object_component>
      <object_component id="oc-273">
         <name>.text:SysCtlPeripheralEnable</name>
         <load_address>0x1596c</load_address>
         <run_address>0x1596c</run_address>
         <size>0x34</size>
         <input_file_ref idref="fl-10"/>
      </object_component>
      <object_component id="oc-512">
         <name>.text:__TI_cleanup</name>
         <load_address>0x159a0</load_address>
         <run_address>0x159a0</run_address>
         <size>0x34</size>
         <input_file_ref idref="fl-cb"/>
      </object_component>
      <object_component id="oc-6ba">
         <name>.text:__TI_readmsg</name>
         <load_address>0x159d4</load_address>
         <run_address>0x159d4</run_address>
         <size>0x34</size>
         <input_file_ref idref="fl-116"/>
      </object_component>
      <object_component id="oc-62">
         <name>.text:_c_int00_noargs:_c_int00_noargs</name>
         <load_address>0x15a08</load_address>
         <run_address>0x15a08</run_address>
         <size>0x34</size>
         <input_file_ref idref="fl-f7"/>
      </object_component>
      <object_component id="oc-c7">
         <name>.text:rand</name>
         <load_address>0x15a3c</load_address>
         <run_address>0x15a3c</run_address>
         <size>0x34</size>
         <input_file_ref idref="fl-ee"/>
      </object_component>
      <object_component id="oc-135">
         <name>.text:strstr</name>
         <load_address>0x15a70</load_address>
         <run_address>0x15a70</run_address>
         <size>0x34</size>
         <input_file_ref idref="fl-f5"/>
      </object_component>
      <object_component id="oc-559">
         <name>.text:finddevice</name>
         <load_address>0x15aa4</load_address>
         <run_address>0x15aa4</run_address>
         <size>0x30</size>
         <input_file_ref idref="fl-102"/>
      </object_component>
      <object_component id="oc-b7">
         <name>.text</name>
         <load_address>0x15ad4</load_address>
         <run_address>0x15ad4</run_address>
         <size>0x2e</size>
         <input_file_ref idref="fl-db"/>
      </object_component>
      <object_component id="oc-f4">
         <name>.text:fclose</name>
         <load_address>0x15b04</load_address>
         <run_address>0x15b04</run_address>
         <size>0x2c</size>
         <input_file_ref idref="fl-c9"/>
      </object_component>
      <object_component id="oc-d9">
         <name>.text:strncmp</name>
         <load_address>0x15b30</load_address>
         <run_address>0x15b30</run_address>
         <size>0x2c</size>
         <input_file_ref idref="fl-f3"/>
      </object_component>
      <object_component id="oc-118">
         <name>.text:unlink</name>
         <load_address>0x15b5c</load_address>
         <run_address>0x15b5c</run_address>
         <size>0x2c</size>
         <input_file_ref idref="fl-10e"/>
      </object_component>
      <object_component id="oc-481">
         <name>.text:GPIODirModeSet</name>
         <load_address>0x15b88</load_address>
         <run_address>0x15b88</run_address>
         <size>0x2a</size>
         <input_file_ref idref="fl-d"/>
      </object_component>
      <object_component id="oc-25f">
         <name>.text:free_list_insert</name>
         <load_address>0x15bb4</load_address>
         <run_address>0x15bb4</run_address>
         <size>0x28</size>
         <input_file_ref idref="fl-ed"/>
      </object_component>
      <object_component id="oc-378">
         <name>.text:lseek</name>
         <load_address>0x15bdc</load_address>
         <run_address>0x15bdc</run_address>
         <size>0x28</size>
         <input_file_ref idref="fl-fe"/>
      </object_component>
      <object_component id="oc-159">
         <name>.text:memmove</name>
         <load_address>0x15c04</load_address>
         <run_address>0x15c04</run_address>
         <size>0x28</size>
         <input_file_ref idref="fl-ec"/>
      </object_component>
      <object_component id="oc-357">
         <name>.text:read</name>
         <load_address>0x15c2c</load_address>
         <run_address>0x15c2c</run_address>
         <size>0x28</size>
         <input_file_ref idref="fl-fc"/>
      </object_component>
      <object_component id="oc-36b">
         <name>.text:write</name>
         <load_address>0x15c54</load_address>
         <run_address>0x15c54</run_address>
         <size>0x28</size>
         <input_file_ref idref="fl-f8"/>
      </object_component>
      <object_component id="oc-11f">
         <name>.text:memcmp</name>
         <load_address>0x15c7c</load_address>
         <run_address>0x15c7c</run_address>
         <size>0x24</size>
         <input_file_ref idref="fl-eb"/>
      </object_component>
      <object_component id="oc-172">
         <name>.text:srand</name>
         <load_address>0x15ca0</load_address>
         <run_address>0x15ca0</run_address>
         <size>0x24</size>
         <input_file_ref idref="fl-ee"/>
      </object_component>
      <object_component id="oc-4a7">
         <name>.text:UARTDisable</name>
         <load_address>0x15cc4</load_address>
         <run_address>0x15cc4</run_address>
         <size>0x20</size>
         <input_file_ref idref="fl-11"/>
      </object_component>
      <object_component id="oc-48c">
         <name>.text:_SysCtlMemTimingGet</name>
         <load_address>0x15ce4</load_address>
         <run_address>0x15ce4</run_address>
         <size>0x20</size>
         <input_file_ref idref="fl-10"/>
      </object_component>
      <object_component id="oc-12c">
         <name>.text:memchr</name>
         <load_address>0x15d04</load_address>
         <run_address>0x15d04</run_address>
         <size>0x20</size>
         <input_file_ref idref="fl-ea"/>
      </object_component>
      <object_component id="oc-1b3">
         <name>.text</name>
         <load_address>0x15d24</load_address>
         <run_address>0x15d24</run_address>
         <size>0x20</size>
         <input_file_ref idref="fl-de"/>
      </object_component>
      <object_component id="oc-259">
         <name>.text:free_list_remove</name>
         <load_address>0x15d44</load_address>
         <run_address>0x15d44</run_address>
         <size>0x1c</size>
         <input_file_ref idref="fl-ed"/>
      </object_component>
      <object_component id="oc-6d5">
         <name>.text:copysign</name>
         <load_address>0x15d60</load_address>
         <run_address>0x15d60</run_address>
         <size>0x1a</size>
         <input_file_ref idref="fl-119"/>
      </object_component>
      <object_component id="oc-27f">
         <name>.text:GPIOPinTypeGPIOOutput</name>
         <load_address>0x15d7a</load_address>
         <run_address>0x15d7a</run_address>
         <size>0x18</size>
         <input_file_ref idref="fl-d"/>
      </object_component>
      <object_component id="oc-673">
         <name>.text</name>
         <load_address>0x15d92</load_address>
         <run_address>0x15d92</run_address>
         <size>0x18</size>
         <input_file_ref idref="fl-118"/>
      </object_component>
      <object_component id="oc-cd">
         <name>.text:strcmp</name>
         <load_address>0x15daa</load_address>
         <run_address>0x15daa</run_address>
         <size>0x18</size>
         <input_file_ref idref="fl-f0"/>
      </object_component>
      <object_component id="oc-160">
         <name>.text:strrchr</name>
         <load_address>0x15dc2</load_address>
         <run_address>0x15dc2</run_address>
         <size>0x18</size>
         <input_file_ref idref="fl-f4"/>
      </object_component>
      <object_component id="oc-2cd">
         <name>.text:EMACReset</name>
         <load_address>0x15dda</load_address>
         <run_address>0x15dda</run_address>
         <size>0x16</size>
         <input_file_ref idref="fl-b"/>
      </object_component>
      <object_component id="oc-2d9">
         <name>.text:EMACRxEnable</name>
         <load_address>0x15df0</load_address>
         <run_address>0x15df0</run_address>
         <size>0x16</size>
         <input_file_ref idref="fl-b"/>
      </object_component>
      <object_component id="oc-2d3">
         <name>.text:EMACTxEnable</name>
         <load_address>0x15e06</load_address>
         <run_address>0x15e06</run_address>
         <size>0x16</size>
         <input_file_ref idref="fl-b"/>
      </object_component>
      <object_component id="oc-e2">
         <name>.text:strchr</name>
         <load_address>0x15e1c</load_address>
         <run_address>0x15e1c</run_address>
         <size>0x16</size>
         <input_file_ref idref="fl-ef"/>
      </object_component>
      <object_component id="oc-2eb">
         <name>.text:FlashUserGet</name>
         <load_address>0x15e34</load_address>
         <run_address>0x15e34</run_address>
         <size>0x14</size>
         <input_file_ref idref="fl-c"/>
      </object_component>
      <object_component id="oc-4ad">
         <name>.text:UARTEnable</name>
         <load_address>0x15e48</load_address>
         <run_address>0x15e48</run_address>
         <size>0x14</size>
         <input_file_ref idref="fl-11"/>
      </object_component>
      <object_component id="oc-e8">
         <name>.text:strcpy</name>
         <load_address>0x15e5c</load_address>
         <run_address>0x15e5c</run_address>
         <size>0x14</size>
         <input_file_ref idref="fl-f1"/>
      </object_component>
      <object_component id="oc-c1">
         <name>.text:strlen</name>
         <load_address>0x15e70</load_address>
         <run_address>0x15e70</run_address>
         <size>0x14</size>
         <input_file_ref idref="fl-f2"/>
      </object_component>
      <object_component id="oc-2c1">
         <name>.text:GPIOPinTypeEthernetLED</name>
         <load_address>0x15e84</load_address>
         <run_address>0x15e84</run_address>
         <size>0x12</size>
         <input_file_ref idref="fl-d"/>
      </object_component>
      <object_component id="oc-2b5">
         <name>.text:GPIOPinTypeGPIOInput</name>
         <load_address>0x15e96</load_address>
         <run_address>0x15e96</run_address>
         <size>0x12</size>
         <input_file_ref idref="fl-d"/>
      </object_component>
      <object_component id="oc-29d">
         <name>.text:GPIOPinTypeUART</name>
         <load_address>0x15ea8</load_address>
         <run_address>0x15ea8</run_address>
         <size>0x12</size>
         <input_file_ref idref="fl-d"/>
      </object_component>
      <object_component id="oc-2a9">
         <name>.text:GPIOPinTypeUSBAnalog</name>
         <load_address>0x15eba</load_address>
         <run_address>0x15eba</run_address>
         <size>0x12</size>
         <input_file_ref idref="fl-d"/>
      </object_component>
      <object_component id="oc-2af">
         <name>.text:GPIOPinTypeUSBDigital</name>
         <load_address>0x15ecc</load_address>
         <run_address>0x15ecc</run_address>
         <size>0x12</size>
         <input_file_ref idref="fl-d"/>
      </object_component>
      <object_component id="oc-3e8">
         <name>.text:_inpchar</name>
         <load_address>0x15ede</load_address>
         <run_address>0x15ede</run_address>
         <size>0x12</size>
         <input_file_ref idref="fl-c8"/>
      </object_component>
      <object_component id="oc-1b">
         <name>.text:decompress:none:__TI_decompress_none</name>
         <load_address>0x15ef0</load_address>
         <run_address>0x15ef0</run_address>
         <size>0xe</size>
         <input_file_ref idref="fl-e3"/>
      </object_component>
      <object_component id="oc-56">
         <name>.text:decompress:ZI:__TI_zero_init</name>
         <load_address>0x15efe</load_address>
         <run_address>0x15efe</run_address>
         <size>0xc</size>
         <input_file_ref idref="fl-e2"/>
      </object_component>
      <object_component id="oc-1a1">
         <name>.text:putchar</name>
         <load_address>0x15f0c</load_address>
         <run_address>0x15f0c</run_address>
         <size>0xc</size>
         <input_file_ref idref="fl-cc"/>
      </object_component>
      <object_component id="oc-2a">
         <name>.text</name>
         <load_address>0x15f18</load_address>
         <run_address>0x15f18</run_address>
         <size>0xc</size>
         <input_file_ref idref="fl-3"/>
      </object_component>
      <object_component id="oc-28b">
         <name>.text:UARTCharPut</name>
         <load_address>0x15f24</load_address>
         <run_address>0x15f24</run_address>
         <size>0xa</size>
         <input_file_ref idref="fl-11"/>
      </object_component>
      <object_component id="oc-148">
         <name>.text:__aeabi_errno_addr</name>
         <load_address>0x15f30</load_address>
         <run_address>0x15f30</run_address>
         <size>0x8</size>
         <input_file_ref idref="fl-100"/>
      </object_component>
      <object_component id="oc-3ee">
         <name>.text:_uninpchar</name>
         <load_address>0x15f38</load_address>
         <run_address>0x15f38</run_address>
         <size>0x8</size>
         <input_file_ref idref="fl-c8"/>
      </object_component>
      <object_component id="oc-26c">
         <name>.text:malloc</name>
         <load_address>0x15f40</load_address>
         <run_address>0x15f40</run_address>
         <size>0x8</size>
         <input_file_ref idref="fl-ed"/>
      </object_component>
      <object_component id="oc-285">
         <name>.text:GPIOPinWrite</name>
         <load_address>0x15f48</load_address>
         <run_address>0x15f48</run_address>
         <size>0x6</size>
         <input_file_ref idref="fl-d"/>
      </object_component>
      <object_component id="oc-23b">
         <name>.text:_system_pre_init</name>
         <load_address>0x15f4e</load_address>
         <run_address>0x15f4e</run_address>
         <size>0x4</size>
         <input_file_ref idref="fl-106"/>
      </object_component>
      <object_component id="oc-425">
         <name>.text:abort:abort</name>
         <load_address>0x15f52</load_address>
         <run_address>0x15f52</run_address>
         <size>0x4</size>
         <input_file_ref idref="fl-e5"/>
      </object_component>
      <object_component id="oc-4e0">
         <name>.const:.string:v2</name>
         <load_address>0x15f58</load_address>
         <run_address>0x15f58</run_address>
         <size>0x1f4f</size>
         <input_file_ref idref="fl-5"/>
      </object_component>
      <object_component id="oc-4dd">
         <name>.const:.string:v1</name>
         <load_address>0x17ea7</load_address>
         <run_address>0x17ea7</run_address>
         <size>0x1dde</size>
         <input_file_ref idref="fl-5"/>
      </object_component>
      <object_component id="oc-4ec">
         <name>.const:.string:v6</name>
         <load_address>0x19c85</load_address>
         <run_address>0x19c85</run_address>
         <size>0x1639</size>
         <input_file_ref idref="fl-5"/>
      </object_component>
      <object_component id="oc-4e9">
         <name>.const:.string:v5</name>
         <load_address>0x1b2be</load_address>
         <run_address>0x1b2be</run_address>
         <size>0x1212</size>
         <input_file_ref idref="fl-5"/>
      </object_component>
      <object_component id="oc-4e3">
         <name>.const:.string:v3</name>
         <load_address>0x1c4d0</load_address>
         <run_address>0x1c4d0</run_address>
         <size>0x111c</size>
         <input_file_ref idref="fl-5"/>
      </object_component>
      <object_component id="oc-399">
         <name>.const:.string</name>
         <load_address>0x1d5ec</load_address>
         <run_address>0x1d5ec</run_address>
         <size>0x260</size>
         <input_file_ref idref="fl-4"/>
      </object_component>
      <object_component id="oc-4e6">
         <name>.const:.string:v4</name>
         <load_address>0x1d84c</load_address>
         <run_address>0x1d84c</run_address>
         <size>0x239</size>
         <input_file_ref idref="fl-5"/>
      </object_component>
      <object_component id="oc-19d">
         <name>.const:.string:$P$T44$45</name>
         <load_address>0x1da85</load_address>
         <run_address>0x1da85</run_address>
         <size>0x3</size>
         <input_file_ref idref="fl-4"/>
      </object_component>
      <object_component id="oc-49b">
         <name>.const:g_pppui32XTALtoVCO</name>
         <load_address>0x1da88</load_address>
         <run_address>0x1da88</run_address>
         <size>0x1b0</size>
         <input_file_ref idref="fl-10"/>
      </object_component>
      <object_component id="oc-4ef">
         <name>.const:.string:v7</name>
         <load_address>0x1dc38</load_address>
         <run_address>0x1dc38</run_address>
         <size>0x1a5</size>
         <input_file_ref idref="fl-5"/>
      </object_component>
      <object_component id="oc-17a">
         <name>.const:$P$T24$25</name>
         <load_address>0x1dddd</load_address>
         <run_address>0x1dddd</run_address>
         <size>0x110</size>
         <input_file_ref idref="fl-4"/>
      </object_component>
      <object_component id="oc-18e">
         <name>.const:$P$T33$34</name>
         <load_address>0x1deed</load_address>
         <run_address>0x1deed</run_address>
         <size>0x110</size>
         <input_file_ref idref="fl-4"/>
      </object_component>
      <object_component id="oc-3a2">
         <name>.const:.string:_ctypes_</name>
         <load_address>0x1dffd</load_address>
         <run_address>0x1dffd</run_address>
         <size>0x101</size>
         <input_file_ref idref="fl-e8"/>
      </object_component>
      <object_component id="oc-1b0">
         <name>.const:mg_sha256_k</name>
         <load_address>0x1e100</load_address>
         <run_address>0x1e100</run_address>
         <size>0x100</size>
         <input_file_ref idref="fl-4"/>
      </object_component>
      <object_component id="oc-4f2">
         <name>.const:.string:v8</name>
         <load_address>0x1e200</load_address>
         <run_address>0x1e200</run_address>
         <size>0xe4</size>
         <input_file_ref idref="fl-5"/>
      </object_component>
      <object_component id="oc-2fd">
         <name>.const:$P$T2$3</name>
         <load_address>0x1e2e4</load_address>
         <run_address>0x1e2e4</run_address>
         <size>0x4</size>
         <input_file_ref idref="fl-2"/>
      </object_component>
      <object_component id="oc-682">
         <name>.const:$O1$$</name>
         <load_address>0x1e2e8</load_address>
         <run_address>0x1e2e8</run_address>
         <size>0xc8</size>
         <input_file_ref idref="fl-10a"/>
      </object_component>
      <object_component id="oc-4dc">
         <name>.const:.string</name>
         <load_address>0x1e3b0</load_address>
         <run_address>0x1e3b0</run_address>
         <size>0xc6</size>
         <input_file_ref idref="fl-5"/>
      </object_component>
      <object_component id="oc-4a2">
         <name>.const:g_pui32GPIOBaseAddrs</name>
         <load_address>0x1e478</load_address>
         <run_address>0x1e478</run_address>
         <size>0x90</size>
         <input_file_ref idref="fl-d"/>
      </object_component>
      <object_component id="oc-322">
         <name>.const:packed_files</name>
         <load_address>0x1e508</load_address>
         <run_address>0x1e508</run_address>
         <size>0x90</size>
         <input_file_ref idref="fl-5"/>
      </object_component>
      <object_component id="oc-300">
         <name>.const:$P$T3$4</name>
         <load_address>0x1e598</load_address>
         <run_address>0x1e598</run_address>
         <size>0x80</size>
         <input_file_ref idref="fl-2"/>
      </object_component>
      <object_component id="oc-4be">
         <name>.const</name>
         <load_address>0x1e618</load_address>
         <run_address>0x1e618</run_address>
         <size>0x70</size>
         <input_file_ref idref="fl-e"/>
      </object_component>
      <object_component id="oc-498">
         <name>.const:g_pui32Xtals</name>
         <load_address>0x1e688</load_address>
         <run_address>0x1e688</run_address>
         <size>0x6c</size>
         <input_file_ref idref="fl-10"/>
      </object_component>
      <object_component id="oc-1dc">
         <name>.const:crclut$55</name>
         <load_address>0x1e6f4</load_address>
         <run_address>0x1e6f4</run_address>
         <size>0x40</size>
         <input_file_ref idref="fl-4"/>
      </object_component>
      <object_component id="oc-166">
         <name>.const:s_prop_map</name>
         <load_address>0x1e734</load_address>
         <run_address>0x1e734</run_address>
         <size>0x36</size>
         <input_file_ref idref="fl-4"/>
      </object_component>
      <object_component id="oc-5e8">
         <name>.const:g_sXTALtoMEMTIM</name>
         <load_address>0x1e76c</load_address>
         <run_address>0x1e76c</run_address>
         <size>0x30</size>
         <input_file_ref idref="fl-10"/>
      </object_component>
      <object_component id="oc-1d5">
         <name>.const:steps$54</name>
         <load_address>0x1e79c</load_address>
         <run_address>0x1e79c</run_address>
         <size>0x27</size>
         <input_file_ref idref="fl-4"/>
      </object_component>
      <object_component id="oc-17d">
         <name>.const:.string:$P$T26$27</name>
         <load_address>0x1e7c3</load_address>
         <run_address>0x1e7c3</run_address>
         <size>0x1b</size>
         <input_file_ref idref="fl-4"/>
      </object_component>
      <object_component id="oc-191">
         <name>.const:.string:$P$T34$35</name>
         <load_address>0x1e7de</load_address>
         <run_address>0x1e7de</run_address>
         <size>0x1b</size>
         <input_file_ref idref="fl-4"/>
      </object_component>
      <object_component id="oc-1f7">
         <name>.const:.string:$P$T60$63</name>
         <load_address>0x1e7f9</load_address>
         <run_address>0x1e7f9</run_address>
         <size>0x18</size>
         <input_file_ref idref="fl-4"/>
      </object_component>
      <object_component id="oc-1f8">
         <name>.const:.string:$P$T61$64</name>
         <load_address>0x1e811</load_address>
         <run_address>0x1e811</run_address>
         <size>0x18</size>
         <input_file_ref idref="fl-4"/>
      </object_component>
      <object_component id="oc-154">
         <name>.const:.string:$P$T12$13</name>
         <load_address>0x1e829</load_address>
         <run_address>0x1e829</run_address>
         <size>0x14</size>
         <input_file_ref idref="fl-4"/>
      </object_component>
      <object_component id="oc-183">
         <name>.const:.string:$P$T25$26</name>
         <load_address>0x1e83d</load_address>
         <run_address>0x1e83d</run_address>
         <size>0x14</size>
         <input_file_ref idref="fl-4"/>
      </object_component>
      <object_component id="oc-19c">
         <name>.const:.string:$P$T43$44</name>
         <load_address>0x1e851</load_address>
         <run_address>0x1e851</run_address>
         <size>0x14</size>
         <input_file_ref idref="fl-4"/>
      </object_component>
      <object_component id="oc-187">
         <name>.const:.string:$P$T27$28</name>
         <load_address>0x1e865</load_address>
         <run_address>0x1e865</run_address>
         <size>0x13</size>
         <input_file_ref idref="fl-4"/>
      </object_component>
      <object_component id="oc-18b">
         <name>.const:.string:$P$T29$30</name>
         <load_address>0x1e878</load_address>
         <run_address>0x1e878</run_address>
         <size>0x11</size>
         <input_file_ref idref="fl-4"/>
      </object_component>
      <object_component id="oc-5a3">
         <name>.const:$O1$$</name>
         <load_address>0x1e88c</load_address>
         <run_address>0x1e88c</run_address>
         <size>0x10</size>
         <input_file_ref idref="fl-101"/>
      </object_component>
      <object_component id="oc-1a7">
         <name>.const:$P$T46$47</name>
         <load_address>0x1e89c</load_address>
         <run_address>0x1e89c</run_address>
         <size>0x10</size>
         <input_file_ref idref="fl-4"/>
      </object_component>
      <object_component id="oc-1aa">
         <name>.const:$P$T47$48</name>
         <load_address>0x1e8ac</load_address>
         <run_address>0x1e8ac</run_address>
         <size>0x10</size>
         <input_file_ref idref="fl-4"/>
      </object_component>
      <object_component id="oc-15f">
         <name>.const:.string:$P$T14$15</name>
         <load_address>0x1e8bc</load_address>
         <run_address>0x1e8bc</run_address>
         <size>0x10</size>
         <input_file_ref idref="fl-4"/>
      </object_component>
      <object_component id="oc-1ce">
         <name>.const:.string:$P$T51$52</name>
         <load_address>0x1e8cc</load_address>
         <run_address>0x1e8cc</run_address>
         <size>0x10</size>
         <input_file_ref idref="fl-4"/>
      </object_component>
      <object_component id="oc-157">
         <name>.const:.string:$P$T11$12</name>
         <load_address>0x1e8dc</load_address>
         <run_address>0x1e8dc</run_address>
         <size>0xf</size>
         <input_file_ref idref="fl-4"/>
      </object_component>
      <object_component id="oc-18d">
         <name>.const:.string:$P$T32$33</name>
         <load_address>0x1e8eb</load_address>
         <run_address>0x1e8eb</run_address>
         <size>0xf</size>
         <input_file_ref idref="fl-4"/>
      </object_component>
      <object_component id="oc-16e">
         <name>.const:.string:$P$T18$19</name>
         <load_address>0x1e8fa</load_address>
         <run_address>0x1e8fa</run_address>
         <size>0xe</size>
         <input_file_ref idref="fl-4"/>
      </object_component>
      <object_component id="oc-179">
         <name>.const:.string:$P$T23$24</name>
         <load_address>0x1e908</load_address>
         <run_address>0x1e908</run_address>
         <size>0xe</size>
         <input_file_ref idref="fl-4"/>
      </object_component>
      <object_component id="oc-19a">
         <name>.const:.string:$P$T41$42</name>
         <load_address>0x1e916</load_address>
         <run_address>0x1e916</run_address>
         <size>0xe</size>
         <input_file_ref idref="fl-4"/>
      </object_component>
      <object_component id="oc-19b">
         <name>.const:.string:$P$T42$43</name>
         <load_address>0x1e924</load_address>
         <run_address>0x1e924</run_address>
         <size>0xe</size>
         <input_file_ref idref="fl-4"/>
      </object_component>
      <object_component id="oc-1bd">
         <name>.const:.string:$P$T49$50</name>
         <load_address>0x1e932</load_address>
         <run_address>0x1e932</run_address>
         <size>0xe</size>
         <input_file_ref idref="fl-4"/>
      </object_component>
      <object_component id="oc-125">
         <name>.const:.string:$P$T6$7</name>
         <load_address>0x1e940</load_address>
         <run_address>0x1e940</run_address>
         <size>0xe</size>
         <input_file_ref idref="fl-4"/>
      </object_component>
      <object_component id="oc-86">
         <name>.const:.string:$P$T0$1</name>
         <load_address>0x1e94e</load_address>
         <run_address>0x1e94e</run_address>
         <size>0xd</size>
         <input_file_ref idref="fl-4"/>
      </object_component>
      <object_component id="oc-97">
         <name>.const:.string:$P$T2$3</name>
         <load_address>0x1e95b</load_address>
         <run_address>0x1e95b</run_address>
         <size>0xd</size>
         <input_file_ref idref="fl-4"/>
      </object_component>
      <object_component id="oc-1e7">
         <name>.const:.string:$P$T57$60</name>
         <load_address>0x1e968</load_address>
         <run_address>0x1e968</run_address>
         <size>0xd</size>
         <input_file_ref idref="fl-4"/>
      </object_component>
      <object_component id="oc-13e">
         <name>.const:.string:$P$T9$10</name>
         <load_address>0x1e975</load_address>
         <run_address>0x1e975</run_address>
         <size>0xd</size>
         <input_file_ref idref="fl-4"/>
      </object_component>
      <object_component id="oc-16c">
         <name>.const:.string:$P$T16$17</name>
         <load_address>0x1e982</load_address>
         <run_address>0x1e982</run_address>
         <size>0xc</size>
         <input_file_ref idref="fl-4"/>
      </object_component>
      <object_component id="oc-171">
         <name>.const:.string:$P$T21$22</name>
         <load_address>0x1e98e</load_address>
         <run_address>0x1e98e</run_address>
         <size>0xc</size>
         <input_file_ref idref="fl-4"/>
      </object_component>
      <object_component id="oc-195">
         <name>.const:.string:$P$T36$37</name>
         <load_address>0x1e99a</load_address>
         <run_address>0x1e99a</run_address>
         <size>0xc</size>
         <input_file_ref idref="fl-4"/>
      </object_component>
      <object_component id="oc-199">
         <name>.const:.string:$P$T40$41</name>
         <load_address>0x1e9a6</load_address>
         <run_address>0x1e9a6</run_address>
         <size>0xc</size>
         <input_file_ref idref="fl-4"/>
      </object_component>
      <object_component id="oc-1a0">
         <name>.const:.string:$P$T45$46</name>
         <load_address>0x1e9b2</load_address>
         <run_address>0x1e9b2</run_address>
         <size>0xc</size>
         <input_file_ref idref="fl-4"/>
      </object_component>
      <object_component id="oc-1df">
         <name>.const:.string:$P$T55$58</name>
         <load_address>0x1e9be</load_address>
         <run_address>0x1e9be</run_address>
         <size>0xc</size>
         <input_file_ref idref="fl-4"/>
      </object_component>
      <object_component id="oc-16f">
         <name>.const:.string:$P$T19$20</name>
         <load_address>0x1e9ca</load_address>
         <run_address>0x1e9ca</run_address>
         <size>0xb</size>
         <input_file_ref idref="fl-4"/>
      </object_component>
      <object_component id="oc-1dd">
         <name>.const:.string:$P$T53$56</name>
         <load_address>0x1e9d5</load_address>
         <run_address>0x1e9d5</run_address>
         <size>0xb</size>
         <input_file_ref idref="fl-4"/>
      </object_component>
      <object_component id="oc-1e0">
         <name>.const:.string:$P$T56$59</name>
         <load_address>0x1e9e0</load_address>
         <run_address>0x1e9e0</run_address>
         <size>0xb</size>
         <input_file_ref idref="fl-4"/>
      </object_component>
      <object_component id="oc-170">
         <name>.const:.string:$P$T20$21</name>
         <load_address>0x1e9eb</load_address>
         <run_address>0x1e9eb</run_address>
         <size>0xa</size>
         <input_file_ref idref="fl-4"/>
      </object_component>
      <object_component id="oc-197">
         <name>.const:.string:$P$T38$39</name>
         <load_address>0x1e9f5</load_address>
         <run_address>0x1e9f5</run_address>
         <size>0xa</size>
         <input_file_ref idref="fl-4"/>
      </object_component>
      <object_component id="oc-2fc">
         <name>.const:.string:$P$T0$1</name>
         <load_address>0x1e9ff</load_address>
         <run_address>0x1e9ff</run_address>
         <size>0x9</size>
         <input_file_ref idref="fl-2"/>
      </object_component>
      <object_component id="oc-178">
         <name>.const:.string:$P$T22$23</name>
         <load_address>0x1ea08</load_address>
         <run_address>0x1ea08</run_address>
         <size>0x9</size>
         <input_file_ref idref="fl-4"/>
      </object_component>
      <object_component id="oc-98">
         <name>.const:.string:$P$T3$4</name>
         <load_address>0x1ea11</load_address>
         <run_address>0x1ea11</run_address>
         <size>0x9</size>
         <input_file_ref idref="fl-4"/>
      </object_component>
      <object_component id="oc-196">
         <name>.const:.string:$P$T37$38</name>
         <load_address>0x1ea1a</load_address>
         <run_address>0x1ea1a</run_address>
         <size>0x9</size>
         <input_file_ref idref="fl-4"/>
      </object_component>
      <object_component id="oc-1de">
         <name>.const:.string:$P$T54$57</name>
         <load_address>0x1ea23</load_address>
         <run_address>0x1ea23</run_address>
         <size>0x9</size>
         <input_file_ref idref="fl-4"/>
      </object_component>
      <object_component id="oc-13f">
         <name>.const:$P$T10$11</name>
         <load_address>0x1ea2c</load_address>
         <run_address>0x1ea2c</run_address>
         <size>0x8</size>
         <input_file_ref idref="fl-4"/>
      </object_component>
      <object_component id="oc-df">
         <name>.const:$P$T4$5</name>
         <load_address>0x1ea34</load_address>
         <run_address>0x1ea34</run_address>
         <size>0x8</size>
         <input_file_ref idref="fl-4"/>
      </object_component>
      <object_component id="oc-1cf">
         <name>.const:$P$T52$53</name>
         <load_address>0x1ea3c</load_address>
         <run_address>0x1ea3c</run_address>
         <size>0x8</size>
         <input_file_ref idref="fl-4"/>
      </object_component>
      <object_component id="oc-126">
         <name>.const:$P$T7$8</name>
         <load_address>0x1ea44</load_address>
         <run_address>0x1ea44</run_address>
         <size>0x8</size>
         <input_file_ref idref="fl-4"/>
      </object_component>
      <object_component id="oc-129">
         <name>.const:$P$T8$9</name>
         <load_address>0x1ea4c</load_address>
         <run_address>0x1ea4c</run_address>
         <size>0x8</size>
         <input_file_ref idref="fl-4"/>
      </object_component>
      <object_component id="oc-158">
         <name>.const:.string:$P$T13$14</name>
         <load_address>0x1ea54</load_address>
         <run_address>0x1ea54</run_address>
         <size>0x8</size>
         <input_file_ref idref="fl-4"/>
      </object_component>
      <object_component id="oc-169">
         <name>.const:.string:$P$T15$16</name>
         <load_address>0x1ea5c</load_address>
         <run_address>0x1ea5c</run_address>
         <size>0x8</size>
         <input_file_ref idref="fl-4"/>
      </object_component>
      <object_component id="oc-16d">
         <name>.const:.string:$P$T17$18</name>
         <load_address>0x1ea64</load_address>
         <run_address>0x1ea64</run_address>
         <size>0x8</size>
         <input_file_ref idref="fl-4"/>
      </object_component>
      <object_component id="oc-188">
         <name>.const:.string:$P$T30$31</name>
         <load_address>0x1ea6c</load_address>
         <run_address>0x1ea6c</run_address>
         <size>0x8</size>
         <input_file_ref idref="fl-4"/>
      </object_component>
      <object_component id="oc-1cd">
         <name>.const:.string:$P$T50$51</name>
         <load_address>0x1ea74</load_address>
         <run_address>0x1ea74</run_address>
         <size>0x8</size>
         <input_file_ref idref="fl-4"/>
      </object_component>
      <object_component id="oc-49e">
         <name>.const</name>
         <load_address>0x1ea7c</load_address>
         <run_address>0x1ea7c</run_address>
         <size>0x8</size>
         <input_file_ref idref="fl-10"/>
      </object_component>
      <object_component id="oc-8a">
         <name>.const:.string:$P$T1$2</name>
         <load_address>0x1ea84</load_address>
         <run_address>0x1ea84</run_address>
         <size>0x7</size>
         <input_file_ref idref="fl-4"/>
      </object_component>
      <object_component id="oc-18c">
         <name>.const:.string:$P$T31$32</name>
         <load_address>0x1ea8b</load_address>
         <run_address>0x1ea8b</run_address>
         <size>0x7</size>
         <input_file_ref idref="fl-4"/>
      </object_component>
      <object_component id="oc-194">
         <name>.const:.string:$P$T35$36</name>
         <load_address>0x1ea92</load_address>
         <run_address>0x1ea92</run_address>
         <size>0x7</size>
         <input_file_ref idref="fl-4"/>
      </object_component>
      <object_component id="oc-11e">
[...]
         <name>fputc</name>
         <value>0x14ab9</value>
         <object_component_ref idref="oc-3ca"/>
      </symbol>
      <symbol id="sm-139e">
         <name>putchar</name>
         <value>0x15f0d</value>
         <object_component_ref idref="oc-1a1"/>
      </symbol>
      <symbol id="sm-13bf">
         <name>fread</name>
         <value>0x14439</value>
         <object_component_ref idref="oc-fa"/>
      </symbol>
      <symbol id="sm-13d6">
         <name>fseek</name>
         <value>0x15109</value>
         <object_component_ref idref="oc-106"/>
      </symbol>
      <symbol id="sm-13ef">
         <name>ftell</name>
         <value>0x1516d</value>
         <object_component_ref idref="oc-10c"/>
      </symbol>
      <symbol id="sm-1419">
         <name>fwrite</name>
         <value>0x13899</value>
         <object_component_ref idref="oc-100"/>
      </symbol>
      <symbol id="sm-1432">
         <name>__TI_buff_read</name>
         <value>0x1484d</value>
         <object_component_ref idref="oc-351"/>
      </symbol>
      <symbol id="sm-1452">
         <name>__TI_wrt_ok</name>
         <value>0x151d1</value>
         <object_component_ref idref="oc-35f"/>
      </symbol>
      <symbol id="sm-1453">
         <name>__TI_rd_ok</name>
         <value>0x15489</value>
         <object_component_ref idref="oc-34b"/>
      </symbol>
      <symbol id="sm-146f">
         <name>setvbuf</name>
         <value>0x14615</value>
         <object_component_ref idref="oc-530"/>
      </symbol>
      <symbol id="sm-1486">
         <name>__aeabi_dsub</name>
         <value>0x136e1</value>
         <object_component_ref idref="oc-ad"/>
      </symbol>
      <symbol id="sm-1487">
         <name>__aeabi_dadd</name>
         <value>0x136eb</value>
         <object_component_ref idref="oc-ad"/>
      </symbol>
      <symbol id="sm-14a9">
         <name>__aeabi_cdcmpeq</name>
         <value>0x14b45</value>
         <object_component_ref idref="oc-99"/>
      </symbol>
      <symbol id="sm-14aa">
         <name>__aeabi_cdcmple</name>
         <value>0x14b45</value>
         <object_component_ref idref="oc-99"/>
      </symbol>
      <symbol id="sm-14ab">
         <name>__aeabi_cdrcmple</name>
         <value>0x14bcb</value>
         <object_component_ref idref="oc-9e"/>
      </symbol>
      <symbol id="sm-14bf">
         <name>__aeabi_ddiv</name>
         <value>0x13b75</value>
         <object_component_ref idref="oc-a8"/>
      </symbol>
      <symbol id="sm-14ca">
         <name>__aeabi_dmul</name>
         <value>0x1433d</value>
         <object_component_ref idref="oc-a3"/>
      </symbol>
      <symbol id="sm-14d4">
         <name>__aeabi_d2iz</name>
         <value>0x155f5</value>
         <object_component_ref idref="oc-b2"/>
      </symbol>
      <symbol id="sm-14df">
         <name>__aeabi_d2lz</name>
         <value>0x14d41</value>
         <object_component_ref idref="oc-1b8"/>
      </symbol>
      <symbol id="sm-14e9">
         <name>__aeabi_d2uiz</name>
         <value>0x15795</value>
         <object_component_ref idref="oc-1c8"/>
      </symbol>
      <symbol id="sm-14f3">
         <name>__aeabi_i2d</name>
         <value>0x15ad5</value>
         <object_component_ref idref="oc-b7"/>
      </symbol>
      <symbol id="sm-14fd">
         <name>__aeabi_l2d</name>
         <value>0x157d9</value>
         <object_component_ref idref="oc-1c3"/>
      </symbol>
      <symbol id="sm-1518">
         <name>memcpy</name>
         <value>0x14985</value>
         <object_component_ref idref="oc-44"/>
      </symbol>
      <symbol id="sm-1519">
         <name>__aeabi_memcpy</name>
         <value>0x14985</value>
         <object_component_ref idref="oc-44"/>
      </symbol>
      <symbol id="sm-151a">
         <name>__aeabi_memcpy8</name>
         <value>0x14985</value>
         <object_component_ref idref="oc-44"/>
      </symbol>
      <symbol id="sm-151b">
         <name>__aeabi_memcpy4</name>
         <value>0x14985</value>
         <object_component_ref idref="oc-44"/>
      </symbol>
      <symbol id="sm-1525">
         <name>__aeabi_ui2d</name>
         <value>0x15d25</value>
         <object_component_ref idref="oc-1b3"/>
      </symbol>
      <symbol id="sm-1534">
         <name>__aeabi_memset</name>
         <value>0x14c53</value>
         <object_component_ref idref="oc-81"/>
      </symbol>
      <symbol id="sm-1535">
         <name>memset</name>
         <value>0x14c59</value>
         <object_component_ref idref="oc-81"/>
      </symbol>
      <symbol id="sm-1536">
         <name>__aeabi_memset8</name>
         <value>0x14c53</value>
         <object_component_ref idref="oc-81"/>
      </symbol>
      <symbol id="sm-1537">
         <name>__aeabi_memset4</name>
         <value>0x14c53</value>
         <object_component_ref idref="oc-81"/>
      </symbol>
      <symbol id="sm-1538">
         <name>__aeabi_memclr8</name>
         <value>0x14c51</value>
         <object_component_ref idref="oc-81"/>
      </symbol>
      <symbol id="sm-1539">
         <name>__aeabi_memclr4</name>
         <value>0x14c51</value>
         <object_component_ref idref="oc-81"/>
      </symbol>
      <symbol id="sm-153a">
         <name>__aeabi_memclr</name>
         <value>0x14c51</value>
         <object_component_ref idref="oc-81"/>
      </symbol>
      <symbol id="sm-1548">
         <name>__aeabi_ldivmod</name>
         <value>0x14e8f</value>
         <object_component_ref idref="oc-1be"/>
      </symbol>
      <symbol id="sm-1555">
         <name>__aeabi_uldivmod</name>
         <value>0x14a21</value>
         <object_component_ref idref="oc-bc"/>
      </symbol>
      <symbol id="sm-1567">
         <name>__TI_zero_init</name>
         <value>0x15eff</value>
         <object_component_ref idref="oc-56"/>
      </symbol>
      <symbol id="sm-157e">
         <name>__TI_decompress_none</name>
         <value>0x15ef1</value>
         <object_component_ref idref="oc-1b"/>
      </symbol>
      <symbol id="sm-15a1">
         <name>__TI_decompress_lzss</name>
         <value>0x150a1</value>
         <object_component_ref idref="oc-15"/>
      </symbol>
      <symbol id="sm-15c7">
         <name>C$$EXIT</name>
         <value>0x15f53</value>
         <object_component_ref idref="oc-425"/>
      </symbol>
      <symbol id="sm-15c8">
         <name>abort</name>
         <value>0x15f53</value>
         <object_component_ref idref="oc-425"/>
      </symbol>
      <symbol id="sm-15c9">
         <name>__TI_dtors_ptr</name>
         <value>0x20004a9c</value>
         <object_component_ref idref="oc-50f"/>
      </symbol>
      <symbol id="sm-15ca">
         <name>__TI_cleanup_ptr</name>
         <value>0x20004a98</value>
         <object_component_ref idref="oc-50f"/>
      </symbol>
      <symbol id="sm-15cb">
         <name>__TI_enable_exit_profile_output</name>
         <value>0x20004aa0</value>
         <object_component_ref idref="oc-50f"/>
      </symbol>
      <symbol id="sm-15cc">
         <name>exit</name>
         <value>0x15565</value>
         <object_component_ref idref="oc-42b"/>
      </symbol>
      <symbol id="sm-15e1">
         <name>_nop</name>
         <value>0x13897</value>
         <object_component_ref idref="oc-468"/>
      </symbol>
      <symbol id="sm-15e2">
         <name>_lock</name>
         <value>0x20004aa4</value>
         <object_component_ref idref="oc-265"/>
      </symbol>
      <symbol id="sm-15e3">
         <name>_unlock</name>
         <value>0x20004aa8</value>
         <object_component_ref idref="oc-265"/>
      </symbol>
      <symbol id="sm-15f9">
         <name>atoi</name>
         <value>0x1543d</value>
         <object_component_ref idref="oc-14e"/>
      </symbol>
      <symbol id="sm-1604">
         <name>_ctypes_</name>
         <value>0x1dffd</value>
         <object_component_ref idref="oc-3a2"/>
      </symbol>
      <symbol id="sm-1619">
         <name>__TI_tmpnams</name>
         <value>0x20003140</value>
      </symbol>
      <symbol id="sm-161a">
         <name>__aeabi_stdout</name>
         <value>0x20004a90</value>
         <object_component_ref idref="oc-33e"/>
      </symbol>
      <symbol id="sm-161b">
         <name>__aeabi_stderr</name>
         <value>0x20004a94</value>
         <object_component_ref idref="oc-33e"/>
      </symbol>
      <symbol id="sm-161c">
         <name>__aeabi_stdin</name>
         <value>0x20004a8c</value>
         <object_component_ref idref="oc-33e"/>
      </symbol>
      <symbol id="sm-161d">
         <name>_ftable</name>
         <value>0x20004880</value>
         <object_component_ref idref="oc-33b"/>
      </symbol>
      <symbol id="sm-161e">
         <name>__TI_ft_end</name>
         <value>0x20004a88</value>
         <object_component_ref idref="oc-33e"/>
      </symbol>
      <symbol id="sm-162e">
         <name>memchr</name>
         <value>0x15d05</value>
         <object_component_ref idref="oc-12c"/>
      </symbol>
      <symbol id="sm-163e">
         <name>memcmp</name>
         <value>0x15c7d</value>
         <object_component_ref idref="oc-11f"/>
      </symbol>
      <symbol id="sm-164f">
         <name>memmove</name>
         <value>0x15c05</value>
         <object_component_ref idref="oc-159"/>
      </symbol>
      <symbol id="sm-16df">
         <name>_sys_memory</name>
         <value>0x20004ac8</value>
         <object_component_ref idref="oc-24"/>
      </symbol>
      <symbol id="sm-16e0">
         <name>free</name>
         <value>0x14531</value>
         <object_component_ref idref="oc-7b"/>
      </symbol>
      <symbol id="sm-16e1">
         <name>memalign</name>
         <value>0x1423d</value>
         <object_component_ref idref="oc-472"/>
      </symbol>
      <symbol id="sm-16e2">
         <name>calloc</name>
         <value>0x158c5</value>
         <object_component_ref idref="oc-8b"/>
      </symbol>
      <symbol id="sm-16e3">
         <name>malloc</name>
         <value>0x15f41</value>
         <object_component_ref idref="oc-26c"/>
      </symbol>
      <symbol id="sm-16e4">
         <name>aligned_alloc</name>
         <value>0x1423d</value>
         <object_component_ref idref="oc-472"/>
      </symbol>
      <symbol id="sm-1709">
         <name>rand</name>
         <value>0x15a3d</value>
         <object_component_ref idref="oc-c7"/>
      </symbol>
      <symbol id="sm-170a">
         <name>srand</name>
         <value>0x15ca1</value>
         <object_component_ref idref="oc-172"/>
      </symbol>
      <symbol id="sm-171a">
         <name>strchr</name>
         <value>0x15e1d</value>
         <object_component_ref idref="oc-e2"/>
      </symbol>
      <symbol id="sm-1729">
         <name>strcmp</name>
         <value>0x15dab</value>
         <object_component_ref idref="oc-cd"/>
      </symbol>
      <symbol id="sm-1737">
         <name>strcpy</name>
         <value>0x15e5d</value>
         <object_component_ref idref="oc-e8"/>
      </symbol>
      <symbol id="sm-1745">
         <name>strlen</name>
         <value>0x15e71</value>
         <object_component_ref idref="oc-c1"/>
      </symbol>
      <symbol id="sm-1755">
         <name>strncmp</name>
         <value>0x15b31</value>
         <object_component_ref idref="oc-d9"/>
      </symbol>
      <symbol id="sm-1764">
         <name>strrchr</name>
         <value>0x15dc3</value>
         <object_component_ref idref="oc-160"/>
      </symbol>
      <symbol id="sm-1777">
         <name>strstr</name>
         <value>0x15a71</value>
         <object_component_ref idref="oc-135"/>
      </symbol>
      <symbol id="sm-179b">
         <name>strtol</name>
         <value>0x13ddd</value>
         <object_component_ref idref="oc-142"/>
      </symbol>
      <symbol id="sm-17ae">
         <name>__stack</name>
         <value>0x20003298</value>
         <object_component_ref idref="oc-27"/>
      </symbol>
      <symbol id="sm-17af">
         <name>_c_int00_noargs</name>
         <value>0x15a09</value>
         <object_component_ref idref="oc-62"/>
      </symbol>
      <symbol id="sm-17c4">
         <name>write</name>
         <value>0x15c55</value>
         <object_component_ref idref="oc-36b"/>
      </symbol>
      <symbol id="sm-17d5">
         <name>_stream</name>
         <value>0x200049e8</value>
         <object_component_ref idref="oc-53a"/>
      </symbol>
      <symbol id="sm-17d6">
         <name>_device</name>
         <value>0x20004970</value>
         <object_component_ref idref="oc-55f"/>
      </symbol>
      <symbol id="sm-17ec">
         <name>rename</name>
         <value>0x155ad</value>
         <object_component_ref idref="oc-112"/>
      </symbol>
      <symbol id="sm-17fd">
         <name>read</name>
         <value>0x15c2d</value>
         <object_component_ref idref="oc-357"/>
      </symbol>
      <symbol id="sm-181a">
         <name>open</name>
         <value>0x146f1</value>
         <object_component_ref idref="oc-509"/>
      </symbol>
      <symbol id="sm-182a">
         <name>lseek</name>
         <value>0x15bdd</value>
         <object_component_ref idref="oc-378"/>
      </symbol>
      <symbol id="sm-183e">
         <name>close</name>
         <value>0x15295</value>
         <object_component_ref idref="oc-526"/>
      </symbol>
      <symbol id="sm-1854">
         <name>__aeabi_errno_addr</name>
         <value>0x15f31</value>
         <object_component_ref idref="oc-148"/>
      </symbol>
      <symbol id="sm-1855">
         <name>errno</name>
         <value>0x20004ab4</value>
         <object_component_ref idref="oc-3a7"/>
      </symbol>
      <symbol id="sm-1915">
         <name>__TI_scanfi</name>
         <value>0x11d8d</value>
         <object_component_ref idref="oc-3e2"/>
      </symbol>
      <symbol id="sm-1933">
         <name>finddevice</name>
         <value>0x15aa5</value>
         <object_component_ref idref="oc-559"/>
      </symbol>
      <symbol id="sm-1934">
         <name>getdevice</name>
         <value>0x15751</value>
         <object_component_ref idref="oc-387"/>
      </symbol>
      <symbol id="sm-193e">
         <name>__aeabi_idiv0</name>
         <value>0x14ab7</value>
         <object_component_ref idref="oc-30f"/>
      </symbol>
      <symbol id="sm-193f">
         <name>__aeabi_ldiv0</name>
         <value>0x14ab7</value>
         <object_component_ref idref="oc-30f"/>
      </symbol>
      <symbol id="sm-194b">
         <name>__aeabi_d2f</name>
         <value>0x14e21</value>
         <object_component_ref idref="oc-598"/>
      </symbol>
      <symbol id="sm-1973">
         <name>__TI_auto_init_nobinit_nopinit</name>
         <value>0x1570d</value>
         <object_component_ref idref="oc-431"/>
      </symbol>
      <symbol id="sm-197d">
         <name>_system_pre_init</name>
         <value>0x15f4f</value>
         <object_component_ref idref="oc-23b"/>
      </symbol>
      <symbol id="sm-198f">
         <name>strncpy</name>
         <value>0x15935</value>
         <object_component_ref idref="oc-553"/>
      </symbol>
      <symbol id="sm-19ef">
         <name>strtold</name>
         <value>0x12ea5</value>
         <object_component_ref idref="oc-592"/>
      </symbol>
      <symbol id="sm-19f0">
         <name>strtod</name>
         <value>0x12ea5</value>
         <object_component_ref idref="oc-592"/>
      </symbol>
      <symbol id="sm-1a16">
         <name>strtoll</name>
         <value>0x13505</value>
         <object_component_ref idref="oc-59d"/>
      </symbol>
      <symbol id="sm-1a36">
         <name>strtoul</name>
         <value>0x1412d</value>
         <object_component_ref idref="oc-58c"/>
      </symbol>
      <symbol id="sm-1a59">
         <name>strtoull</name>
         <value>0x13a19</value>
         <object_component_ref idref="oc-586"/>
      </symbol>
      <symbol id="sm-1a69">
         <name>unlink</name>
         <value>0x15b5d</value>
         <object_component_ref idref="oc-118"/>
      </symbol>
      <symbol id="sm-1a7a">
         <name>HOSTclose</name>
         <value>0x15685</value>
         <object_component_ref idref="oc-642"/>
      </symbol>
      <symbol id="sm-1a8b">
         <name>HOSTlseek</name>
         <value>0x14f69</value>
         <object_component_ref idref="oc-654"/>
      </symbol>
      <symbol id="sm-1a9d">
         <name>parmbuf</name>
         <value>0x20003278</value>
      </symbol>
      <symbol id="sm-1a9e">
         <name>HOSTopen</name>
         <value>0x15235</value>
         <object_component_ref idref="oc-63c"/>
      </symbol>
      <symbol id="sm-1aaf">
         <name>HOSTread</name>
         <value>0x152f1</value>
         <object_component_ref idref="oc-648"/>
      </symbol>
      <symbol id="sm-1ac0">
         <name>HOSTrename</name>
         <value>0x14efd</value>
         <object_component_ref idref="oc-660"/>
      </symbol>
      <symbol id="sm-1ad1">
         <name>HOSTunlink</name>
         <value>0x156c9</value>
         <object_component_ref idref="oc-65a"/>
      </symbol>
      <symbol id="sm-1ae2">
         <name>HOSTwrite</name>
         <value>0x15349</value>
         <object_component_ref idref="oc-64e"/>
      </symbol>
      <symbol id="sm-1b06">
         <name>__TI_readmsg</name>
         <value>0x159d5</value>
         <object_component_ref idref="oc-6ba"/>
      </symbol>
      <symbol id="sm-1b07">
         <name>C$$IO$$</name>
         <value>0x158bb</value>
         <object_component_ref idref="oc-6b4"/>
      </symbol>
      <symbol id="sm-1b08">
         <name>__CIOBUF_</name>
         <value>0x20003020</value>
         <object_component_ref idref="oc-6f4"/>
      </symbol>
      <symbol id="sm-1b09">
         <name>__TI_writemsg</name>
         <value>0x1588d</value>
         <object_component_ref idref="oc-6b4"/>
      </symbol>
      <symbol id="sm-1b30">
         <name>scalbn</name>
         <value>0x1401d</value>
         <object_component_ref idref="oc-67c"/>
      </symbol>
      <symbol id="sm-1b31">
         <name>scalbnl</name>
         <value>0x1401d</value>
         <object_component_ref idref="oc-67c"/>
      </symbol>
      <symbol id="sm-1b32">
         <name>ldexpl</name>
         <value>0x1401d</value>
         <object_component_ref idref="oc-67c"/>
      </symbol>
      <symbol id="sm-1b33">
         <name>ldexp</name>
         <value>0x1401d</value>
         <object_component_ref idref="oc-67c"/>
      </symbol>
      <symbol id="sm-1b3c">
         <name>__aeabi_lmul</name>
         <value>0x15d93</value>
         <object_component_ref idref="oc-673"/>
      </symbol>
      <symbol id="sm-1b46">
         <name>copysign</name>
         <value>0x15d61</value>
         <object_component_ref idref="oc-6d5"/>
      </symbol>
      <symbol id="sm-1b47">
         <name>copysignl</name>
         <value>0x15d61</value>
         <object_component_ref idref="oc-6d5"/>
      </symbol>
      <symbol id="sm-1b48">
         <name>__TI_static_base__</name>
         <value>0x0</value>
      </symbol>
      <symbol id="sm-1b4b">
         <name>__mpu_init</name>
         <value>0x0</value>
      </symbol>
      <symbol id="sm-1b4c">
         <name>_system_post_cinit</name>
         <value>0x0</value>
      </symbol>
      <symbol id="sm-1b4d">
         <name>remove</name>
         <value>0x15b5d</value>
      </symbol>
   </symbol_table>
   <title>Link successful</title>
</link_info>
