******************************************************************************
                  TI ARM Linker PC v20.2.7                     
******************************************************************************
>> Linked Thu Jul 25 13:16:40 2024

OUTPUT FILE NAME:   <Mongoose_ethernet_1.out>
ENTRY POINT SYMBOL: "_c_int00_noargs"  address: 0000088d


MEMORY CONFIGURATION

         name            origin    length      used     unused   attr    fill
----------------------  --------  ---------  --------  --------  ----  --------
  FLASH                 00000000   00100000  00000ca2  000ff35e  R  X
  SRAM                  20000000   00040000  00000204  0003fdfc  RW X


SEGMENT ALLOCATION MAP

run origin  load origin   length   init length attrs members
----------  ----------- ---------- ----------- ----- -------
00000000    00000000    00000ca4   00000ca4    r-x
  00000000    00000000    00000208   00000208    r-- .intvecs
  00000208    00000208    000007a2   000007a2    r-x .text
  000009ac    000009ac    000002e4   000002e4    r-- .const
  00000c90    00000c90    00000014   00000014    r-- .cinit
20000000    20000000    00000204   00000000    rw-
  20000000    20000000    00000200   00000000    rw- .stack
  20000200    20000200    00000004   00000000    rw- .bss


SECTION ALLOCATION MAP

 output                                  attributes/
section   page    origin      length       input sections
--------  ----  ----------  ----------   ----------------
.intvecs   0    00000000    00000208     
                  00000000    00000208     tm4c129encpdt_startup_ccs.obj (.intvecs)

.text      0    00000208    000007a2     
                  00000208    00000200     driverlib.lib : sysctl.obj (.text:SysCtlClockFreqSet)
                  00000408    00000178     main.obj (.text)
                  00000580    00000132     driverlib.lib : gpio.obj (.text:GPIOPadConfigSet)
                  000006b2    00000002     --HOLE-- [fill = 0]
                  000006b4    00000050                   : sysctl.obj (.text:SysCtlPeripheralReset)
                  00000704    00000048                   : gpio.obj (.text:GPIOPinConfigure)
                  0000074c    00000048                   : sysctl.obj (.text:_SysCtlFrequencyGet)
                  00000794    00000046                   : uart.obj (.text:UARTConfigSetExpClk)
                  000007da    00000002     --HOLE-- [fill = 0]
                  000007dc    00000044     rtsv7M4_T_le_v4SPD16_eabi.lib : autoinit.c.obj (.text:__TI_auto_init_nobinit_nopinit:__TI_auto_init_nobinit_nopinit)
                  00000820    00000038     driverlib.lib : sysctl.obj (.text:SysCtlPeripheralReady)
                  00000858    00000034                   : sysctl.obj (.text:SysCtlPeripheralEnable)
                  0000088c    00000034     rtsv7M4_T_le_v4SPD16_eabi.lib : boot_cortex_m.c.obj (.text:_c_int00_noargs:_c_int00_noargs)
                  000008c0    0000002a     driverlib.lib : gpio.obj (.text:GPIODirModeSet)
                  000008ea    00000002     --HOLE-- [fill = 0]
                  000008ec    00000020                   : uart.obj (.text:UARTDisable)
                  0000090c    00000020                   : sysctl.obj (.text:_SysCtlMemTimingGet)
                  0000092c    0000001c     rtsv7M4_T_le_v4SPD16_eabi.lib : copy_zero_init.c.obj (.text:decompress:ZI:__TI_zero_init_nomemset:__TI_zero_init_nomemset)
                  00000948    00000018     driverlib.lib : gpio.obj (.text:GPIOPinTypeGPIOOutput)
                  00000960    00000014                   : uart.obj (.text:UARTEnable)
                  00000974    00000012                   : gpio.obj (.text:GPIOPinTypeUART)
                  00000986    0000000c     tm4c129encpdt_startup_ccs.obj (.text)
                  00000992    0000000a     driverlib.lib : uart.obj (.text:UARTCharPut)
                  0000099c    00000006                   : gpio.obj (.text:GPIOPinWrite)
                  000009a2    00000004     rtsv7M4_T_le_v4SPD16_eabi.lib : pre_init.c.obj (.text:_system_pre_init)
                  000009a6    00000004                                   : exit.c.obj (.text:abort:abort)

.const     0    000009ac    000002e4     
                  000009ac    000001b0     driverlib.lib : sysctl.obj (.const:g_pppui32XTALtoVCO)
                  00000b5c    00000090                   : gpio.obj (.const:g_pui32GPIOBaseAddrs)
                  00000bec    0000006c                   : sysctl.obj (.const:g_pui32Xtals)
                  00000c58    00000030                   : sysctl.obj (.const:g_sXTALtoMEMTIM)
                  00000c88    00000008                   : sysctl.obj (.const)

.cinit     0    00000c90    00000014     
                  00000c90    00000008     (.cinit..bss.load) [load image, compression = zero_init]
                  00000c98    00000004     (__TI_handler_table)
                  00000c9c    00000008     (__TI_cinit_table)

.init_array 
*          0    00000000    00000000     UNINITIALIZED

.bss       0    20000200    00000004     UNINITIALIZED
                  20000200    00000004     (.common:g_ui32SysClock)

.stack     0    20000000    00000200     UNINITIALIZED
                  20000000    00000004     rtsv7M4_T_le_v4SPD16_eabi.lib : boot_cortex_m.c.obj (.stack)
                  20000004    000001fc     --HOLE--

__llvm_prf_cnts 
*          0    20000000    00000000     UNINITIALIZED

MODULE SUMMARY

       Module                          code   ro data   rw data
       ------                          ----   -------   -------
    .\
       tm4c129encpdt_startup_ccs.obj   12     520       0      
       main.obj                        376    0         4      
    +--+-------------------------------+------+---------+---------+
       Total:                          388    520       4      
                                                               
    ../driverlib.lib
       sysctl.obj                      804    596       0      
       gpio.obj                        468    144       0      
       uart.obj                        132    0         0      
    +--+-------------------------------+------+---------+---------+
       Total:                          1404   740       0      
                                                               
    C:\ti\ccs1271\ccs\tools\compiler\ti-cgt-arm_20.2.7.LTS\lib\rtsv7M4_T_le_v4SPD16_eabi.lib
       autoinit.c.obj                  68     0         0      
       boot_cortex_m.c.obj             52     0         0      
       copy_zero_init.c.obj            28     0         0      
       exit.c.obj                      4      0         0      
       pre_init.c.obj                  4      0         0      
    +--+-------------------------------+------+---------+---------+
       Total:                          156    0         0      
                                                               
       Stack:                          0      0         512    
       Linker Generated:               0      20        0      
    +--+-------------------------------+------+---------+---------+
       Grand Total:                    1948   1280      516    


LINKER GENERATED COPY TABLES

__TI_cinit_table @ 00000c9c records: 1, size/record: 8, table size: 8
	.bss: load addr=00000c90, load size=00000008 bytes, run addr=20000200, run size=00000004 bytes, compression=zero_init


LINKER GENERATED HANDLER TABLE

__TI_handler_table @ 00000c98 records: 1, size/record: 4, table size: 4
	index: 0, handler: __TI_zero_init


GLOBAL SYMBOLS: SORTED ALPHABETICALLY BY Name 

address   name                          
-------   ----                          
000009a7  C$$EXIT                       
000008c1  GPIODirModeSet                
00000581  GPIOPadConfigSet              
00000705  GPIOPinConfigure              
00000949  GPIOPinTypeGPIOOutput         
00000975  GPIOPinTypeUART               
0000099d  GPIOPinWrite                  
00000987  ResetISR                      
00000209  SysCtlClockFreqSet            
00000859  SysCtlPeripheralEnable        
00000821  SysCtlPeripheralReady         
000006b5  SysCtlPeripheralReset         
00000993  UARTCharPut                   
00000795  UARTConfigSetExpClk           
000008ed  UARTDisable                   
00000961  UARTEnable                    
00000499  UARTSend                      
20000200  __STACK_END                   
00000200  __STACK_SIZE                  
20000200  __STACK_TOP                   
00000c9c  __TI_CINIT_Base               
00000ca4  __TI_CINIT_Limit              
00000c98  __TI_Handler_Table_Base       
00000c9c  __TI_Handler_Table_Limit      
000007dd  __TI_auto_init_nobinit_nopinit
ffffffff  __TI_pprof_out_hndl           
ffffffff  __TI_prof_data_size           
ffffffff  __TI_prof_data_start          
00000000  __TI_static_base__            
0000092d  __TI_zero_init_nomemset       
ffffffff  __binit__                     
ffffffff  __c_args__                    
UNDEFED   __mpu_init                    
20000000  __stack                       
20000000  __start___llvm_prf_cnts       
20000000  __stop___llvm_prf_cnts        
0000088d  _c_int00_noargs               
UNDEFED   _system_post_cinit            
000009a3  _system_pre_init              
000009a7  abort                         
ffffffff  binit                         
0000050d  ethernet_init                 
00000000  g_pfnVectors                  
20000200  g_ui32SysClock                
00000409  gpio_init                     
00000529  main                          
000004c1  uart_init                     


GLOBAL SYMBOLS: SORTED BY Symbol Address 

address   name                          
-------   ----                          
00000000  __TI_static_base__            
00000000  g_pfnVectors                  
00000200  __STACK_SIZE                  
00000209  SysCtlClockFreqSet            
00000409  gpio_init                     
00000499  UARTSend                      
000004c1  uart_init                     
0000050d  ethernet_init                 
00000529  main                          
00000581  GPIOPadConfigSet              
000006b5  SysCtlPeripheralReset         
00000705  GPIOPinConfigure              
00000795  UARTConfigSetExpClk           
000007dd  __TI_auto_init_nobinit_nopinit
00000821  SysCtlPeripheralReady         
00000859  SysCtlPeripheralEnable        
0000088d  _c_int00_noargs               
000008c1  GPIODirModeSet                
000008ed  UARTDisable                   
0000092d  __TI_zero_init_nomemset       
00000949  GPIOPinTypeGPIOOutput         
00000961  UARTEnable                    
00000975  GPIOPinTypeUART               
00000987  ResetISR                      
00000993  UARTCharPut                   
0000099d  GPIOPinWrite                  
000009a3  _system_pre_init              
000009a7  C$$EXIT                       
000009a7  abort                         
00000c98  __TI_Handler_Table_Base       
00000c9c  __TI_CINIT_Base               
00000c9c  __TI_Handler_Table_Limit      
00000ca4  __TI_CINIT_Limit              
20000000  __stack                       
20000000  __start___llvm_prf_cnts       
20000000  __stop___llvm_prf_cnts        
20000200  __STACK_END                   
20000200  __STACK_TOP                   
20000200  g_ui32SysClock                
ffffffff  __TI_pprof_out_hndl           
ffffffff  __TI_prof_data_size           
ffffffff  __TI_prof_data_start          
ffffffff  __binit__                     
ffffffff  __c_args__                    
ffffffff  binit                         
UNDEFED   __mpu_init                    
UNDEFED   _system_post_cinit            

[47 symbols]
