******************************************************************************
                  TI ARM Linker PC v20.2.7                     
******************************************************************************
>> Linked Thu Jul 25 15:58:10 2024

OUTPUT FILE NAME:   <Mongoose_ethernet_2.out>
ENTRY POINT SYMBOL: "_c_int00_noargs"  address: 00000eed


MEMORY CONFIGURATION

         name            origin    length      used     unused   attr    fill
----------------------  --------  ---------  --------  --------  ----  --------
  FLASH                 00000000   00100000  0000149a  000feb66  R  X
  SRAM                  20000000   00040000  000014e5  0003eb1b  RW X


SEGMENT ALLOCATION MAP

run origin  load origin   length   init length attrs members
----------  ----------- ---------- ----------- ----- -------
00000000    00000000    0000149c   0000149c    r-x
  00000000    00000000    00000208   00000208    r-- .intvecs
  00000208    00000208    00000f12   00000f12    r-x .text
  0000111c    0000111c    0000036c   0000036c    r-- .const
  00001488    00001488    00000014   00000014    r-- .cinit
20000000    20000000    000014e8   00000000    rw-
  20000000    20000000    000012e5   00000000    rw- .bss
  200012e8    200012e8    00000200   00000000    rw- .stack


SECTION ALLOCATION MAP

 output                                  attributes/
section   page    origin      length       input sections
--------  ----  ----------  ----------   ----------------
.intvecs   0    00000000    00000208     
                  00000000    00000208     tm4c129encpdt_startup_ccs.obj (.intvecs)

.text      0    00000208    00000f12     
                  00000208    00000580     main.obj (.text)
                  00000788    00000200     driverlib.lib : sysctl.obj (.text:SysCtlClockFreqSet)
                  00000988    00000132                   : gpio.obj (.text:GPIOPadConfigSet)
                  00000aba    0000007a     rtsv7M4_T_le_v4SPD16_eabi.lib : memset_t2.asm.obj (.text)
                  00000b34    00000078     driverlib.lib : emac.obj (.text:EMACInit)
                  00000bac    00000068                   : interrupt.obj (.text:IntEnable)
                  00000c14    00000058                   : emac.obj (.text:EMACPHYConfigSet)
                  00000c6c    00000050                   : sysctl.obj (.text:SysCtlPeripheralReset)
                  00000cbc    00000048                   : gpio.obj (.text:GPIOPinConfigure)
                  00000d04    00000048                   : sysctl.obj (.text:_SysCtlFrequencyGet)
                  00000d4c    00000046                   : uart.obj (.text:UARTConfigSetExpClk)
                  00000d92    00000002     --HOLE-- [fill = 0]
                  00000d94    00000044     rtsv7M4_T_le_v4SPD16_eabi.lib : autoinit.c.obj (.text:__TI_auto_init_nobinit_nopinit:__TI_auto_init_nobinit_nopinit)
                  00000dd8    0000003a     driverlib.lib : emac.obj (.text:EMACIntEnable)
                  00000e12    00000002     --HOLE-- [fill = 0]
                  00000e14    00000038                   : emac.obj (.text:EMACConfigSet)
                  00000e4c    00000038                   : sysctl.obj (.text:SysCtlPeripheralReady)
                  00000e84    00000034                   : emac.obj (.text:EMACIntClear)
                  00000eb8    00000034                   : sysctl.obj (.text:SysCtlPeripheralEnable)
                  00000eec    00000034     rtsv7M4_T_le_v4SPD16_eabi.lib : boot_cortex_m.c.obj (.text:_c_int00_noargs:_c_int00_noargs)
                  00000f20    00000030     driverlib.lib : emac.obj (.text:EMACAddrSet)
                  00000f50    0000002c                   : emac.obj (.text:EMACIntStatus)
                  00000f7c    0000002a                   : gpio.obj (.text:GPIODirModeSet)
                  00000fa6    00000002     --HOLE-- [fill = 0]
                  00000fa8    00000020                   : uart.obj (.text:UARTDisable)
                  00000fc8    00000020                   : sysctl.obj (.text:_SysCtlMemTimingGet)
                  00000fe8    00000018                   : gpio.obj (.text:GPIOPinTypeGPIOOutput)
                  00001000    00000016                   : emac.obj (.text:EMACReset)
                  00001016    00000016                   : emac.obj (.text:EMACRxEnable)
                  0000102c    00000016                   : emac.obj (.text:EMACTxEnable)
                  00001042    00000002     --HOLE-- [fill = 0]
                  00001044    00000014                   : flash.obj (.text:FlashUserGet)
                  00001058    00000014                   : uart.obj (.text:UARTEnable)
                  0000106c    00000012                   : gpio.obj (.text:GPIOPinTypeEthernetLED)
                  0000107e    00000012                   : gpio.obj (.text:GPIOPinTypeGPIOInput)
                  00001090    00000012                   : gpio.obj (.text:GPIOPinTypeUART)
                  000010a2    00000012                   : gpio.obj (.text:GPIOPinTypeUSBAnalog)
                  000010b4    00000012                   : gpio.obj (.text:GPIOPinTypeUSBDigital)
                  000010c6    00000002     --HOLE-- [fill = 0]
                  000010c8    00000010                   : emac.obj (.text:EMACFrameFilterSet)
                  000010d8    0000000c     rtsv7M4_T_le_v4SPD16_eabi.lib : copy_zero_init.c.obj (.text:decompress:ZI:__TI_zero_init)
                  000010e4    0000000c     tm4c129encpdt_startup_ccs.obj (.text)
                  000010f0    0000000a     driverlib.lib : uart.obj (.text:UARTCharPut)
                  000010fa    00000006                   : emac.obj (.text:EMACRxDMADescriptorListSet)
                  00001100    00000006                   : emac.obj (.text:EMACTxDMADescriptorListSet)
                  00001106    00000006                   : gpio.obj (.text:GPIOPinWrite)
                  0000110c    00000006                   : sysctl.obj (.text:SysCtlDelay)
                  00001112    00000004     rtsv7M4_T_le_v4SPD16_eabi.lib : pre_init.c.obj (.text:_system_pre_init)
                  00001116    00000004                                   : exit.c.obj (.text:abort:abort)

.const     0    0000111c    0000036c     
                  0000111c    000001b0     driverlib.lib : sysctl.obj (.const:g_pppui32XTALtoVCO)
                  000012cc    00000090                   : gpio.obj (.const:g_pui32GPIOBaseAddrs)
                  0000135c    00000070                   : interrupt.obj (.const)
                  000013cc    0000006c                   : sysctl.obj (.const:g_pui32Xtals)
                  00001438    00000030                   : sysctl.obj (.const:g_sXTALtoMEMTIM)
                  00001468    00000018                   : emac.obj (.const)
                  00001480    00000008                   : sysctl.obj (.const)

.cinit     0    00001488    00000014     
                  00001488    00000008     (.cinit..bss.load) [load image, compression = zero_init]
                  00001490    00000004     (__TI_handler_table)
                  00001494    00000008     (__TI_cinit_table)

.init_array 
*          0    00000000    00000000     UNINITIALIZED

.bss       0    20000000    000012e5     UNINITIALIZED
                  20000000    00001200     (.common:g_ppui8RxBuffer)
                  20001200    00000060     (.common:g_psRxDescriptor)
                  20001260    00000060     (.common:g_psTxDescriptor)
                  200012c0    00000008     (.common:pui8MACAddr)
                  200012c8    00000004     (.common:g_ui32RxDescIndex)
                  200012cc    00000004     (.common:g_ui32SysClock)
                  200012d0    00000004     (.common:g_ui32TxDescIndex)
                  200012d4    00000004     (.common:ui32Loop)
                  200012d8    00000004     (.common:ui32SysClock)
                  200012dc    00000004     (.common:ui32User0)
                  200012e0    00000004     (.common:ui32User1)
                  200012e4    00000001     (.common:ui8PHYAddr)

.stack     0    200012e8    00000200     UNINITIALIZED
                  200012e8    00000004     rtsv7M4_T_le_v4SPD16_eabi.lib : boot_cortex_m.c.obj (.stack)
                  200012ec    000001fc     --HOLE--

__llvm_prf_cnts 
*          0    20000000    00000000     UNINITIALIZED

MODULE SUMMARY

       Module                          code   ro data   rw data
       ------                          ----   -------   -------
    .\
       main.obj                        1408   0         4837   
       tm4c129encpdt_startup_ccs.obj   12     520       0      
    +--+-------------------------------+------+---------+---------+
       Total:                          1420   520       4837   
                                                               
    ../driverlib.lib
       sysctl.obj                      810    596       0      
       gpio.obj                        540    144       0      
       emac.obj                        560    24        0      
       interrupt.obj                   104    112       0      
       uart.obj                        132    0         0      
       flash.obj                       20     0         0      
    +--+-------------------------------+------+---------+---------+
       Total:                          2166   876       0      
                                                               
    C:\ti\ccs1271\ccs\tools\compiler\ti-cgt-arm_20.2.7.LTS\lib\rtsv7M4_T_le_v4SPD16_eabi.lib
       memset_t2.asm.obj               122    0         0      
       autoinit.c.obj                  68     0         0      
       boot_cortex_m.c.obj             52     0         0      
       copy_zero_init.c.obj            12     0         0      
       exit.c.obj                      4      0         0      
       pre_init.c.obj                  4      0         0      
    +--+-------------------------------+------+---------+---------+
       Total:                          262    0         0      
                                                               
       Stack:                          0      0         512    
       Linker Generated:               0      20        0      
    +--+-------------------------------+------+---------+---------+
       Grand Total:                    3848   1416      5349   


LINKER GENERATED COPY TABLES

__TI_cinit_table @ 00001494 records: 1, size/record: 8, table size: 8
	.bss: load addr=00001488, load size=00000008 bytes, run addr=20000000, run size=000012e5 bytes, compression=zero_init


LINKER GENERATED HANDLER TABLE

__TI_handler_table @ 00001490 records: 1, size/record: 4, table size: 4
	index: 0, handler: __TI_zero_init


GLOBAL SYMBOLS: SORTED ALPHABETICALLY BY Name 

address   name                          
-------   ----                          
00001117  C$$EXIT                       
00000f21  EMACAddrSet                   
00000e15  EMACConfigSet                 
000010c9  EMACFrameFilterSet            
00000b35  EMACInit                      
00000e85  EMACIntClear                  
00000dd9  EMACIntEnable                 
00000f51  EMACIntStatus                 
00000c15  EMACPHYConfigSet              
00001001  EMACReset                     
000010fb  EMACRxDMADescriptorListSet    
00001017  EMACRxEnable                  
00001101  EMACTxDMADescriptorListSet    
0000102d  EMACTxEnable                  
0000043b  EthernetIntHandler            
00001045  FlashUserGet                  
00000f7d  GPIODirModeSet                
00000989  GPIOPadConfigSet              
00000cbd  GPIOPinConfigure              
0000106d  GPIOPinTypeEthernetLED        
0000107f  GPIOPinTypeGPIOInput          
00000fe9  GPIOPinTypeGPIOOutput         
00001091  GPIOPinTypeUART               
000010a3  GPIOPinTypeUSBAnalog          
000010b5  GPIOPinTypeUSBDigital         
00001107  GPIOPinWrite                  
00000465  InitDescriptors               
00000bad  IntEnable                     
0000030d  PinoutSet                     
00000439  ProcessReceivedPacket         
000010e5  ResetISR                      
00000789  SysCtlClockFreqSet            
0000110d  SysCtlDelay                   
00000eb9  SysCtlPeripheralEnable        
00000e4d  SysCtlPeripheralReady         
00000c6d  SysCtlPeripheralReset         
000010f1  UARTCharPut                   
00000d4d  UARTConfigSetExpClk           
00000fa9  UARTDisable                   
00001059  UARTEnable                    
00000299  UARTSend                      
200014e8  __STACK_END                   
00000200  __STACK_SIZE                  
200014e8  __STACK_TOP                   
00001494  __TI_CINIT_Base               
0000149c  __TI_CINIT_Limit              
00001490  __TI_Handler_Table_Base       
00001494  __TI_Handler_Table_Limit      
00000d95  __TI_auto_init_nobinit_nopinit
ffffffff  __TI_pprof_out_hndl           
ffffffff  __TI_prof_data_size           
ffffffff  __TI_prof_data_start          
00000000  __TI_static_base__            
000010d9  __TI_zero_init                
00000abb  __aeabi_memclr                
00000abb  __aeabi_memclr4               
00000abb  __aeabi_memclr8               
00000abd  __aeabi_memset                
00000abd  __aeabi_memset4               
00000abd  __aeabi_memset8               
ffffffff  __binit__                     
ffffffff  __c_args__                    
UNDEFED   __mpu_init                    
200012e8  __stack                       
20000000  __start___llvm_prf_cnts       
20000000  __stop___llvm_prf_cnts        
00000eed  _c_int00_noargs               
UNDEFED   _system_post_cinit            
00001113  _system_pre_init              
00001117  abort                         
ffffffff  binit                         
000005a5  ethernet_init                 
00000000  g_pfnVectors                  
20000000  g_ppui8RxBuffer               
20001200  g_psRxDescriptor              
20001260  g_psTxDescriptor              
200012c8  g_ui32RxDescIndex             
200012cc  g_ui32SysClock                
200012d0  g_ui32TxDescIndex             
00000209  gpio_init                     
00000701  main                          
00000ac3  memset                        
200012c0  pui8MACAddr                   
000002c1  uart_init                     
200012d4  ui32Loop                      
200012d8  ui32SysClock                  
200012dc  ui32User0                     
200012e0  ui32User1                     
200012e4  ui8PHYAddr                    


GLOBAL SYMBOLS: SORTED BY Symbol Address 

address   name                          
-------   ----                          
00000000  __TI_static_base__            
00000000  g_pfnVectors                  
00000200  __STACK_SIZE                  
00000209  gpio_init                     
00000299  UARTSend                      
000002c1  uart_init                     
0000030d  PinoutSet                     
00000439  ProcessReceivedPacket         
0000043b  EthernetIntHandler            
00000465  InitDescriptors               
000005a5  ethernet_init                 
00000701  main                          
00000789  SysCtlClockFreqSet            
00000989  GPIOPadConfigSet              
00000abb  __aeabi_memclr                
00000abb  __aeabi_memclr4               
00000abb  __aeabi_memclr8               
00000abd  __aeabi_memset                
00000abd  __aeabi_memset4               
00000abd  __aeabi_memset8               
00000ac3  memset                        
00000b35  EMACInit                      
00000bad  IntEnable                     
00000c15  EMACPHYConfigSet              
00000c6d  SysCtlPeripheralReset         
00000cbd  GPIOPinConfigure              
00000d4d  UARTConfigSetExpClk           
00000d95  __TI_auto_init_nobinit_nopinit
00000dd9  EMACIntEnable                 
00000e15  EMACConfigSet                 
00000e4d  SysCtlPeripheralReady         
00000e85  EMACIntClear                  
00000eb9  SysCtlPeripheralEnable        
00000eed  _c_int00_noargs               
00000f21  EMACAddrSet                   
00000f51  EMACIntStatus                 
00000f7d  GPIODirModeSet                
00000fa9  UARTDisable                   
00000fe9  GPIOPinTypeGPIOOutput         
00001001  EMACReset                     
00001017  EMACRxEnable                  
0000102d  EMACTxEnable                  
00001045  FlashUserGet                  
00001059  UARTEnable                    
0000106d  GPIOPinTypeEthernetLED        
0000107f  GPIOPinTypeGPIOInput          
00001091  GPIOPinTypeUART               
000010a3  GPIOPinTypeUSBAnalog          
000010b5  GPIOPinTypeUSBDigital         
000010c9  EMACFrameFilterSet            
000010d9  __TI_zero_init                
000010e5  ResetISR                      
000010f1  UARTCharPut                   
000010fb  EMACRxDMADescriptorListSet    
00001101  EMACTxDMADescriptorListSet    
00001107  GPIOPinWrite                  
0000110d  SysCtlDelay                   
00001113  _system_pre_init              
00001117  C$$EXIT                       
00001117  abort                         
00001490  __TI_Handler_Table_Base       
00001494  __TI_CINIT_Base               
00001494  __TI_Handler_Table_Limit      
0000149c  __TI_CINIT_Limit              
20000000  __start___llvm_prf_cnts       
20000000  __stop___llvm_prf_cnts        
20000000  g_ppui8RxBuffer               
20001200  g_psRxDescriptor              
20001260  g_psTxDescriptor              
200012c0  pui8MACAddr                   
200012c8  g_ui32RxDescIndex             
200012cc  g_ui32SysClock                
200012d0  g_ui32TxDescIndex             
200012d4  ui32Loop                      
200012d8  ui32SysClock                  
200012dc  ui32User0                     
200012e0  ui32User1                     
200012e4  ui8PHYAddr                    
200012e8  __stack                       
200014e8  __STACK_END                   
200014e8  __STACK_TOP                   
ffffffff  __TI_pprof_out_hndl           
ffffffff  __TI_prof_data_size           
ffffffff  __TI_prof_data_start          
ffffffff  __binit__                     
ffffffff  __c_args__                    
ffffffff  binit                         
UNDEFED   __mpu_init                    
UNDEFED   _system_post_cinit            

[89 symbols]
